 hdlcodercpu_eml_sfun

 Timestamp is 53067915 (Thu Feb 20 13:52:21 2014)

 Preferred load address is 0000000180000000

 Start         Length     Name                   Class
 0001:00000000 0008ac14H .text                   CODE
 0001:0008ac20 00000092H .text$x                 CODE
 0002:00000000 00000448H .idata$5                DATA
 0002:00000448 00000008H .CRT$XCA                DATA
 0002:00000450 00000008H .CRT$XCZ                DATA
 0002:00000458 00000008H .CRT$XIA                DATA
 0002:00000460 00000008H .CRT$XIAA               DATA
 0002:00000468 00000008H .CRT$XIZ                DATA
 0002:00000470 00004cfcH .rdata                  DATA
 0002:00005170 00000008H .rtc$IAA                DATA
 0002:00005178 00000008H .rtc$IZZ                DATA
 0002:00005180 00000008H .rtc$TAA                DATA
 0002:00005188 00000008H .rtc$TZZ                DATA
 0002:00005190 0000504cH .xdata                  DATA
 0002:0000a1dc 0000008cH .idata$2                DATA
 0002:0000a268 00000014H .idata$3                DATA
 0002:0000a280 00000448H .idata$4                DATA
 0002:0000a6c8 000009c2H .idata$6                DATA
 0002:0000b090 0000005aH .edata                  DATA
 0003:00000000 00018a78H .data                   DATA
 0003:00018a80 000027f8H .bss                    DATA
 0004:00000000 00004800H .pdata                  DATA

  Address         Publics by Value              Rva+Base               Lib:Object

 0000:00000000       ___safe_se_handler_table   0000000000000000     <absolute>
 0000:00000000       ___safe_se_handler_count   0000000000000000     <absolute>
 0000:00000000       __ImageBase                0000000180000000     <linker-defined>
 0001:00000000       sf_c1_hdlcodercpu_eml_get_eml_resolved_functions_info 0000000180001000 f   c1_hdlcodercpu_eml.obj
 0001:00000940       sf_c1_hdlcodercpu_eml_get_check_sum 0000000180001940 f   c1_hdlcodercpu_eml.obj
 0001:000009c0       sf_c1_hdlcodercpu_eml_get_autoinheritance_info 00000001800019c0 f   c1_hdlcodercpu_eml.obj
 0001:00001230       sf_internal_get_sim_state_c1_hdlcodercpu_eml 0000000180002230 f   c1_hdlcodercpu_eml.obj
 0001:000016e0       sf_internal_set_sim_state_c1_hdlcodercpu_eml 00000001800026e0 f   c1_hdlcodercpu_eml.obj
 0001:00001ba0       sf_c1_hdlcodercpu_eml_get_testpoint_info 0000000180002ba0 f   c1_hdlcodercpu_eml.obj
 0001:00001be0       c1_hdlcodercpu_eml_method_dispatcher 0000000180002be0 f   c1_hdlcodercpu_eml.obj
 0001:00004eb0       sf_c2_hdlcodercpu_eml_get_eml_resolved_functions_info 0000000180005eb0 f   c2_hdlcodercpu_eml.obj
 0001:000067e0       sf_c2_hdlcodercpu_eml_get_check_sum 00000001800077e0 f   c2_hdlcodercpu_eml.obj
 0001:00006860       sf_c2_hdlcodercpu_eml_get_autoinheritance_info 0000000180007860 f   c2_hdlcodercpu_eml.obj
 0001:00009140       sf_internal_get_sim_state_c2_hdlcodercpu_eml 000000018000a140 f   c2_hdlcodercpu_eml.obj
 0001:0000b2e0       sf_internal_set_sim_state_c2_hdlcodercpu_eml 000000018000c2e0 f   c2_hdlcodercpu_eml.obj
 0001:0000cee0       sf_c2_hdlcodercpu_eml_get_testpoint_info 000000018000dee0 f   c2_hdlcodercpu_eml.obj
 0001:0000cf20       c2_hdlcodercpu_eml_method_dispatcher 000000018000df20 f   c2_hdlcodercpu_eml.obj
 0001:00020510       sf_c3_hdlcodercpu_eml_get_eml_resolved_functions_info 0000000180021510 f   c3_hdlcodercpu_eml.obj
 0001:00021040       sf_c3_hdlcodercpu_eml_get_check_sum 0000000180022040 f   c3_hdlcodercpu_eml.obj
 0001:000210c0       sf_c3_hdlcodercpu_eml_get_autoinheritance_info 00000001800220c0 f   c3_hdlcodercpu_eml.obj
 0001:00021d10       sf_internal_get_sim_state_c3_hdlcodercpu_eml 0000000180022d10 f   c3_hdlcodercpu_eml.obj
 0001:00022410       sf_internal_set_sim_state_c3_hdlcodercpu_eml 0000000180023410 f   c3_hdlcodercpu_eml.obj
 0001:00022b10       sf_c3_hdlcodercpu_eml_get_testpoint_info 0000000180023b10 f   c3_hdlcodercpu_eml.obj
 0001:00022b50       c3_hdlcodercpu_eml_method_dispatcher 0000000180023b50 f   c3_hdlcodercpu_eml.obj
 0001:000266b0       sf_c4_hdlcodercpu_eml_get_eml_resolved_functions_info 00000001800276b0 f   c4_hdlcodercpu_eml.obj
 0001:00028190       sf_c4_hdlcodercpu_eml_get_check_sum 0000000180029190 f   c4_hdlcodercpu_eml.obj
 0001:00028210       sf_c4_hdlcodercpu_eml_get_autoinheritance_info 0000000180029210 f   c4_hdlcodercpu_eml.obj
 0001:00029390       sf_internal_get_sim_state_c4_hdlcodercpu_eml 000000018002a390 f   c4_hdlcodercpu_eml.obj
 0001:00029a10       sf_internal_set_sim_state_c4_hdlcodercpu_eml 000000018002aa10 f   c4_hdlcodercpu_eml.obj
 0001:0002a0c0       sf_c4_hdlcodercpu_eml_get_testpoint_info 000000018002b0c0 f   c4_hdlcodercpu_eml.obj
 0001:0002a100       c4_hdlcodercpu_eml_method_dispatcher 000000018002b100 f   c4_hdlcodercpu_eml.obj
 0001:00032890       sf_c5_hdlcodercpu_eml_get_eml_resolved_functions_info 0000000180033890 f   c5_hdlcodercpu_eml.obj
 0001:00033580       sf_c5_hdlcodercpu_eml_get_check_sum 0000000180034580 f   c5_hdlcodercpu_eml.obj
 0001:00033600       sf_c5_hdlcodercpu_eml_get_autoinheritance_info 0000000180034600 f   c5_hdlcodercpu_eml.obj
 0001:00033e70       sf_internal_get_sim_state_c5_hdlcodercpu_eml 0000000180034e70 f   c5_hdlcodercpu_eml.obj
 0001:000345c0       sf_internal_set_sim_state_c5_hdlcodercpu_eml 00000001800355c0 f   c5_hdlcodercpu_eml.obj
 0001:00034e40       sf_c5_hdlcodercpu_eml_get_testpoint_info 0000000180035e40 f   c5_hdlcodercpu_eml.obj
 0001:00034e80       c5_hdlcodercpu_eml_method_dispatcher 0000000180035e80 f   c5_hdlcodercpu_eml.obj
 0001:0003e310       sf_c6_hdlcodercpu_eml_get_eml_resolved_functions_info 000000018003f310 f   c6_hdlcodercpu_eml.obj
 0001:0003ebc0       sf_c6_hdlcodercpu_eml_get_check_sum 000000018003fbc0 f   c6_hdlcodercpu_eml.obj
 0001:0003ec40       sf_c6_hdlcodercpu_eml_get_autoinheritance_info 000000018003fc40 f   c6_hdlcodercpu_eml.obj
 0001:0003f5f0       sf_internal_get_sim_state_c6_hdlcodercpu_eml 00000001800405f0 f   c6_hdlcodercpu_eml.obj
 0001:0003fd00       sf_internal_set_sim_state_c6_hdlcodercpu_eml 0000000180040d00 f   c6_hdlcodercpu_eml.obj
 0001:00040420       sf_c6_hdlcodercpu_eml_get_testpoint_info 0000000180041420 f   c6_hdlcodercpu_eml.obj
 0001:00040460       c6_hdlcodercpu_eml_method_dispatcher 0000000180041460 f   c6_hdlcodercpu_eml.obj
 0001:00043cc0       sf_c7_hdlcodercpu_eml_get_eml_resolved_functions_info 0000000180044cc0 f   c7_hdlcodercpu_eml.obj
 0001:00044ab0       sf_c7_hdlcodercpu_eml_get_check_sum 0000000180045ab0 f   c7_hdlcodercpu_eml.obj
 0001:00044b30       sf_c7_hdlcodercpu_eml_get_autoinheritance_info 0000000180045b30 f   c7_hdlcodercpu_eml.obj
 0001:000454e0       sf_internal_get_sim_state_c7_hdlcodercpu_eml 00000001800464e0 f   c7_hdlcodercpu_eml.obj
 0001:00045be0       sf_internal_set_sim_state_c7_hdlcodercpu_eml 0000000180046be0 f   c7_hdlcodercpu_eml.obj
 0001:000462e0       sf_c7_hdlcodercpu_eml_get_testpoint_info 00000001800472e0 f   c7_hdlcodercpu_eml.obj
 0001:00046320       c7_hdlcodercpu_eml_method_dispatcher 0000000180047320 f   c7_hdlcodercpu_eml.obj
 0001:00049fb0       sf_c8_hdlcodercpu_eml_get_eml_resolved_functions_info 000000018004afb0 f   c8_hdlcodercpu_eml.obj
 0001:0004b890       sf_c8_hdlcodercpu_eml_get_check_sum 000000018004c890 f   c8_hdlcodercpu_eml.obj
 0001:0004b910       sf_c8_hdlcodercpu_eml_get_autoinheritance_info 000000018004c910 f   c8_hdlcodercpu_eml.obj
 0001:0004c7f0       sf_internal_get_sim_state_c8_hdlcodercpu_eml 000000018004d7f0 f   c8_hdlcodercpu_eml.obj
 0001:0004ce70       sf_internal_set_sim_state_c8_hdlcodercpu_eml 000000018004de70 f   c8_hdlcodercpu_eml.obj
 0001:0004d520       sf_c8_hdlcodercpu_eml_get_testpoint_info 000000018004e520 f   c8_hdlcodercpu_eml.obj
 0001:0004d560       c8_hdlcodercpu_eml_method_dispatcher 000000018004e560 f   c8_hdlcodercpu_eml.obj
 0001:00052e80       sf_c9_hdlcodercpu_eml_get_eml_resolved_functions_info 0000000180053e80 f   c9_hdlcodercpu_eml.obj
 0001:00053b70       sf_c9_hdlcodercpu_eml_get_check_sum 0000000180054b70 f   c9_hdlcodercpu_eml.obj
 0001:00053bf0       sf_c9_hdlcodercpu_eml_get_autoinheritance_info 0000000180054bf0 f   c9_hdlcodercpu_eml.obj
 0001:000545b0       sf_internal_get_sim_state_c9_hdlcodercpu_eml 00000001800555b0 f   c9_hdlcodercpu_eml.obj
 0001:00054a60       sf_internal_set_sim_state_c9_hdlcodercpu_eml 0000000180055a60 f   c9_hdlcodercpu_eml.obj
 0001:00054f20       sf_c9_hdlcodercpu_eml_get_testpoint_info 0000000180055f20 f   c9_hdlcodercpu_eml.obj
 0001:00054f60       c9_hdlcodercpu_eml_method_dispatcher 0000000180055f60 f   c9_hdlcodercpu_eml.obj
 0001:000580e0       sf_process_check_sum_call  00000001800590e0 f   hdlcodercpu_eml_sfun_registry.obj
 0001:00058130       sf_process_testpoint_info_call 0000000180059130 f   hdlcodercpu_eml_sfun_registry.obj
 0001:00058180       sf_process_autoinheritance_call 0000000180059180 f   hdlcodercpu_eml_sfun_registry.obj
 0001:00058300       sf_process_get_eml_resolved_functions_info_call 0000000180059300 f   hdlcodercpu_eml_sfun_registry.obj
 0001:00058480       sf_mex_unlock_call         0000000180059480 f   hdlcodercpu_eml_sfun_registry.obj
 0001:00058530       sf_machine_global_initializer_called 0000000180059530 f   hdlcodercpu_eml_sfun_registry.obj
 0001:00058560       sf_machine_global_method_dispatcher 0000000180059560 f   hdlcodercpu_eml_sfun_registry.obj
 0001:000585c0       sf_machine_global_terminator 00000001800595c0 f   hdlcodercpu_eml_sfun_registry.obj
 0001:00058600       sf_register_machine_exported_symbols 0000000180059600 f   hdlcodercpu_eml_sfun_registry.obj
 0001:00058620       callCustomFcn              0000000180059620 f   hdlcodercpu_eml_sfun_registry.obj
 0001:00058630       sf_machine_global_initializer 0000000180059630 f   hdlcodercpu_eml_sfun_registry.obj
 0001:000586a0       _ssSetStateAbsTol          00000001800596a0 f   hdlcodercpu_eml_sfun_registry.obj
 0001:00058780       _ssGetAbsTol               0000000180059780 f   hdlcodercpu_eml_sfun_registry.obj
 0001:000587f0       _ssSetInputPortMatrixDimensions 00000001800597f0 f   hdlcodercpu_eml_sfun_registry.obj
 0001:00058900       _ssSetOutputPortMatrixDimensions 0000000180059900 f   hdlcodercpu_eml_sfun_registry.obj
 0001:00058a10       _ssSetInputPortVectorDimension 0000000180059a10 f   hdlcodercpu_eml_sfun_registry.obj
 0001:00058ae0       _ssSetOutputPortVectorDimension 0000000180059ae0 f   hdlcodercpu_eml_sfun_registry.obj
 0001:00058bb0       ssIsRunTimeParamTunable    0000000180059bb0 f   hdlcodercpu_eml_sfun_registry.obj
 0001:00058c20       ssGetSFuncBlockHandle      0000000180059c20 f   hdlcodercpu_eml_sfun_registry.obj
 0001:00058c90       _ssGetCurrentInputPortWidth 0000000180059c90 f   hdlcodercpu_eml_sfun_registry.obj
 0001:00058db0       _ssGetCurrentOutputPortWidth 0000000180059db0 f   hdlcodercpu_eml_sfun_registry.obj
 0001:00058ed0       _ssGetCallSystemNumFcnCallDestinations 0000000180059ed0 f   hdlcodercpu_eml_sfun_registry.obj
 0001:00058f40       ssWarning                  0000000180059f40 f   hdlcodercpu_eml_sfun_registry.obj
 0001:00059050       ssGetIsZeroCrossControlDisabled 000000018005a050 f   hdlcodercpu_eml_sfun_registry.obj
 0001:000590c0       ssSetIsInputPortUsedForContZcSignal 000000018005a0c0 f   hdlcodercpu_eml_sfun_registry.obj
 0001:00059130       ssSetZcSignalIsZcElementDisc 000000018005a130 f   hdlcodercpu_eml_sfun_registry.obj
 0001:000591e0       ssSetZcSignalName          000000018005a1e0 f   hdlcodercpu_eml_sfun_registry.obj
 0001:00059250       ssSetZcSignalWidth         000000018005a250 f   hdlcodercpu_eml_sfun_registry.obj
 0001:000592c0       ssSetZcSignalZcEventType   000000018005a2c0 f   hdlcodercpu_eml_sfun_registry.obj
 0001:00059330       ssSetZcSignalType          000000018005a330 f   hdlcodercpu_eml_sfun_registry.obj
 0001:000593a0       ssSetZcSignalZcTol         000000018005a3a0 f   hdlcodercpu_eml_sfun_registry.obj
 0001:00059410       ssSetZcSignalNeedsEventNotification 000000018005a410 f   hdlcodercpu_eml_sfun_registry.obj
 0001:00059480       ssCreateAndAddZcSignalInfo 000000018005a480 f   hdlcodercpu_eml_sfun_registry.obj
 0001:000594f0       ssCloneAndAddZcSignalInfo  000000018005a4f0 f   hdlcodercpu_eml_sfun_registry.obj
 0001:00059560       ssGetNumZcSignals          000000018005a560 f   hdlcodercpu_eml_sfun_registry.obj
 0001:000595d0       ssGetZcSignalVector        000000018005a5d0 f   hdlcodercpu_eml_sfun_registry.obj
 0001:00059640       ssGetZcSignalZcEvents      000000018005a640 f   hdlcodercpu_eml_sfun_registry.obj
 0001:000596b0       ssGetZcSignalName          000000018005a6b0 f   hdlcodercpu_eml_sfun_registry.obj
 0001:00059720       ssGetZcSignalWidth         000000018005a720 f   hdlcodercpu_eml_sfun_registry.obj
 0001:00059790       ssGetZcSignalZcEventType   000000018005a790 f   hdlcodercpu_eml_sfun_registry.obj
 0001:00059800       ssGetZcSignalType          000000018005a800 f   hdlcodercpu_eml_sfun_registry.obj
 0001:00059870       ssGetZcSignalZcTol         000000018005a870 f   hdlcodercpu_eml_sfun_registry.obj
 0001:000598f0       ssGetZcSignalNeedsEventNotification 000000018005a8f0 f   hdlcodercpu_eml_sfun_registry.obj
 0001:00059960       ssGetZcSignalIsZcElementDisc 000000018005a960 f   hdlcodercpu_eml_sfun_registry.obj
 0001:00059a00       ssGetIsInputPortElementContinuous 000000018005aa00 f   hdlcodercpu_eml_sfun_registry.obj
 0001:00059aa0       _ssGetInputPortSignalPtrsFcn 000000018005aaa0 f   hdlcodercpu_eml_sfun_registry.obj
 0001:00059d60       _ssGetInputPortSignalFcn   000000018005ad60 f   hdlcodercpu_eml_sfun_registry.obj
 0001:00059f80       _ssSetInputPortDirectFeedThroughFcn 000000018005af80 f   hdlcodercpu_eml_sfun_registry.obj
 0001:0005a0e0       _ssSetInputPortReusableFcn 000000018005b0e0 f   hdlcodercpu_eml_sfun_registry.obj
 0001:0005a1d0       _ssSetOutputPortReusableFcn 000000018005b1d0 f   hdlcodercpu_eml_sfun_registry.obj
 0001:0005a2b0       ssGetDTypeIdFromMxArray    000000018005b2b0 f   hdlcodercpu_eml_sfun_registry.obj
 0001:0005a3d0       ssWriteRTWStr              000000018005b3d0 f   hdlcodercpu_eml_sfun_registry.obj
 0001:0005a430       ssWriteRTWMxVectParam      000000018005b430 f   hdlcodercpu_eml_sfun_registry.obj
 0001:0005a490       ssWriteRTWMx2dMatParam     000000018005b490 f   hdlcodercpu_eml_sfun_registry.obj
 0001:0005a510       ssWriteRTWNameValuePair    000000018005b510 f   hdlcodercpu_eml_sfun_registry.obj
 0001:0005aa00       ssWriteRTWParameters       000000018005ba00 f   hdlcodercpu_eml_sfun_registry.obj
 0001:0005b000       ssWriteRTWParamSettings    000000018005c000 f   hdlcodercpu_eml_sfun_registry.obj
 0001:0005b6d0       ssWriteRTWWorkVect         000000018005c6d0 f   hdlcodercpu_eml_sfun_registry.obj
 0001:0005bbd0       mexFunction                000000018005cbd0 f   hdlcodercpu_eml_sfun_registry.obj
 0001:0005d830       ProcessMexSfunctionEveryCall 000000018005e830 f   hdlcodercpu_eml_sfun_registry.obj
 0001:0005d9a0       hdlcodercpu_eml_initializer 000000018005e9a0 f   hdlcodercpu_eml_sfun.obj
 0001:0005d9b0       hdlcodercpu_eml_terminator 000000018005e9b0 f   hdlcodercpu_eml_sfun.obj
 0001:0005d9c0       sf_hdlcodercpu_eml_method_dispatcher 000000018005e9c0 f   hdlcodercpu_eml_sfun.obj
 0001:0005db20       sf_hdlcodercpu_eml_process_testpoint_info_call 000000018005eb20 f   hdlcodercpu_eml_sfun.obj
 0001:0005dd80       sf_hdlcodercpu_eml_process_check_sum_call 000000018005ed80 f   hdlcodercpu_eml_sfun.obj
 0001:0005e250       sf_hdlcodercpu_eml_autoinheritance_info 000000018005f250 f   hdlcodercpu_eml_sfun.obj
 0001:0005e410       sf_hdlcodercpu_eml_get_eml_resolved_functions_info 000000018005f410 f   hdlcodercpu_eml_sfun.obj
 0001:0005e740       hdlcodercpu_eml_debug_initialize 000000018005f740 f   hdlcodercpu_eml_sfun.obj
 0001:0005e7b0       hdlcodercpu_eml_register_exported_symbols 000000018005f7b0 f   hdlcodercpu_eml_sfun.obj
 0001:0005e860       sf_mex_mx_is_numeric       000000018005f860 f   sfc_mex:sfc_mex.obj
 0001:0005e8a0       strcmp_ignore_ws           000000018005f8a0 f   sfc_mex:sfc_mex.obj
 0001:0005e9e0       sf_mex_duplicatearraysafe  000000018005f9e0 f   sfc_mex:sfc_mex.obj
 0001:0005eb40       sf_set_error_debugger_context_message_fcn 000000018005fb40 f   sfc_mex:sfc_mex.obj
 0001:0005eb50       sf_set_debugger_matlab_error_fcn 000000018005fb50 f   sfc_mex:sfc_mex.obj
 0001:0005eb80       sf_set_error_prefix_string 000000018005fb80 f   sfc_mex:sfc_mex.obj
 0001:0005ebb0       sf_get_error_prefix_string 000000018005fbb0 f   sfc_mex:sfc_mex.obj
 0001:0005ebc0       sf_get_current_jmp_buf_ptr 000000018005fbc0 f   sfc_mex:sfc_mex.obj
 0001:0005ebd0       sf_set_current_jmp_buf_ptr 000000018005fbd0 f   sfc_mex:sfc_mex.obj
 0001:0005ebe0       sf_mex_set_halt_simulation 000000018005fbe0 f   sfc_mex:sfc_mex.obj
 0001:0005ebf0       sf_mex_get_halt_simulation 000000018005fbf0 f   sfc_mex:sfc_mex.obj
 0001:0005ec00       sf_mex_clear_error_message 000000018005fc00 f   sfc_mex:sfc_mex.obj
 0001:0005ec20       sf_mex_get_error_message_for_read 000000018005fc20 f   sfc_mex:sfc_mex.obj
 0001:0005ec30       sf_mex_get_error_message_buffer_length 000000018005fc30 f   sfc_mex:sfc_mex.obj
 0001:0005ed10       sf_mex_warning_message     000000018005fd10 f   sfc_mex:sfc_mex.obj
 0001:0005ed80       sf_mex_v_errbuf_createf    000000018005fd80 f   sfc_mex:sfc_mex.obj
 0001:0005ed90       sf_mex_errbuf_createf      000000018005fd90 f   sfc_mex:sfc_mex.obj
 0001:0005edc0       sf_mex_v_errbuf_catf       000000018005fdc0 f   sfc_mex:sfc_mex.obj
 0001:0005ee00       sf_mex_errbuf_catf         000000018005fe00 f   sfc_mex:sfc_mex.obj
 0001:0005ee50       sf_mex_errbuf_copy         000000018005fe50 f   sfc_mex:sfc_mex.obj
 0001:0005ee60       sf_mex_errbuf_clear        000000018005fe60 f   sfc_mex:sfc_mex.obj
 0001:0005ee70       sf_mex_errbuf_isempty      000000018005fe70 f   sfc_mex:sfc_mex.obj
 0001:0005ef80       sf_mex_set_error_status    000000018005ff80 f   sfc_mex:sfc_mex.obj
 0001:0005efd0       sf_mex_error_direct_call   000000018005ffd0 f   sfc_mex:sfc_mex.obj
 0001:0005eff0       sf_mex_error_message_no_long_jump 000000018005fff0 f   sfc_mex:sfc_mex.obj
 0001:0005f010       sf_mex_long_jump_on_error  0000000180060010 f   sfc_mex:sfc_mex.obj
 0001:0005f040       sf_mex_call_matlab         0000000180060040 f   sfc_mex:sfc_mex.obj
 0001:0005f160       sf_mex_check_builtin       0000000180060160 f   sfc_mex:sfc_mex.obj
 0001:0005f1a0       sf_mex_check_builtin_vs    00000001800601a0 f   sfc_mex:sfc_mex.obj
 0001:0005f200       sf_mex_check_enum          0000000180060200 f   sfc_mex:sfc_mex.obj
 0001:0005f230       sf_mex_create_enum         0000000180060230 f   sfc_mex:sfc_mex.obj
 0001:0005f250       sf_mex_get_enum_element    0000000180060250 f   sfc_mex:sfc_mex.obj
 0001:0005f260       sf_mex_createcellarray     0000000180060260 f   sfc_mex:sfc_mex.obj
 0001:0005f270       sf_mex_setcell             0000000180060270 f   sfc_mex:sfc_mex.obj
 0001:0005f280       sf_mex_getcell             0000000180060280 f   sfc_mex:sfc_mex.obj
 0001:0005f290       sf_mex_dup                 0000000180060290 f   sfc_mex:sfc_mex.obj
 0001:0005f2b0       sf_mex_assign              00000001800602b0 f   sfc_mex:sfc_mex.obj
 0001:0005f310       sf_mex_destroy             0000000180060310 f   sfc_mex:sfc_mex.obj
 0001:0005f340       mx_array_has_fi_type       0000000180060340 f   sfc_mex:sfc_mex.obj
 0001:0005f370       sf_mex_convert_from_fi     0000000180060370 f   sfc_mex:sfc_mex.obj
 0001:0005f420       sf_mex_convert_to_double   0000000180060420 f   sfc_mex:sfc_mex.obj
 0001:0005f540       sf_mex_import_fi_vs        0000000180060540 f   sfc_mex:sfc_mex.obj
 0001:0005f700       sf_matrix_matrix_index_ok  0000000180060700 f   sfc_mex:sfc_mex.obj
 0001:0005f790       sf_vector_vector_index_ok  0000000180060790 f   sfc_mex:sfc_mex.obj
 0001:0005f7c0       ssGetCurrentInputPortDimensions_wrapper 00000001800607c0 f   sfc_mex:sfc_mex.obj
 0001:0005f7e0       ssGetCurrentOutputPortDimensions_wrapper 00000001800607e0 f   sfc_mex:sfc_mex.obj
 0001:0005f800       sf_mex_emlrt_context_is_debug_mode 0000000180060800 f   sfc_mex:sfc_mex.obj
 0001:0005f810       sf_mex_emlrt_context_set_debug_mode 0000000180060810 f   sfc_mex:sfc_mex.obj
 0001:0005f880       sf_clear_error_manager_info 0000000180060880 f   sfc_mex:sfc_mex.obj
 0001:0005f8d0       sf_mex_stop_simulation_abruptly_wo_error 00000001800608d0 f   sfc_mex:sfc_mex.obj
 0001:0005f910       sf_mex_error_message       0000000180060910 f   sfc_mex:sfc_mex.obj
 0001:0005f970       sf_react_to_error_in_matlab_call 0000000180060970 f   sfc_mex:sfc_mex.obj
 0001:0005f9a0       sf_mex_addfield            00000001800609a0 f   sfc_mex:sfc_mex.obj
 0001:0005fa40       sf_mex_getfield            0000000180060a40 f   sfc_mex:sfc_mex.obj
 0001:0005fd40       sf_mex_check_class         0000000180060d40 f   sfc_mex:sfc_mex.obj
 0001:0005fe30       sf_mex_is_real             0000000180060e30 f   sfc_mex:sfc_mex.obj
 0001:000602a0       sf_mex_decode_encoded_mx_struct_array 00000001800612a0 f   sfc_mex:sfc_mex.obj
 0001:00060580       sf_mex_lw_bounds_check     0000000180061580 f   sfc_mex:sfc_mex.obj
 0001:000605b0       sf_mex_lw_size_eq_check_1d 00000001800615b0 f   sfc_mex:sfc_mex.obj
 0001:000605d0       sf_mex_lw_size_eq_check_nd 00000001800615d0 f   sfc_mex:sfc_mex.obj
 0001:000607b0       sf_mex_lw_dim_size_eq_check 00000001800617b0 f   sfc_mex:sfc_mex.obj
 0001:000607e0       sf_mex_lw_dim_size_geq_check 00000001800617e0 f   sfc_mex:sfc_mex.obj
 0001:00060810       sf_mex_lw_sub_assign_size_check_nd 0000000180061810 f   sfc_mex:sfc_mex.obj
 0001:00060a40       sf_mex_lw_runtime_error_msgid 0000000180061a40 f   sfc_mex:sfc_mex.obj
 0001:00060b30       sf_mex_lw_matrix_matrix_index_check 0000000180061b30 f   sfc_mex:sfc_mex.obj
 0001:00060b50       sf_mex_lw_vector_vector_index_check 0000000180061b50 f   sfc_mex:sfc_mex.obj
 0001:00060b90       sf_mex_lw_non_negative_check 0000000180061b90 f   sfc_mex:sfc_mex.obj
 0001:00060bd0       sf_mex_overflow_error      0000000180061bd0 f   sfc_mex:sfc_mex.obj
 0001:00060be0       sf_mex_dividebyzero_error  0000000180061be0 f   sfc_mex:sfc_mex.obj
 0001:00060bf0       sf_mex_unsafe_enum_error   0000000180061bf0 f   sfc_mex:sfc_mex.obj
 0001:00060c00       sf_emlrtErrHandler         0000000180061c00 f   sfc_mex:sfc_mex.obj
 0001:00060cc0       sf_mex_printf              0000000180061cc0 f   sfc_mex:sfc_mex.obj
 0001:00060e50       sf_mex_check_size          0000000180061e50 f   sfc_mex:sfc_mex.obj
 0001:00061120       sf_mex_check_struct        0000000180062120 f   sfc_mex:sfc_mex.obj
 0001:00061380       sf_mex_check_struct_vs     0000000180062380 f   sfc_mex:sfc_mex.obj
 0001:00061410       sf_mex_check_fi            0000000180062410 f   sfc_mex:sfc_mex.obj
 0001:00061510       sf_mex_check_fi_vs         0000000180062510 f   sfc_mex:sfc_mex.obj
 0001:000615b0       sf_echo_expression         00000001800625b0 f   sfc_mex:sfc_mex.obj
 0001:00061610       sf_assertion_failed        0000000180062610 f   sfc_mex:sfc_mex.obj
 0001:000618f0       sf_mex_evalin              00000001800628f0 f   sfc_mex:sfc_mex.obj
 0001:00061b60       sf_mex_export              0000000180062b60 f   sfc_mex:sfc_mex.obj
 0001:00061c20       sf_mex_get_ml_var_no_error 0000000180062c20 f   sfc_mex:sfc_mex.obj
 0001:00061dc0       sf_mex_get_ml_var          0000000180062dc0 f   sfc_mex:sfc_mex.obj
 0001:00062260       ml_set_element_value_in_array 0000000180063260 f   sfc_mex:sfc_mex.obj
 0001:00063930       sf_mex_call_impl           0000000180064930 f   sfc_mex:sfc_mex.obj
 0001:00063e60       sf_mex_call_debug          0000000180064e60 f   sfc_mex:sfc_mex.obj
 0001:00063e90       sf_mex_call                0000000180064e90 f   sfc_mex:sfc_mex.obj
 0001:000644e0       sf_mex_createstruct        00000001800654e0 f   sfc_mex:sfc_mex.obj
 0001:000645d0       sf_mex_createstructarray   00000001800655d0 f   sfc_mex:sfc_mex.obj
 0001:00064650       sf_mex_get_mx_datatype_from_sf_datatype 0000000180065650 f   sfc_mex:sfc_mex.obj
 0001:00064960       sf_mex_ml_var_sub          0000000180065960 f   sfc_mex:sfc_mex.obj
 0001:00064b30       sf_mex_ml_var_subsasgn     0000000180065b30 f   sfc_mex:sfc_mex.obj
 0001:00064f20       sf_mex_sub                 0000000180065f20 f   sfc_mex:sfc_mex.obj
 0001:00065120       sf_mex_subsasgn            0000000180066120 f   sfc_mex:sfc_mex.obj
 0001:00065600       sf_mex_create              0000000180066600 f   sfc_mex:sfc_mex.obj
 0001:00066050       sf_mex_import_named        0000000180067050 f   sfc_mex:sfc_mex.obj
 0001:000660b0       sf_mex_import              00000001800670b0 f   sfc_mex:sfc_mex.obj
 0001:00066100       sf_mex_import_vs           0000000180067100 f   sfc_mex:sfc_mex.obj
 0001:00066210       sf_mex_lower_fixpt_mx_array 0000000180067210 f   sfc_mex:sfc_mex.obj
 0001:00066800       sim_mode_is_rtw_gen        0000000180067800 f   sfc_mex:sfc_sf.obj
 0001:00066830       sim_mode_is_external       0000000180067830 f   sfc_mex:sfc_sf.obj
 0001:00066840       sim_mode_is_modelref_sim   0000000180067840 f   sfc_mex:sfc_sf.obj
 0001:00066860       mdlInitializeSizes         0000000180067860 f   sfc_mex:sfc_sf.obj
 0001:00066880       mdlInitializeSampleTimes   0000000180067880 f   sfc_mex:sfc_sf.obj
 0001:000668c0       mdlZeroCrossings           00000001800678c0 f   sfc_mex:sfc_sf.obj
 0001:000669a0       mdlDerivatives             00000001800679a0 f   sfc_mex:sfc_sf.obj
 0001:00066a50       mdl_initialize_conditions_processing 0000000180067a50 f   sfc_mex:sfc_sf.obj
 0001:00066a80       mdlInitializeConditions    0000000180067a80 f   sfc_mex:sfc_sf.obj
 0001:00066b40       mdlGetSimState             0000000180067b40 f   sfc_mex:sfc_sf.obj
 0001:00066b50       mdlSetSimState             0000000180067b50 f   sfc_mex:sfc_sf.obj
 0001:00066b60       mdl_ext_mode_exec_processing 0000000180067b60 f   sfc_mex:sfc_sf.obj
 0001:00066b80       mdlExtModeExec             0000000180067b80 f   sfc_mex:sfc_sf.obj
 0001:00066d10       mdlTerminate               0000000180067d10 f   sfc_mex:sfc_sf.obj
 0001:00066d80       mdlRTW                     0000000180067d80 f   sfc_mex:sfc_sf.obj
 0001:00066db0       mdlSetWorkWidths           0000000180067db0 f   sfc_mex:sfc_sf.obj
 0001:00066dc0       mdlProcessParameters       0000000180067dc0 f   sfc_mex:sfc_sf.obj
 0001:00066dd0       mdl_start_processing       0000000180067dd0 f   sfc_mex:sfc_sf.obj
 0001:00066e10       mdlStart                   0000000180067e10 f   sfc_mex:sfc_sf.obj
 0001:00066f00       mdlEnable                  0000000180067f00 f   sfc_mex:sfc_sf.obj
 0001:00066fd0       mdlDisable                 0000000180067fd0 f   sfc_mex:sfc_sf.obj
 0001:00067080       sf_get_chart_instance_ptr  0000000180068080 f   sfc_mex:sfc_sf.obj
 0001:000670a0       sf_rtw_info_uint_prop      00000001800680a0 f   sfc_mex:sfc_sf.obj
 0001:00067210       sf_is_chart_inlinable      0000000180068210 f   sfc_mex:sfc_sf.obj
 0001:00067230       sf_mark_output_events_with_multiple_callers 0000000180068230 f   sfc_mex:sfc_sf.obj
 0001:000673f0       sf_mark_chart_reusable_outputs 00000001800683f0 f   sfc_mex:sfc_sf.obj
 0001:00067670       sf_mark_chart_expressionable_inputs 0000000180068670 f   sfc_mex:sfc_sf.obj
 0001:000679d0       sf_get_subchart_simstruct  00000001800689d0 f   sfc_mex:sfc_sf.obj
 0001:00067a20       sf_write_symbol_mapping    0000000180068a20 f   sfc_mex:sfc_sf.obj
 0001:00067c70       sf_get_fixpt_data_type_id  0000000180068c70 f   sfc_mex:sfc_sf.obj
 0001:00067cb0       sf_get_enum_data_type_id   0000000180068cb0 f   sfc_mex:sfc_sf.obj
 0001:00067cf0       sf_get_param_data_type_id  0000000180068cf0 f   sfc_mex:sfc_sf.obj
 0001:00067d20       sf_mex_listen_for_ctrl_c_force 0000000180068d20 f   sfc_mex:sfc_sf.obj
 0001:00067e30       sf_mex_draw_now            0000000180068e30 f   sfc_mex:sfc_sf.obj
 0001:00067e70       sf_mex_set_debugger_sim_status_listener_fcn 0000000180068e70 f   sfc_mex:sfc_sf.obj
 0001:00067e80       sf_mex_listen_for_ctrl_c   0000000180068e80 f   sfc_mex:sfc_sf.obj
 0001:00067f10       sf_mex_get_sfun_param      0000000180068f10 f   sfc_mex:sfc_sf.obj
 0001:00067f60       sf_get_runtime_param_data  0000000180068f60 f   sfc_mex:sfc_sf.obj
 0001:00067fa0       sf_call_output_fcn_call    0000000180068fa0 f   sfc_mex:sfc_sf.obj
 0001:000680e0       sf_call_output_fcn_enable  00000001800690e0 f   sfc_mex:sfc_sf.obj
 0001:00068170       sf_call_output_fcn_disable 0000000180069170 f   sfc_mex:sfc_sf.obj
 0001:00068200       sf_clear_rtw_identifier    0000000180069200 f   sfc_mex:sfc_sf.obj
 0001:000689f0       sf_set_encoded_dwork_info  00000001800699f0 f   sfc_mex:sfc_sf.obj
 0001:00068a40       sf_get_dwork_info_from_mat_file 0000000180069a40 f   sfc_mex:sfc_sf.obj
 0001:00068c30       sf_set_rtw_dwork_info      0000000180069c30 f   sfc_mex:sfc_sf.obj
 0001:00068da0       mdlOutputs                 0000000180069da0 f   sfc_mex:sfc_sf.obj
 0001:00068f40       sf_debug_disp              0000000180069f40 f   sfc_debug:sfcdebug.obj
 0001:000691a0       sf_debug_data_runtime_size_mismatch_error_check 000000018006a1a0 f   sfc_debug:sfcdebug.obj
 0001:00069240       sf_debug_try_loading_machine 000000018006a240 f   sfc_debug:sfcdebug.obj
 0001:00069340       sf_debug_reset_current_state_configuration 000000018006a340 f   sfc_debug:sfcdebug.obj
 0001:000693d0       sf_debug_store_current_state_configuration 000000018006a3d0 f   sfc_debug:sfcdebug.obj
 0001:00069460       sf_debug_restore_previous_state_configuration 000000018006a460 f   sfc_debug:sfcdebug.obj
 0001:000694f0       sf_debug_restore_previous_state_configuration2 000000018006a4f0 f   sfc_debug:sfcdebug.obj
 0001:00069580       sf_debug_get_event_scope   000000018006a580 f   sfc_debug:sfcdebug.obj
 0001:000696f0       use_debugger_step_animation 000000018006a6f0 f   sfc_debug:sfcdebug.obj
 0001:00069710       sf_debug_get_script_id     000000018006a710 f   sfc_debug:sfcdebug.obj
 0001:000697a0       sf_debug_set_script_translation 000000018006a7a0 f   sfc_debug:sfcdebug.obj
 0001:00069860       sf_debug_get_current_machine_id 000000018006a860 f   sfc_debug:sfcdebug.obj
 0001:00069880       sf_debug_get_current_optional_integer 000000018006a880 f   sfc_debug:sfcdebug.obj
 0001:00069890       sf_debug_get_current_machine_number 000000018006a890 f   sfc_debug:sfcdebug.obj
 0001:000698b0       sf_debug_get_current_machine_name 000000018006a8b0 f   sfc_debug:sfcdebug.obj
 0001:000698d0       sf_debug_get_current_chart_id 000000018006a8d0 f   sfc_debug:sfcdebug.obj
 0001:00069920       sf_debug_get_current_chart_number 000000018006a920 f   sfc_debug:sfcdebug.obj
 0001:00069930       sf_debug_get_current_instance_number 000000018006a930 f   sfc_debug:sfcdebug.obj
 0001:00069940       sf_debug_get_current_is_minor_time_step 000000018006a940 f   sfc_debug:sfcdebug.obj
 0001:000699c0       sf_debug_get_current_object_type 000000018006a9c0 f   sfc_debug:sfcdebug.obj
 0001:000699d0       sf_debug_get_current_instance_handle 000000018006a9d0 f   sfc_debug:sfcdebug.obj
 0001:00069a30       sf_debug_get_current_event_type 000000018006aa30 f   sfc_debug:sfcdebug.obj
 0001:00069a40       sf_debug_get_current_object_id 000000018006aa40 f   sfc_debug:sfcdebug.obj
 0001:00069a80       sf_debug_get_current_active_event_type 000000018006aa80 f   sfc_debug:sfcdebug.obj
 0001:00069a90       sf_debug_get_current_active_event_id 000000018006aa90 f   sfc_debug:sfcdebug.obj
 0001:00069ad0       sf_debug_get_current_tag_type 000000018006aad0 f   sfc_debug:sfcdebug.obj
 0001:00069ae0       sf_debug_get_current_simulation_time 000000018006aae0 f   sfc_debug:sfcdebug.obj
 0001:00069af0       sf_debug_get_current_coverage_percentage 000000018006aaf0 f   sfc_debug:sfcdebug.obj
 0001:00069b00       sf_debug_current_statement_context 000000018006ab00 f   sfc_debug:sfcdebug.obj
 0001:00069b90       sf_debug_get_current_statement_info 000000018006ab90 f   sfc_debug:sfcdebug.obj
 0001:00069d10       sf_debug_terminate_instance 000000018006ad10 f   sfc_debug:sfcdebug.obj
 0001:0006a020       sf_debug_assertion_failed  000000018006b020 f   sfc_debug:sfcdebug.obj
 0001:0006a1d0       sf_debug_set_number_of_data_with_change_event_for_machine 000000018006b1d0 f   sfc_debug:sfcdebug.obj
 0001:0006a210       sf_debug_set_machine_event_thresholds 000000018006b210 f   sfc_debug:sfcdebug.obj
 0001:0006a230       sf_debug_set_machine_event_scope 000000018006b230 f   sfc_debug:sfcdebug.obj
 0001:0006a270       sf_debug_set_machine_data_thresholds 000000018006b270 f   sfc_debug:sfcdebug.obj
 0001:0006a2b0       sf_debug_set_machine_data_scope 000000018006b2b0 f   sfc_debug:sfcdebug.obj
 0001:0006a340       sf_debug_set_machine_data_name 000000018006b340 f   sfc_debug:sfcdebug.obj
 0001:0006a3e0       sf_debug_set_machine_data_size 000000018006b3e0 f   sfc_debug:sfcdebug.obj
 0001:0006a520       sf_debug_set_machine_data_type 000000018006b520 f   sfc_debug:sfcdebug.obj
 0001:0006a690       sf_debug_get_chart_data_number 000000018006b690 f   sfc_debug:sfcdebug.obj
 0001:0006a6b0       sf_debug_get_chart_event_number 000000018006b6b0 f   sfc_debug:sfcdebug.obj
 0001:0006a6d0       sf_debug_set_chart_state_info 000000018006b6d0 f   sfc_debug:sfcdebug.obj
 0001:0006a750       sf_debug_set_chart_decomposition 000000018006b750 f   sfc_debug:sfcdebug.obj
 0001:0006a7c0       sf_debug_set_chart_substate_count 000000018006b7c0 f   sfc_debug:sfcdebug.obj
 0001:0006a8a0       sf_debug_set_chart_substate_index 000000018006b8a0 f   sfc_debug:sfcdebug.obj
 0001:0006a910       sf_debug_set_chart_state_substate_count 000000018006b910 f   sfc_debug:sfcdebug.obj
 0001:0006aa20       sf_debug_set_chart_state_substate_index 000000018006ba20 f   sfc_debug:sfcdebug.obj
 0001:0006aaa0       sf_debug_set_number_of_data_with_change_event_for_chart 000000018006baa0 f   sfc_debug:sfcdebug.obj
 0001:0006ab20       sf_debug_set_number_of_states_with_entry_event_for_chart 000000018006bb20 f   sfc_debug:sfcdebug.obj
 0001:0006ab90       sf_debug_set_number_of_states_with_exit_event_for_chart 000000018006bb90 f   sfc_debug:sfcdebug.obj
 0001:0006ac00       sf_debug_set_chart_disable_implicit_casting 000000018006bc00 f   sfc_debug:sfcdebug.obj
 0001:0006ac70       sf_debug_set_chart_event_thresholds 000000018006bc70 f   sfc_debug:sfcdebug.obj
 0001:0006ace0       sf_debug_set_chart_data_compiled_props 000000018006bce0 f   sfc_debug:sfcdebug.obj
 0001:0006b030       sf_debug_set_chart_data_props 000000018006c030 f   sfc_debug:sfcdebug.obj
 0001:0006b350       sf_debug_check_fi_license  000000018006c350 f   sfc_debug:sfcdebug.obj
 0001:0006b540       sf_debug_symbol_scope_push 000000018006c540 f   sfc_debug:sfcdebug.obj
 0001:0006b580       sf_debug_symbol_scope_push_eml 000000018006c580 f   sfc_debug:sfcdebug.obj
 0001:0006b5d0       sf_debug_symbol_scope_pop  000000018006c5d0 f   sfc_debug:sfcdebug.obj
 0001:0006b610       sf_debug_symbol_scope_add_importable 000000018006c610 f   sfc_debug:sfcdebug.obj
 0001:0006b690       sf_debug_symbol_scope_add  000000018006c690 f   sfc_debug:sfcdebug.obj
 0001:0006b710       sf_debug_symbol_scope_add_dyn_importable 000000018006c710 f   sfc_debug:sfcdebug.obj
 0001:0006b7d0       sf_debug_symbol_scope_add_dyn 000000018006c7d0 f   sfc_debug:sfcdebug.obj
 0001:0006b800       sf_debug_symbol_scope_add_eml_importable 000000018006c800 f   sfc_debug:sfcdebug.obj
 0001:0006b840       sf_debug_symbol_scope_add_eml 000000018006c840 f   sfc_debug:sfcdebug.obj
 0001:0006b880       sf_debug_symbol_scope_add_eml_dyn_importable 000000018006c880 f   sfc_debug:sfcdebug.obj
 0001:0006b8f0       sf_debug_symbol_scope_add_eml_dyn 000000018006c8f0 f   sfc_debug:sfcdebug.obj
 0001:0006b950       sf_debug_symbol_switch     000000018006c950 f   sfc_debug:sfcdebug.obj
 0001:0006b970       sf_debug_symbol_scope_add_verbose 000000018006c970 f   sfc_debug:sfcdebug.obj
 0001:0006ba40       sf_debug_set_machine_data_value_ptr 000000018006ca40 f   sfc_debug:sfcdebug.obj
 0001:0006ba80       sf_debug_set_instance_data_value_ptr 000000018006ca80 f   sfc_debug:sfcdebug.obj
 0001:0006bb40       sf_debug_unset_instance_data_value_ptr 000000018006cb40 f   sfc_debug:sfcdebug.obj
 0001:0006bbf0       sf_debug_set_chart_event_scope 000000018006cbf0 f   sfc_debug:sfcdebug.obj
 0001:0006bc70       sf_debug_set_chart_transition_coverage_maps 000000018006cc70 f   sfc_debug:sfcdebug.obj
 0001:0006bd80       sf_debug_set_chart_state_coverage_maps 000000018006cd80 f   sfc_debug:sfcdebug.obj
 0001:0006be60       sf_debug_set_instance_transition_coverage_weights 000000018006ce60 f   sfc_debug:sfcdebug.obj
 0001:0006bf00       sf_debug_set_instance_state_coverage_weights 000000018006cf00 f   sfc_debug:sfcdebug.obj
 0001:0006c150       sf_debug_unload_machine    000000018006d150 f   sfc_debug:sfcdebug.obj
 0001:0006c1a0       sf_debug_load_machine      000000018006d1a0 f   sfc_debug:sfcdebug.obj
 0001:0006c2a0       sf_debug_set_active_instance_in_data_dictionary 000000018006d2a0 f   sfc_debug:sfcdebug.obj
 0001:0006c480       sf_debug_set_active_instance 000000018006d480 f   sfc_debug:sfcdebug.obj
 0001:0006c5c0       sf_debug_chart_visiblity_change 000000018006d5c0 f   sfc_debug:sfcdebug.obj
 0001:0006c6a0       sf_debug_select_chart      000000018006d6a0 f   sfc_debug:sfcdebug.obj
 0001:0006c770       sf_debug_set_instance_cv_ids 000000018006d770 f   sfc_debug:sfcdebug.obj
 0001:0006ca80       sf_debug_select_charts     000000018006da80 f   sfc_debug:sfcdebug.obj
 0001:0006cbc0       sf_debug_initialized       000000018006dbc0 f   sfc_debug:sfcdebug.obj
 0001:0006cbd0       sf_debug_is_uninterruptible 000000018006dbd0 f   sfc_debug:sfcdebug.obj
 0001:0006cc00       sf_debug_initialize_debugger_gui 000000018006dc00 f   sfc_debug:sfcdebug.obj
 0001:0006cff0       sf_debug_resume            000000018006dff0 f   sfc_debug:sfcdebug.obj
 0001:0006d010       sf_debug_go                000000018006e010 f   sfc_debug:sfcdebug.obj
 0001:0006d020       sf_debug_break             000000018006e020 f   sfc_debug:sfcdebug.obj
 0001:0006d030       sf_debug_step_over         000000018006e030 f   sfc_debug:sfcdebug.obj
 0001:0006d040       sf_debug_step_out          000000018006e040 f   sfc_debug:sfcdebug.obj
 0001:0006d050       sf_debug_set_disable_all_breakpoints 000000018006e050 f   sfc_debug:sfcdebug.obj
 0001:0006d060       sf_debug_disable_all_breakpoints_and_go 000000018006e060 f   sfc_debug:sfcdebug.obj
 0001:0006d070       sf_debug_break_on_chart_entry 000000018006e070 f   sfc_debug:sfcdebug.obj
 0001:0006d080       sf_debug_break_on_event_broadcast 000000018006e080 f   sfc_debug:sfcdebug.obj
 0001:0006d090       sf_debug_break_on_state_entry 000000018006e090 f   sfc_debug:sfcdebug.obj
 0001:0006d0a0       sf_debug_break_between_times 000000018006e0a0 f   sfc_debug:sfcdebug.obj
 0001:0006d0c0       sf_debug_browse_data       000000018006e0c0 f   sfc_debug:sfcdebug.obj
 0001:0006d0e0       sf_debug_watch_data        000000018006e0e0 f   sfc_debug:sfcdebug.obj
 0001:0006d100       sf_debug_assign_data       000000018006e100 f   sfc_debug:sfcdebug.obj
 0001:0006d120       sf_debug_whos              000000018006e120 f   sfc_debug:sfcdebug.obj
 0001:0006d140       sf_debug_get_consistency_info 000000018006e140 f   sfc_debug:sfcdebug.obj
 0001:0006d150       sf_debug_browse_trace      000000018006e150 f   sfc_debug:sfcdebug.obj
 0001:0006d160       sf_debug_set_breakpoints   000000018006e160 f   sfc_debug:sfcdebug.obj
 0001:0006d2c0       sf_debug_set_eml_breakpoints 000000018006e2c0 f   sfc_debug:sfcdebug.obj
 0001:0006d420       sf_debug_set_script_breakpoints 000000018006e420 f   sfc_debug:sfcdebug.obj
 0001:0006d4a0       sf_debug_add_script_breakpoints 000000018006e4a0 f   sfc_debug:sfcdebug.obj
 0001:0006d510       sf_debug_clear_script_breakpoints 000000018006e510 f   sfc_debug:sfcdebug.obj
 0001:0006d580       sf_debug_query_script_breakpoints 000000018006e580 f   sfc_debug:sfcdebug.obj
 0001:0006d640       sf_debug_get_eml_script_id 000000018006e640 f   sfc_debug:sfcdebug.obj
 0001:0006d690       sf_debug_set_watch         000000018006e690 f   sfc_debug:sfcdebug.obj
 0001:0006d8c0       sf_debug_get_coverage      000000018006e8c0 f   sfc_debug:sfcdebug.obj
 0001:0006d8d0       sf_debug_get_instance_handle 000000018006e8d0 f   sfc_debug:sfcdebug.obj
 0001:0006d960       sf_debug_get_active_states 000000018006e960 f   sfc_debug:sfcdebug.obj
 0001:0006d970       sf_debug_get_animation     000000018006e970 f   sfc_debug:sfcdebug.obj
 0001:0006d980       sf_debug_set_animation     000000018006e980 f   sfc_debug:sfcdebug.obj
 0001:0006d990       sf_debug_animate           000000018006e990 f   sfc_debug:sfcdebug.obj
 0001:0006d9c0       sf_debug_cycle_detection_check 000000018006e9c0 f   sfc_debug:sfcdebug.obj
 0001:0006d9d0       sf_debug_data_range_check  000000018006e9d0 f   sfc_debug:sfcdebug.obj
 0001:0006d9e0       sf_debug_transition_conflict_check 000000018006e9e0 f   sfc_debug:sfcdebug.obj
 0001:0006d9f0       sf_debug_state_consistency_check 000000018006e9f0 f   sfc_debug:sfcdebug.obj
 0001:0006da00       sf_debug_data_range_check_enabled 000000018006ea00 f   sfc_debug:sfcdebug.obj
 0001:0006da20       sf_debug_transition_conflict_check_enabled 000000018006ea20 f   sfc_debug:sfcdebug.obj
 0001:0006da40       sf_debug_transition_conflict_check_begin 000000018006ea40 f   sfc_debug:sfcdebug.obj
 0001:0006da60       sf_debug_transition_conflict_check_end 000000018006ea60 f   sfc_debug:sfcdebug.obj
 0001:0006da80       sf_debug_stop_debugging    000000018006ea80 f   sfc_debug:sfcdebug.obj
 0001:0006dab0       sf_debug_is_cycle_detected 000000018006eab0 f   sfc_debug:sfcdebug.obj
 0001:0006dac0       sf_debug_is_array_bounds_detected 000000018006eac0 f   sfc_debug:sfcdebug.obj
 0001:0006dad0       sf_debug_get_state_vectors_data_size 000000018006ead0 f   sfc_debug:sfcdebug.obj
 0001:0006db10       sf_debug_get_state_vectors_data 000000018006eb10 f   sfc_debug:sfcdebug.obj
 0001:0006dc10       sf_debug_set_state_vectors_data 000000018006ec10 f   sfc_debug:sfcdebug.obj
 0001:0006ded0       sf_debug_get_script_index  000000018006eed0 f   sfc_debug:sfcdebug.obj
 0001:0006e060       sf_debug_add_script        000000018006f060 f   sfc_debug:sfcdebug.obj
 0001:0006e1f0       cv_eval_point              000000018006f1f0 f   sfc_debug:sfcdebug.obj
 0001:0006e360       sf_debug_cv_init_state     000000018006f360 f   sfc_debug:sfcdebug.obj
 0001:0006e480       sf_debug_cv_init_chart     000000018006f480 f   sfc_debug:sfcdebug.obj
 0001:0006e560       sf_debug_cv_init_trans     000000018006f560 f   sfc_debug:sfcdebug.obj
 0001:0006e6d0       cv_eml_init_script         000000018006f6d0 f   sfc_debug:sfcdebug.obj
 0001:0006e7b0       cv_eml_init_fcn            000000018006f7b0 f   sfc_debug:sfcdebug.obj
 0001:0006e860       cv_eml_init_testobjective  000000018006f860 f   sfc_debug:sfcdebug.obj
 0001:0006e910       cv_eml_init_if             000000018006f910 f   sfc_debug:sfcdebug.obj
 0001:0006e9c0       cv_eml_init_for            000000018006f9c0 f   sfc_debug:sfcdebug.obj
 0001:0006ea70       cv_eml_init_while          000000018006fa70 f   sfc_debug:sfcdebug.obj
 0001:0006eb20       cv_eml_init_mcdc           000000018006fb20 f   sfc_debug:sfcdebug.obj
 0001:0006ec20       cv_eml_init_switch         000000018006fc20 f   sfc_debug:sfcdebug.obj
 0001:0006ed00       cv_eml_eval                000000018006fd00 f   sfc_debug:sfcdebug.obj
 0001:0006ede0       sf_debug_bm_is_a_eml_breakpoint 000000018006fde0 f   sfc_debug:sfcdebug.obj
 0001:0006ef30       sf_debug_temporal_threshold 000000018006ff30 f   sfc_debug:sfcdebug.obj
 0001:0006f290       sf_debug_transition_conflict_error 0000000180070290 f   sfc_debug:sfcdebug.obj
 0001:0006f610       sf_debug_state_inconsistency_error 0000000180070610 f   sfc_debug:sfcdebug.obj
 0001:0006f730       sf_debug_check_for_state_inconsistency 0000000180070730 f   sfc_debug:sfcdebug.obj
 0001:0006f760       sf_debug_cycle_detecton_error 0000000180070760 f   sfc_debug:sfcdebug.obj
 0001:0006ff50       sf_debug_size_eq_check_1d  0000000180070f50 f   sfc_debug:sfcdebug.obj
 0001:0006ff70       sf_debug_size_eq_check_nd  0000000180070f70 f   sfc_debug:sfcdebug.obj
 0001:00070150       sf_debug_dim_size_eq_check 0000000180071150 f   sfc_debug:sfcdebug.obj
 0001:00070180       sf_debug_dim_size_geq_check 0000000180071180 f   sfc_debug:sfcdebug.obj
 0001:000701b0       sf_debug_sub_assign_size_check_nd 00000001800711b0 f   sfc_debug:sfcdebug.obj
 0001:000703f0       sf_debug_matrix_matrix_index_check 00000001800713f0 f   sfc_debug:sfcdebug.obj
 0001:00070420       sf_debug_vector_vector_index_check 0000000180071420 f   sfc_debug:sfcdebug.obj
 0001:00070450       sf_debug_runtime_error_msgid 0000000180071450 f   sfc_debug:sfcdebug.obj
 0001:000704e0       sf_debug_data_array_bounds_error_check 00000001800714e0 f   sfc_debug:sfcdebug.obj
 0001:000705f0       sf_debug_eml_data_array_bounds_error_check 00000001800715f0 f   sfc_debug:sfcdebug.obj
 0001:00070ad0       sf_debug_integer_check     0000000180071ad0 f   sfc_debug:sfcdebug.obj
 0001:00070bb0       sf_debug_not_nan_check     0000000180071bb0 f   sfc_debug:sfcdebug.obj
 0001:00070c70       sf_debug_non_negative_check 0000000180071c70 f   sfc_debug:sfcdebug.obj
 0001:00070d30       sf_debug_overflow_detection 0000000180071d30 f   sfc_debug:sfcdebug.obj
 0001:00071420       sf_debug_cast_to_real32_T  0000000180072420 f   sfc_debug:sfcdebug.obj
 0001:000714e0       sf_debug_cast_to_int8_T    00000001800724e0 f   sfc_debug:sfcdebug.obj
 0001:000715a0       sf_debug_cast_to_uint8_T   00000001800725a0 f   sfc_debug:sfcdebug.obj
 0001:00071660       sf_debug_cast_to_int16_T   0000000180072660 f   sfc_debug:sfcdebug.obj
 0001:00071720       sf_debug_cast_to_uint16_T  0000000180072720 f   sfc_debug:sfcdebug.obj
 0001:000717e0       sf_debug_cast_to_int32_T   00000001800727e0 f   sfc_debug:sfcdebug.obj
 0001:000718a0       sf_debug_cast_to_uint32_T  00000001800728a0 f   sfc_debug:sfcdebug.obj
 0001:00071960       sf_debug_data_range_error  0000000180072960 f   sfc_debug:sfcdebug.obj
 0001:00071de0       sf_debug_data_range_error_wrapper_min_max 0000000180072de0 f   sfc_debug:sfcdebug.obj
 0001:00071ed0       sf_debug_data_range_error_wrapper_min 0000000180072ed0 f   sfc_debug:sfcdebug.obj
 0001:00071fb0       sf_debug_data_range_error_wrapper_max 0000000180072fb0 f   sfc_debug:sfcdebug.obj
 0001:00072090       sf_debug_data_range_wrapper 0000000180073090 f   sfc_debug:sfcdebug.obj
 0001:00072140       sf_debug_set_current_status_info 0000000180073140 f   sfc_debug:sfcdebug.obj
 0001:000724f0       sf_debug_call              00000001800734f0 f   sfc_debug:sfcdebug.obj
 0001:000733b0       sf_debug_initialize_machine 00000001800743b0 f   sfc_debug:sfcdebug.obj
 0001:000736c0       sf_debug_initialize_chart  00000001800746c0 f   sfc_debug:sfcdebug.obj
 0001:00073ba0       sf_debug_ensure_script     0000000180074ba0 f   sfc_debug:sfcdebug.obj
 0001:00073c60       cv_script_init_script      0000000180074c60 f   sfc_debug:sfcdebug.obj
 0001:00073d40       cv_script_init_fcn         0000000180074d40 f   sfc_debug:sfcdebug.obj
 0001:00073df0       cv_script_init_testobjective 0000000180074df0 f   sfc_debug:sfcdebug.obj
 0001:00073ea0       cv_script_init_if          0000000180074ea0 f   sfc_debug:sfcdebug.obj
 0001:00073f50       cv_script_init_for         0000000180074f50 f   sfc_debug:sfcdebug.obj
 0001:00074000       cv_script_init_while       0000000180075000 f   sfc_debug:sfcdebug.obj
 0001:000740b0       cv_script_init_mcdc        00000001800750b0 f   sfc_debug:sfcdebug.obj
 0001:000741b0       cv_script_init_switch      00000001800751b0 f   sfc_debug:sfcdebug.obj
 0001:00074290       cv_script_eval             0000000180075290 f   sfc_debug:sfcdebug.obj
 0001:00074370       eml_debug_line_call        0000000180075370 f   sfc_debug:sfcdebug.obj
 0001:00074520       sf_debug_terminate         0000000180075520 f   sfc_debug:sfcdebug.obj
 0001:00074690       sf_debug_set_script_cv_ids 0000000180075690 f   sfc_debug:sfcdebug.obj
 0001:00074860       sf_debug_api               0000000180075860 f   sfc_debug:sfc_api.obj
 0001:00076090       sf_debug_sm_terminate      0000000180077090 f   sfc_debug:sfdb_animation.obj
 0001:00076250       sf_debug_reset_path_objects 0000000180077250 f   sfc_debug:sfdb_animation.obj
 0001:000762d0       sf_debug_sm_reset_object_selection_status 00000001800772d0 f   sfc_debug:sfdb_animation.obj
 0001:00076370       sf_debug_sm_reset_state_buffer 0000000180077370 f   sfc_debug:sfdb_animation.obj
 0001:00076440       sf_debug_sm_store_state_buffer 0000000180077440 f   sfc_debug:sfdb_animation.obj
 0001:000764c0       sf_debug_sm_restore_state_buffer1 00000001800774c0 f   sfc_debug:sfdb_animation.obj
 0001:00076530       sf_debug_sm_restore_state_buffer2 0000000180077530 f   sfc_debug:sfdb_animation.obj
 0001:000765a0       sf_debug_sm_chart_active   00000001800775a0 f   sfc_debug:sfdb_animation.obj
 0001:000765f0       sf_debug_sm_select_active_objects 00000001800775f0 f   sfc_debug:sfdb_animation.obj
 0001:00076aa0       sf_debug_sm_is_chart_active 0000000180077aa0 f   sfc_debug:sfdb_animation.obj
 0001:00076ae0       sf_debug_sm_is_state_active 0000000180077ae0 f   sfc_debug:sfdb_animation.obj
 0001:00076d20       sf_debug_sm_get_active_states 0000000180077d20 f   sfc_debug:sfdb_animation.obj
 0001:000772e0       sf_debug_sm_initialize_instance 00000001800782e0 f   sfc_debug:sfdb_animation.obj
 0001:00077530       sf_debug_sm_change_object_selection_status 0000000180078530 f   sfc_debug:sfdb_animation.obj
 0001:00077820       cv_create_interface        0000000180078820 f   sfc_debug:cv_sfinterface.obj
 0001:00077b80       cv_init_trans              0000000180078b80 f   sfc_debug:cv_sfinterface.obj
 0001:00077bd0       cv_init_state              0000000180078bd0 f   sfc_debug:cv_sfinterface.obj
 0001:00077c40       cv_init_chart              0000000180078c40 f   sfc_debug:cv_sfinterface.obj
 0001:00077c90       cv_dec_update_call         0000000180078c90 f   sfc_debug:cv_sfinterface.obj
 0001:00077cd0       cv_cond_update_call        0000000180078cd0 f   sfc_debug:cv_sfinterface.obj
 0001:00077d10       cv_sigrange_update         0000000180078d10 f   sfc_debug:cv_sfinterface.obj
 0001:00077d50       cvsf_eml_eval              0000000180078d50 f   sfc_debug:cv_sfinterface.obj
 0001:00077e30       cvsf_eml_init_script       0000000180078e30 f   sfc_debug:cv_sfinterface.obj
 0001:00077eb0       cvsf_eml_init_fcn          0000000180078eb0 f   sfc_debug:cv_sfinterface.obj
 0001:00077f10       cvsf_eml_init_testobjective 0000000180078f10 f   sfc_debug:cv_sfinterface.obj
 0001:00077f70       cvsf_eml_init_if           0000000180078f70 f   sfc_debug:cv_sfinterface.obj
 0001:00077fd0       cvsf_eml_init_for          0000000180078fd0 f   sfc_debug:cv_sfinterface.obj
 0001:00078020       cvsf_eml_init_while        0000000180079020 f   sfc_debug:cv_sfinterface.obj
 0001:00078070       cvsf_eml_init_mcdc         0000000180079070 f   sfc_debug:cv_sfinterface.obj
 0001:00078100       cvsf_eml_init_switch       0000000180079100 f   sfc_debug:cv_sfinterface.obj
 0001:00078170       cvsf_script_eval           0000000180079170 f   sfc_debug:cv_sfinterface.obj
 0001:00078250       cvsf_script_init_script    0000000180079250 f   sfc_debug:cv_sfinterface.obj
 0001:000782d0       cvsf_script_init_fcn       00000001800792d0 f   sfc_debug:cv_sfinterface.obj
 0001:00078330       cvsf_script_init_testobjective 0000000180079330 f   sfc_debug:cv_sfinterface.obj
 0001:00078390       cvsf_script_init_if        0000000180079390 f   sfc_debug:cv_sfinterface.obj
 0001:000783f0       cvsf_script_init_for       00000001800793f0 f   sfc_debug:cv_sfinterface.obj
 0001:00078440       cvsf_script_init_while     0000000180079440 f   sfc_debug:cv_sfinterface.obj
 0001:00078490       cvsf_script_init_mcdc      0000000180079490 f   sfc_debug:cv_sfinterface.obj
 0001:00078520       cvsf_script_init_switch    0000000180079520 f   sfc_debug:cv_sfinterface.obj
 0001:00078590       cv_destroy_interface       0000000180079590 f   sfc_debug:cv_sfinterface.obj
 0001:000785b0       cv_create_instance_objects 00000001800795b0 f   sfc_debug:cv_sfinterface.obj
 0001:00078a60       cv_is_enabled              0000000180079a60 f   sfc_debug:cv_sfinterface.obj
 0001:00078a70       sf_debug_cv_initialize_script 0000000180079a70 f   sfc_debug:cv_sfinterface.obj
 0001:00078c20       sf_debug_cv_initialize_instance 0000000180079c20 f   sfc_debug:cv_sfinterface.obj
 0001:00078fc0       sf_debug_cv_terminate_chart 0000000180079fc0 f   sfc_debug:cv_sfinterface.obj
 0001:00079100       cv_call_trans_test         000000018007a100 f   sfc_debug:cv_sfinterface.obj
 0001:00079110       cv_call_sub_cond_test      000000018007a110 f   sfc_debug:cv_sfinterface.obj
 0001:00079240       sf_debug_hm_initialize_instance 000000018007a240 f   sfc_debug:sfdb_handle_management.obj
 0001:000797c0       sf_debug_hm_get_object_id  000000018007a7c0 f   sfc_debug:sfdb_handle_management.obj
 0001:0007b730       sf_debug_object_is_eml_function 000000018007c730 f   sfc_debug:sfdb_handle_management.obj
 0001:0007b7a0       sf_debug_hm_initialize_ids_in_machine 000000018007c7a0 f   sfc_debug:sfdb_handle_management.obj
 0001:0007b910       sf_debug_hm_initialize_ids_in_chart 000000018007c910 f   sfc_debug:sfdb_handle_management.obj
 0001:0007ba50       sf_debug_hm_initialize_chart 000000018007ca50 f   sfc_debug:sfdb_handle_management.obj
 0001:0007c200       sf_debug_hm_terminate      000000018007d200 f   sfc_debug:sfdb_handle_management.obj
 0001:0007c260       sf_debug_hm_initialize_machine 000000018007d260 f   sfc_debug:sfdb_handle_management.obj
 0001:0007ca10       sf_debug_st_initialize_machine 000000018007da10 f   sfc_debug:sfdb_data_browse.obj
 0001:0007cad0       sf_debug_st_initialize_instance 000000018007dad0 f   sfc_debug:sfdb_data_browse.obj
 0001:0007cd00       sf_debug_st_terminate      000000018007dd00 f   sfc_debug:sfdb_data_browse.obj
 0001:0007d0a0       sf_debug_st_set_data_value_ptr_in_machine 000000018007e0a0 f   sfc_debug:sfdb_data_browse.obj
 0001:0007d130       sf_debug_st_set_data_value_ptr_in_instance 000000018007e130 f   sfc_debug:sfdb_data_browse.obj
 0001:0007d210       sf_debug_st_unset_data_value_ptr_in_machine 000000018007e210 f   sfc_debug:sfdb_data_browse.obj
 0001:0007d280       sf_debug_st_unset_data_value_ptr_in_instance 000000018007e280 f   sfc_debug:sfdb_data_browse.obj
 0001:0007d590       sf_debug_mx_value          000000018007e590 f   sfc_debug:sfdb_data_browse.obj
 0001:0007d5f0       sf_debug_mx_packed_vector  000000018007e5f0 f   sfc_debug:sfdb_data_browse.obj
 0001:0007d6d0       sf_debug_mx_uint_vector    000000018007e6d0 f   sfc_debug:sfdb_data_browse.obj
 0001:0007d790       sf_debug_st_get_double_value_from_void_ptr_vector 000000018007e790 f   sfc_debug:sfdb_data_browse.obj
 0001:0007e280       sf_debug_st_browse_data    000000018007f280 f   sfc_debug:sfdb_data_browse.obj
 0001:0007ea20       sf_debug_ss_initialize     000000018007fa20 f   sfc_debug:sfdb_symbol_scope.obj
 0001:0007ea40       sf_debug_ss_terminate      000000018007fa40 f   sfc_debug:sfdb_symbol_scope.obj
 0001:0007ead0       sf_debug_ss_push_symbol_scope 000000018007fad0 f   sfc_debug:sfdb_symbol_scope.obj
 0001:0007ebd0       sf_debug_ss_push_symbol_scope_eml 000000018007fbd0 f   sfc_debug:sfdb_symbol_scope.obj
 0001:0007ec30       sf_debug_ss_pop_symbol_scope 000000018007fc30 f   sfc_debug:sfdb_symbol_scope.obj
 0001:0007ece0       sf_debug_ss_add_symbol     000000018007fce0 f   sfc_debug:sfdb_symbol_scope.obj
 0001:0007ee40       sf_debug_ss_add_symbol_eml 000000018007fe40 f   sfc_debug:sfdb_symbol_scope.obj
 0001:0007fb20       sf_debug_ss_set_data_value 0000000180080b20 f   sfc_debug:sfdb_symbol_scope.obj
 0001:0007ffc0       sf_debug_ss_watch_data     0000000180080fc0 f   sfc_debug:sfdb_symbol_scope.obj
 0001:00080060       sf_debug_ss_assign_data    0000000180081060 f   sfc_debug:sfdb_symbol_scope.obj
 0001:00080a60       get_data_entry_name        0000000180081a60 f   sfc_debug:sfdb_symbol_scope.obj
 0001:00080ab0       sf_debug_ss_whos           0000000180081ab0 f   sfc_debug:sfdb_symbol_scope.obj
 0001:000811c0       sf_debug_cc_initialize_chart 00000001800821c0 f   sfc_debug:sfdb_coverage.obj
 0001:00081bb0       sf_debug_cc_initialize_instance 0000000180082bb0 f   sfc_debug:sfdb_coverage.obj
 0001:000829b0       sf_debug_cc_terminate      00000001800839b0 f   sfc_debug:sfdb_coverage.obj
 0001:00082aa0       sf_debug_cc_set_transition_maps 0000000180083aa0 f   sfc_debug:sfdb_coverage.obj
 0001:00082bd0       sf_debug_cc_set_state_maps 0000000180083bd0 f   sfc_debug:sfdb_coverage.obj
 0001:00082cb0       sf_debug_cc_set_transition_weights 0000000180083cb0 f   sfc_debug:sfdb_coverage.obj
 0001:00082f80       sf_debug_cc_set_state_weights 0000000180083f80 f   sfc_debug:sfdb_coverage.obj
 0001:00083250       sf_debug_cc_mark_transition_guard 0000000180084250 f   sfc_debug:sfdb_coverage.obj
 0001:000832e0       sf_debug_cc_mark_transition_trigger 00000001800842e0 f   sfc_debug:sfdb_coverage.obj
 0001:00083370       sf_debug_cc_mark_transition_decision 0000000180084370 f   sfc_debug:sfdb_coverage.obj
 0001:000833e0       sf_debug_cc_mark_transition_condition_action 00000001800843e0 f   sfc_debug:sfdb_coverage.obj
 0001:00083430       sf_debug_cc_mark_transition_transition_action 0000000180084430 f   sfc_debug:sfdb_coverage.obj
 0001:00083480       sf_debug_cc_mark_state_entry 0000000180084480 f   sfc_debug:sfdb_coverage.obj
 0001:000834d0       sf_debug_cc_mark_state_during 00000001800844d0 f   sfc_debug:sfdb_coverage.obj
 0001:00083520       sf_debug_cc_mark_state_exit 0000000180084520 f   sfc_debug:sfdb_coverage.obj
 0001:00083d60       sf_debug_cc_get_coverage   0000000180084d60 f   sfc_debug:sfdb_coverage.obj
 0001:00084300       sf_debug_bm_clear_script_breakpoints 0000000180085300 f   sfc_debug:sfdb_breakpoints.obj
 0001:00084330       sf_debug_bm_set_script_breakpoint 0000000180085330 f   sfc_debug:sfdb_breakpoints.obj
 0001:000843b0       sf_debug_bm_clear_single_script_breakpoint 00000001800853b0 f   sfc_debug:sfdb_breakpoints.obj
 0001:00084430       sf_debug_bm_query_script_breakpoint 0000000180085430 f   sfc_debug:sfdb_breakpoints.obj
 0001:00084480       sf_debug_bm_initialize_scripts 0000000180085480 f   sfc_debug:sfdb_breakpoints.obj
 0001:00084ba0       sf_debug_bm_terminate      0000000180085ba0 f   sfc_debug:sfdb_breakpoints.obj
 0001:00084e90       sf_debug_bm_remove_all_breakpoints_in_machine 0000000180085e90 f   sfc_debug:sfdb_breakpoints.obj
 0001:00084f00       sf_debug_bm_remove_all_breakpoints_in_chart 0000000180085f00 f   sfc_debug:sfdb_breakpoints.obj
 0001:00085050       sf_debug_bm_initialize_global_breakpoints 0000000180086050 f   sfc_debug:sfdb_breakpoints.obj
 0001:000851d0       sf_debug_bm_set_breakpoint 00000001800861d0 f   sfc_debug:sfdb_breakpoints.obj
 0001:00085800       sf_debug_bm_set_eml_breakpoint 0000000180086800 f   sfc_debug:sfdb_breakpoints.obj
 0001:000858a0       sf_debug_bm_initialize_machine_breakpoint_map 00000001800868a0 f   sfc_debug:sfdb_breakpoints.obj
 0001:00085cc0       sf_debug_bm_is_a_breakpoint 0000000180086cc0 f   sfc_debug:sfdb_breakpoints.obj
 0001:000861e0       sf_debug_bm_get_all_breakpoints_in_machine 00000001800871e0 f   sfc_debug:sfdb_breakpoints.obj
 0001:000864e0       sf_debug_bm_get_all_breakpoints_in_chart 00000001800874e0 f   sfc_debug:sfdb_breakpoints.obj
 0001:000871a0       sf_debug_bm_initialize_machine 00000001800881a0 f   sfc_debug:sfdb_breakpoints.obj
 0001:00087270       sf_debug_bm_initialize_chart 0000000180088270 f   sfc_debug:sfdb_breakpoints.obj
 0001:00087690       sf_debug_sc_terminate      0000000180088690 f   sfc_debug:sfdb_state_consistency.obj
 0001:000879c0       sf_debug_sc_is_chart_consistent 00000001800889c0 f   sfc_debug:sfdb_state_consistency.obj
 0001:00087c70       sf_debug_sc_get_consistency_error_info 0000000180088c70 f   sfc_debug:sfdb_state_consistency.obj
 0001:000880c0       sf_debug_tm_terminate      00000001800890c0 f   sfc_debug:sfdb_call_stack.obj
 0001:00088180       sf_debug_tm_push_chart_instance 0000000180089180 f   sfc_debug:sfdb_call_stack.obj
 0001:000882d0       sf_debug_tm_pop_chart_instance 00000001800892d0 f   sfc_debug:sfdb_call_stack.obj
 0001:00088330       sf_debug_tm_push_trace_node 0000000180089330 f   sfc_debug:sfdb_call_stack.obj
 0001:000884c0       sf_debug_tm_pop_trace_node 00000001800894c0 f   sfc_debug:sfdb_call_stack.obj
 0001:00088540       sf_debug_tm_get_current_global_trace_index 0000000180089540 f   sfc_debug:sfdb_call_stack.obj
 0001:00088550       sf_debug_tm_get_current_local_trace_index 0000000180089550 f   sfc_debug:sfdb_call_stack.obj
 0001:00088580       sf_debug_tm_set_cycle_detected_flag 0000000180089580 f   sfc_debug:sfdb_call_stack.obj
 0001:000885c0       sf_debug_tm_set_cycle_started_flag 00000001800895c0 f   sfc_debug:sfdb_call_stack.obj
 0001:00088600       sf_debug_tm_get_chart_number_from_stack 0000000180089600 f   sfc_debug:sfdb_call_stack.obj
 0001:00088800       sf_debug_tm_browse_trace   0000000180089800 f   sfc_debug:sfdb_call_stack.obj
 0001:00088b40       sf_debug_cd_initialize_instance 0000000180089b40 f   sfc_debug:sfdb_cycle_detection.obj
 0001:00088df0       sf_debug_cd_mark_processed_transition_in_instance 0000000180089df0 f   sfc_debug:sfdb_cycle_detection.obj
 0001:00088e90       sf_debug_cd_checksum_push  0000000180089e90 f   sfc_debug:sfdb_cycle_detection.obj
 0001:00089150       sf_debug_cd_checksum_pop   000000018008a150 f   sfc_debug:sfdb_cycle_detection.obj
 0001:000891c0       sf_debug_cd_turn_off_cycle_detection 000000018008a1c0 f   sfc_debug:sfdb_cycle_detection.obj
 0001:00089210       sf_debug_cd_terminate      000000018008a210 f   sfc_debug:sfdb_cycle_detection.obj
 0001:00089450       md5_initialize_state       000000018008a450 f   sfc_debug:ckmd5.obj
 0001:00089ec0       md5_update_state           000000018008aec0 f   sfc_debug:ckmd5.obj
 0001:00089ee0       md5_get_hash               000000018008aee0 f   sfc_debug:ckmd5.obj
 0001:00089f10       md5_get_hash_for_a_single_string 000000018008af10 f   sfc_debug:ckmd5.obj
 0001:00089f74       mxGetPr                    000000018008af74 f   libmx:libmx.dll
 0001:00089f7a       mxCreateDoubleScalar       000000018008af7a f   libmx:libmx.dll
 0001:00089f80       mxSetField_730             000000018008af80 f   libmx:libmx.dll
 0001:00089f86       mxCreateDoubleMatrix_730   000000018008af86 f   libmx:libmx.dll
 0001:00089f8c       mxCreateStructMatrix_730   000000018008af8c f   libmx:libmx.dll
 0001:00089f92       mxDestroyArray             000000018008af92 f   libmx:libmx.dll
 0001:00089f98       mxCreateString             000000018008af98 f   libmx:libmx.dll
 0001:00089f9e       mxDuplicateArray           000000018008af9e f   libmx:libmx.dll
 0001:00089fa4       mxIsEmpty                  000000018008afa4 f   libmx:libmx.dll
 0001:00089faa       mxGetString_730            000000018008afaa f   libmx:libmx.dll
 0001:00089fb0       mxIsChar                   000000018008afb0 f   libmx:libmx.dll
 0001:00089fb6       mxGetClassID               000000018008afb6 f   libmx:libmx.dll
 0001:00089fbc       mxIsNumeric                000000018008afbc f   libmx:libmx.dll
 0001:00089fc2       mxIsComplex                000000018008afc2 f   libmx:libmx.dll
 0001:00089fc8       mxGetN                     000000018008afc8 f   libmx:libmx.dll
 0001:00089fce       mxGetM                     000000018008afce f   libmx:libmx.dll
 0001:00089fd4       mxCalloc                   000000018008afd4 f   libmx:libmx.dll
 0001:00089fda       mxGetScalar                000000018008afda f   libmx:libmx.dll
 0001:00089fe0       mxIsLogical                000000018008afe0 f   libmx:libmx.dll
 0001:00089fe6       mxCreateDoubleMatrix_700   000000018008afe6 f   libmx:libmx.dll
 0001:00089fec       mxFree                     000000018008afec f   libmx:libmx.dll
 0001:00089ff2       mxArrayToString            000000018008aff2 f   libmx:libmx.dll
 0001:00089ff8       mxCreateCellMatrix_700     000000018008aff8 f   libmx:libmx.dll
 0001:00089ffe       mxSetCell_700              000000018008affe f   libmx:libmx.dll
 0001:0008a004       mxGetCell_700              000000018008b004 f   libmx:libmx.dll
 0001:0008a00a       mxGetClassName             000000018008b00a f   libmx:libmx.dll
 0001:0008a010       mxSetField_700             000000018008b010 f   libmx:libmx.dll
 0001:0008a016       mxAddField                 000000018008b016 f   libmx:libmx.dll
 0001:0008a01c       mxGetField_700             000000018008b01c f   libmx:libmx.dll
 0001:0008a022       mxGetNumberOfElements      000000018008b022 f   libmx:libmx.dll
 0001:0008a028       mxIsStruct                 000000018008b028 f   libmx:libmx.dll
 0001:0008a02e       mxIsClass                  000000018008b02e f   libmx:libmx.dll
 0001:0008a034       mxGetLogicals              000000018008b034 f   libmx:libmx.dll
 0001:0008a03a       mxIsSparse                 000000018008b03a f   libmx:libmx.dll
 0001:0008a040       mxSetFieldByNumber_700     000000018008b040 f   libmx:libmx.dll
 0001:0008a046       mxGetFieldByNumber_700     000000018008b046 f   libmx:libmx.dll
 0001:0008a04c       mxGetFieldNameByNumber     000000018008b04c f   libmx:libmx.dll
 0001:0008a052       mxGetNumberOfFields        000000018008b052 f   libmx:libmx.dll
 0001:0008a058       mxCreateStructMatrix_700   000000018008b058 f   libmx:libmx.dll
 0001:0008a05e       mxGetFieldNumber           000000018008b05e f   libmx:libmx.dll
 0001:0008a064       mxIsNaN                    000000018008b064 f   libmx:libmx.dll
 0001:0008a06a       mxGetData                  000000018008b06a f   libmx:libmx.dll
 0001:0008a070       mxGetImagData              000000018008b070 f   libmx:libmx.dll
 0001:0008a076       mxArrayClassIDName         000000018008b076 f   libmx:libmx.dll
 0001:0008a07c       mxCreateNumericMatrix_700  000000018008b07c f   libmx:libmx.dll
 0001:0008a082       mxCreateStructArray_700    000000018008b082 f   libmx:libmx.dll
 0001:0008a088       mxCalcSingleSubscript_700  000000018008b088 f   libmx:libmx.dll
 0001:0008a08e       mxGetDimensions_700        000000018008b08e f   libmx:libmx.dll
 0001:0008a094       mxGetNumberOfDimensions_700 000000018008b094 f   libmx:libmx.dll
 0001:0008a09a       mxCreateNumericArray_700   000000018008b09a f   libmx:libmx.dll
 0001:0008a0a0       mxGetElementSize           000000018008b0a0 f   libmx:libmx.dll
 0001:0008a0a6       mxCreateStringFromNChars_700 000000018008b0a6 f   libmx:libmx.dll
 0001:0008a0ac       mxGetString_700            000000018008b0ac f   libmx:libmx.dll
 0001:0008a0b2       mxIsLogicalScalarTrue      000000018008b0b2 f   libmx:libmx.dll
 0001:0008a0b8       mxCreateLogicalScalar      000000018008b0b8 f   libmx:libmx.dll
 0001:0008a0be       mexUnlock                  000000018008b0be f   libmex:libmex.dll
 0001:0008a0c4       mexIsLocked                000000018008b0c4 f   libmex:libmex.dll
 0001:0008a0ca       mexWarnMsgTxt              000000018008b0ca f   libmex:libmex.dll
 0001:0008a0d0       mexCallMATLAB              000000018008b0d0 f   libmex:libmex.dll
 0001:0008a0d6       mexErrMsgTxt               000000018008b0d6 f   libmex:libmex.dll
 0001:0008a0dc       mexSetTrapFlag             000000018008b0dc f   libmex:libmex.dll
 0001:0008a0e2       mexMakeArrayPersistent     000000018008b0e2 f   libmex:libmex.dll
 0001:0008a0e8       mexPutVariable             000000018008b0e8 f   libmex:libmex.dll
 0001:0008a0ee       mexGetVariable             000000018008b0ee f   libmex:libmex.dll
 0001:0008a0f4       mexLock                    000000018008b0f4 f   libmex:libmex.dll
 0001:0008a0fa       mexMakeMemoryPersistent    000000018008b0fa f   libmex:libmex.dll
 0001:0008a100       mexFunctionName            000000018008b100 f   libmex:libmex.dll
 0001:0008a106       ssRegisterDataTypeFxpFSlopeFixExpBias 000000018008b106 f   libfixedpoint:libfixedpoint.dll
 0001:0008a10c       utVSNprintf                000000018008b10c f   libut:libut.dll
 0001:0008a112       utCPUtime                  000000018008b112 f   libut:libut.dll
 0001:0008a118       utFree                     000000018008b118 f   libut:libut.dll
 0001:0008a11e       utMalloc                   000000018008b11e f   libut:libut.dll
 0001:0008a124       emlrtCheckBuiltInCtxR2011a 000000018008b124 f   libemlrt:libemlrt.dll
 0001:0008a12a       emlrtCheckVsBuiltInCtxR2011a 000000018008b12a f   libemlrt:libemlrt.dll
 0001:0008a130       emlrtCheckEnumR2009a       000000018008b130 f   libemlrt:libemlrt.dll
 0001:0008a136       emlrtCreateEnumR2010a      000000018008b136 f   libemlrt:libemlrt.dll
 0001:0008a13c       emlrtGetEnumElementR2009a  000000018008b13c f   libemlrt:libemlrt.dll
 0001:0008a142       emlrtCreateReference       000000018008b142 f   libemlrt:libemlrt.dll
 0001:0008a148       emlrtImportVsFiArrayR2009b 000000018008b148 f   libemlrt:libemlrt.dll
 0001:0008a14e       emlrtExtractMessageId      000000018008b14e f   libemlrt:libemlrt.dll
 0001:0008a154       emlrtTranslateMessageIDtoLCPstring 000000018008b154 f   libemlrt:libemlrt.dll
 0001:0008a15a       emlrtGetEnumUnderlyingArrayR2009a 000000018008b15a f   libemlrt:libemlrt.dll
 0001:0008a160       emlrtIsEnumR2009a          000000018008b160 f   libemlrt:libemlrt.dll
 0001:0008a168       __GSHandlerCheckCommon     000000018008b168 f   MSVCRT:gshandler.obj
 0001:0008a1cc       __GSHandlerCheck           000000018008b1cc f   MSVCRT:gshandler.obj
 0001:0008a1ea       strlen                     000000018008b1ea f   MSVCRT:MSVCR100.dll
 0001:0008a200       __security_check_cookie    000000018008b200 f   MSVCRT:amdsecgs.obj
 0001:0008a220       memset                     000000018008b220 f   MSVCRT:MSVCR100.dll
 0001:0008a226       malloc                     000000018008b226 f   MSVCRT:MSVCR100.dll
 0001:0008a22c       free                       000000018008b22c f   MSVCRT:MSVCR100.dll
 0001:0008a250       _alloca_probe              000000018008b250     MSVCRT:chkstk.obj
 0001:0008a250       __chkstk                   000000018008b250 f   MSVCRT:chkstk.obj
 0001:0008a29e       strcmp                     000000018008b29e f   MSVCRT:MSVCR100.dll
 0001:0008a2a4       sprintf                    000000018008b2a4 f   MSVCRT:MSVCR100.dll
 0001:0008a2aa       strcat                     000000018008b2aa f   MSVCRT:MSVCR100.dll
 0001:0008a2b0       memcpy                     000000018008b2b0 f   MSVCRT:MSVCR100.dll
 0001:0008a2b8       NtCurrentTeb               000000018008b2b8 f i MSVCRT:crtdll.obj
 0001:0008a324       _CRT_INIT                  000000018008b324 f   MSVCRT:crtdll.obj
 0001:0008a6bc       _DllMainCRTStartup         000000018008b6bc f   MSVCRT:crtdll.obj
 0001:0008a6fa       strncpy                    000000018008b6fa f   MSVCRT:MSVCR100.dll
 0001:0008a700       longjmp                    000000018008b700 f   MSVCRT:MSVCR100.dll
 0001:0008a706       strncmp                    000000018008b706 f   MSVCRT:MSVCR100.dll
 0001:0008a70c       ceil                       000000018008b70c f   MSVCRT:MSVCR100.dll
 0001:0008a712       strrchr                    000000018008b712 f   MSVCRT:MSVCR100.dll
 0001:0008a718       _setjmp                    000000018008b718 f   MSVCRT:MSVCR100.dll
 0001:0008a71e       calloc                     000000018008b71e f   MSVCRT:MSVCR100.dll
 0001:0008a724       realloc                    000000018008b724 f   MSVCRT:MSVCR100.dll
 0001:0008a72a       ldexp                      000000018008b72a f   MSVCRT:MSVCR100.dll
 0001:0008a730       __report_gsfailure         000000018008b730 f   MSVCRT:gs_report.obj
 0001:0008a87c       __clean_type_info_names    000000018008b87c f   MSVCRT:tncleanup.obj
 0001:0008a888       _onexit                    000000018008b888 f   MSVCRT:atonexit.obj
 0001:0008a938       atexit                     000000018008b938 f   MSVCRT:atonexit.obj
 0001:0008a950       _RTC_Initialize            000000018008b950 f   MSVCRT:_initsect_.obj
 0001:0008a988       _RTC_Terminate             000000018008b988 f   MSVCRT:_initsect_.obj
 0001:0008a9c0       _malloc_crt                000000018008b9c0 f   MSVCRT:MSVCR100.dll
 0001:0008a9d0       _ValidateImageBase         000000018008b9d0 f   MSVCRT:pesect.obj
 0001:0008aa00       _FindPESection             000000018008ba00 f   MSVCRT:pesect.obj
 0001:0008aa50       _IsNonwritableInCurrentImage 000000018008ba50 f   MSVCRT:pesect.obj
 0001:0008aa92       _initterm                  000000018008ba92 f   MSVCRT:MSVCR100.dll
 0001:0008aa98       _initterm_e                000000018008ba98 f   MSVCRT:MSVCR100.dll
 0001:0008aa9e       _encoded_null              000000018008ba9e f   MSVCRT:MSVCR100.dll
 0001:0008aaa4       _amsg_exit                 000000018008baa4 f   MSVCRT:MSVCR100.dll
 0001:0008aaaa       __C_specific_handler       000000018008baaa f   MSVCRT:MSVCR100.dll
 0001:0008aab0       __CppXcptFilter            000000018008bab0 f   MSVCRT:MSVCR100.dll
 0001:0008aab8       DllMain                    000000018008bab8 f   MSVCRT:dllmain.obj
 0001:0008aadc       __security_init_cookie     000000018008badc f   MSVCRT:gs_support.obj
 0001:0008ab90       __crt_debugger_hook        000000018008bb90 f   MSVCRT:MSVCR100.dll
 0001:0008ab96       __clean_type_info_names_internal 000000018008bb96 f   MSVCRT:MSVCR100.dll
 0001:0008ab9c       _unlock                    000000018008bb9c f   MSVCRT:MSVCR100.dll
 0001:0008aba2       __dllonexit                000000018008bba2 f   MSVCRT:MSVCR100.dll
 0001:0008aba8       _lock                      000000018008bba8 f   MSVCRT:MSVCR100.dll
 0001:0008abae       EncodePointer              000000018008bbae f   kernel32:KERNEL32.dll
 0001:0008abb4       DecodePointer              000000018008bbb4 f   kernel32:KERNEL32.dll
 0001:0008abba       Sleep                      000000018008bbba f   kernel32:KERNEL32.dll
 0001:0008abc0       TerminateProcess           000000018008bbc0 f   kernel32:KERNEL32.dll
 0001:0008abc6       GetCurrentProcess          000000018008bbc6 f   kernel32:KERNEL32.dll
 0001:0008abcc       UnhandledExceptionFilter   000000018008bbcc f   kernel32:KERNEL32.dll
 0001:0008abd2       SetUnhandledExceptionFilter 000000018008bbd2 f   kernel32:KERNEL32.dll
 0001:0008abd8       IsDebuggerPresent          000000018008bbd8 f   kernel32:KERNEL32.dll
 0001:0008abde       RtlVirtualUnwind           000000018008bbde f   kernel32:KERNEL32.dll
 0001:0008abe4       RtlLookupFunctionEntry     000000018008bbe4 f   kernel32:KERNEL32.dll
 0001:0008abea       RtlCaptureContext          000000018008bbea f   kernel32:KERNEL32.dll
 0001:0008abf0       DisableThreadLibraryCalls  000000018008bbf0 f   kernel32:KERNEL32.dll
 0001:0008abf6       QueryPerformanceCounter    000000018008bbf6 f   kernel32:KERNEL32.dll
 0001:0008abfc       GetTickCount               000000018008bbfc f   kernel32:KERNEL32.dll
 0001:0008ac02       GetCurrentThreadId         000000018008bc02 f   kernel32:KERNEL32.dll
 0001:0008ac08       GetCurrentProcessId        000000018008bc08 f   kernel32:KERNEL32.dll
 0001:0008ac0e       GetSystemTimeAsFileTime    000000018008bc0e f   kernel32:KERNEL32.dll
 0002:00000000       __imp_GetSystemTimeAsFileTime 000000018008c000     kernel32:KERNEL32.dll
 0002:00000008       __imp_GetCurrentProcessId  000000018008c008     kernel32:KERNEL32.dll
 0002:00000010       __imp_GetCurrentThreadId   000000018008c010     kernel32:KERNEL32.dll
 0002:00000018       __imp_GetTickCount         000000018008c018     kernel32:KERNEL32.dll
 0002:00000020       __imp_QueryPerformanceCounter 000000018008c020     kernel32:KERNEL32.dll
 0002:00000028       __imp_DisableThreadLibraryCalls 000000018008c028     kernel32:KERNEL32.dll
 0002:00000030       __imp_RtlCaptureContext    000000018008c030     kernel32:KERNEL32.dll
 0002:00000038       __imp_RtlLookupFunctionEntry 000000018008c038     kernel32:KERNEL32.dll
 0002:00000040       __imp_RtlVirtualUnwind     000000018008c040     kernel32:KERNEL32.dll
 0002:00000048       __imp_IsDebuggerPresent    000000018008c048     kernel32:KERNEL32.dll
 0002:00000050       __imp_SetUnhandledExceptionFilter 000000018008c050     kernel32:KERNEL32.dll
 0002:00000058       __imp_UnhandledExceptionFilter 000000018008c058     kernel32:KERNEL32.dll
 0002:00000060       __imp_GetCurrentProcess    000000018008c060     kernel32:KERNEL32.dll
 0002:00000068       __imp_TerminateProcess     000000018008c068     kernel32:KERNEL32.dll
 0002:00000070       __imp_Sleep                000000018008c070     kernel32:KERNEL32.dll
 0002:00000078       __imp_DecodePointer        000000018008c078     kernel32:KERNEL32.dll
 0002:00000080       __imp_EncodePointer        000000018008c080     kernel32:KERNEL32.dll
 0002:00000088       \177KERNEL32_NULL_THUNK_DATA 000000018008c088     kernel32:KERNEL32.dll
 0002:00000090       __imp__onexit              000000018008c090     MSVCRT:MSVCR100.dll
 0002:00000098       __imp__lock                000000018008c098     MSVCRT:MSVCR100.dll
 0002:000000a0       __imp___dllonexit          000000018008c0a0     MSVCRT:MSVCR100.dll
 0002:000000a8       __imp__unlock              000000018008c0a8     MSVCRT:MSVCR100.dll
 0002:000000b0       __imp___clean_type_info_names_internal 000000018008c0b0     MSVCRT:MSVCR100.dll
 0002:000000b8       __imp___crt_debugger_hook  000000018008c0b8     MSVCRT:MSVCR100.dll
 0002:000000c0       __imp___CppXcptFilter      000000018008c0c0     MSVCRT:MSVCR100.dll
 0002:000000c8       __imp___C_specific_handler 000000018008c0c8     MSVCRT:MSVCR100.dll
 0002:000000d0       __imp__amsg_exit           000000018008c0d0     MSVCRT:MSVCR100.dll
 0002:000000d8       __imp__encoded_null        000000018008c0d8     MSVCRT:MSVCR100.dll
 0002:000000e0       __imp__initterm_e          000000018008c0e0     MSVCRT:MSVCR100.dll
 0002:000000e8       __imp__initterm            000000018008c0e8     MSVCRT:MSVCR100.dll
 0002:000000f0       __imp__malloc_crt          000000018008c0f0     MSVCRT:MSVCR100.dll
 0002:000000f8       __imp_ldexp                000000018008c0f8     MSVCRT:MSVCR100.dll
 0002:00000100       __imp_realloc              000000018008c100     MSVCRT:MSVCR100.dll
 0002:00000108       __imp_calloc               000000018008c108     MSVCRT:MSVCR100.dll
 0002:00000110       __imp__setjmp              000000018008c110     MSVCRT:MSVCR100.dll
 0002:00000118       __imp_strrchr              000000018008c118     MSVCRT:MSVCR100.dll
 0002:00000120       __imp_ceil                 000000018008c120     MSVCRT:MSVCR100.dll
 0002:00000128       __imp_strncmp              000000018008c128     MSVCRT:MSVCR100.dll
 0002:00000130       __imp_longjmp              000000018008c130     MSVCRT:MSVCR100.dll
 0002:00000138       __imp_strncpy              000000018008c138     MSVCRT:MSVCR100.dll
 0002:00000140       __imp_memcpy               000000018008c140     MSVCRT:MSVCR100.dll
 0002:00000148       __imp_strcat               000000018008c148     MSVCRT:MSVCR100.dll
[...]
 0001:000631c0       ml_check_mx_array_for_single_castability 00000001800641c0 f   sfc_mex:sfc_mex.obj
 0001:00063260       ml_check_mx_array_for_logical_castability 0000000180064260 f   sfc_mex:sfc_mex.obj
 0001:00063300       ml_check_mx_array_for_int8_castability 0000000180064300 f   sfc_mex:sfc_mex.obj
 0001:000633b0       ml_check_mx_array_for_uint8_castability 00000001800643b0 f   sfc_mex:sfc_mex.obj
 0001:00063410       ml_check_mx_array_for_int16_castability 0000000180064410 f   sfc_mex:sfc_mex.obj
 0001:00063470       ml_check_mx_array_for_uint16_castability 0000000180064470 f   sfc_mex:sfc_mex.obj
 0001:000634d0       ml_check_mx_array_for_int32_castability 00000001800644d0 f   sfc_mex:sfc_mex.obj
 0001:00063530       ml_check_mx_array_for_uint32_castability 0000000180064530 f   sfc_mex:sfc_mex.obj
 0001:00063590       ml_check_mx_array_for_castability 0000000180064590 f   sfc_mex:sfc_mex.obj
 0001:00063ec0       set_data_value             0000000180064ec0 f   sfc_mex:sfc_mex.obj
 0001:00064230       get_data_value             0000000180065230 f   sfc_mex:sfc_mex.obj
 0001:00064340       get_next_element_address   0000000180065340 f   sfc_mex:sfc_mex.obj
 0001:00064410       sf_normalize_index         0000000180065410 f   sfc_mex:sfc_mex.obj
 0001:000647a0       ml_array_index_bound_check 00000001800657a0 f   sfc_mex:sfc_mex.obj
 0001:000652c0       mx_value                   00000001800662c0 f   sfc_mex:sfc_mex.obj
 0001:00065310       sf_create_numeric_array    0000000180066310 f   sfc_mex:sfc_mex.obj
 0001:000653b0       sf_mex_assign_to_mx_array  00000001800663b0 f   sfc_mex:sfc_mex.obj
 0001:00065700       assign_from_mx_array       0000000180066700 f   sfc_mex:sfc_mex.obj
 0001:00065f30       sf_mex_import_v            0000000180066f30 f   sfc_mex:sfc_mex.obj
 0001:00066500       get_machine_and_chart_file_number 0000000180067500 f   sfc_mex:sfc_sf.obj
 0001:000665f0       get_sfun_block_specialization 00000001800675f0 f   sfc_mex:sfc_sf.obj
 0001:00066670       call_sf_machine_global_method_dispatcher 0000000180067670 f   sfc_mex:sfc_sf.obj
 0001:000668a0       mdl_zeroCrossings_processing 00000001800678a0 f   sfc_mex:sfc_sf.obj
 0001:00066970       mdl_derivatives_processing 0000000180067970 f   sfc_mex:sfc_sf.obj
 0001:00066c30       mdl_outputs_continuous_legacy 0000000180067c30 f   sfc_mex:sfc_sf.obj
 0001:00066cb0       mdl_outputs_processing     0000000180067cb0 f   sfc_mex:sfc_sf.obj
 0001:00066ee0       mdl_enable_processing      0000000180067ee0 f   sfc_mex:sfc_sf.obj
 0001:00066fb0       mdl_disable_processing     0000000180067fb0 f   sfc_mex:sfc_sf.obj
 0001:00067900       write_symbol_mapping       0000000180068900 f   sfc_mex:sfc_sf.obj
 0001:00068020       sf_call_output_fcn_enable_disable 0000000180069020 f   sfc_mex:sfc_sf.obj
 0001:000682a0       set_dwork_information_from_mx_array 00000001800692a0 f   sfc_mex:sfc_sf.obj
 0001:00068b90       ptr2mxStruct               0000000180069b90 f   sfc_mex:sfc_sf.obj
 0001:00068ea0       SNPRINTF_WRAPPER           0000000180069ea0 f   sfc_debug:sfcdebug.obj
 0001:00068ec0       sf_debug_chart_instance_initialized_quick 0000000180069ec0 f   sfc_debug:sfcdebug.obj
 0001:00068ed0       sf_debug_chart_instance_initialized 0000000180069ed0 f   sfc_debug:sfcdebug.obj
 0001:00069070       sfrtAddSize                000000018006a070 f   sfc_debug:sfcdebug.obj
 0001:00069130       sfrtGenSizeString          000000018006a130 f   sfc_debug:sfcdebug.obj
 0001:00069840       sf_debug_sim_status_listener 000000018006a840 f   sfc_debug:sfcdebug.obj
 0001:00069db0       sf_debug_form_mask_bits    000000018006adb0 f   sfc_debug:sfcdebug.obj
 0001:00069df0       sf_debug_form_sf_data_type_offsets 000000018006adf0 f   sfc_debug:sfcdebug.obj
 0001:00069eb0       sf_debug_free_all          000000018006aeb0 f   sfc_debug:sfcdebug.obj
 0001:0006a030       sf_debug_append_debugger_context 000000018006b030 f   sfc_debug:sfcdebug.obj
 0001:0006a2f0       local_strdup               000000018006b2f0 f   sfc_debug:sfcdebug.obj
 0001:0006b1d0       sf_debug_em_terminate      000000018006c1d0 f   sfc_debug:sfcdebug.obj
 0001:0006b210       sf_debug_push_eml_function 000000018006c210 f   sfc_debug:sfcdebug.obj
 0001:0006b2b0       sf_debug_pop_eml_function  000000018006c2b0 f   sfc_debug:sfcdebug.obj
 0001:0006bfb0       sf_debug_get_machine_number_from_id_or_name 000000018006cfb0 f   sfc_debug:sfcdebug.obj
 0001:0006c100       sf_debug_get_chart_number_from_id 000000018006d100 f   sfc_debug:sfcdebug.obj
 0001:0006cd70       sf_debug_transfer_control_to_debugger_GUI 000000018006dd70 f   sfc_debug:sfcdebug.obj
 0001:0006dd10       sf_debug_scripts_rehash    000000018006ed10 f   sfc_debug:sfcdebug.obj
 0001:0006df50       sf_debug_get_script_line_count 000000018006ef50 f   sfc_debug:sfcdebug.obj
 0001:0006e660       cv_eml_state_cvId          000000018006f660 f   sfc_debug:sfcdebug.obj
 0001:0006f880       sf_debug_data_array_bounds_error 0000000180070880 f   sfc_debug:sfcdebug.obj
 0001:0006fcb0       eml_debug_runtime_error_doclink 0000000180070cb0 f   sfc_debug:sfcdebug.obj
 0001:0006fe30       sf_debug_runtime_error     0000000180070e30 f   sfc_debug:sfcdebug.obj
 0001:0006fea0       sf_debug_matlab_error      0000000180070ea0 f   sfc_debug:sfcdebug.obj
 0001:00070750       sf_debug_data_value_error  0000000180071750 f   sfc_debug:sfcdebug.obj
 0001:00071050       sf_debug_data_loss_error   0000000180072050 f   sfc_debug:sfcdebug.obj
 0001:00071cb0       call_cv_range_check        0000000180072cb0 f   sfc_debug:sfcdebug.obj
 0001:00072480       sf_debug_invoke_cycle_detection_code 0000000180073480 f   sfc_debug:sfcdebug.obj
 0001:000732f0       sf_reset_debug_info_struct 00000001800742f0 f   sfc_debug:sfcdebug.obj
 0001:00073be0       cv_script_cvId             0000000180074be0 f   sfc_debug:sfcdebug.obj
 0001:000749d0       sfc_api_chart_visible      00000001800759d0 f   sfc_debug:sfc_api.obj
 0001:00074a50       sfc_api_active_instance    0000000180075a50 f   sfc_debug:sfc_api.obj
 0001:00074ad0       sfc_api_machine_load       0000000180075ad0 f   sfc_debug:sfc_api.obj
 0001:00074ba0       sfc_api_debugger_alive     0000000180075ba0 f   sfc_debug:sfc_api.obj
 0001:00074bb0       sfc_api_go                 0000000180075bb0 f   sfc_debug:sfc_api.obj
 0001:00074bc0       sfc_api_step_over          0000000180075bc0 f   sfc_debug:sfc_api.obj
 0001:00074bd0       sfc_api_step_out           0000000180075bd0 f   sfc_debug:sfc_api.obj
 0001:00074be0       sfc_api_resume             0000000180075be0 f   sfc_debug:sfc_api.obj
 0001:00074bf0       sfc_api_break              0000000180075bf0 f   sfc_debug:sfc_api.obj
 0001:00074c00       sfc_api_stop_debugging     0000000180075c00 f   sfc_debug:sfc_api.obj
 0001:00074c50       sfc_api_is_cycle_detected  0000000180075c50 f   sfc_debug:sfc_api.obj
 0001:00074ca0       sfc_api_is_array_bounds_detected 0000000180075ca0 f   sfc_debug:sfc_api.obj
 0001:00074cf0       sfc_api_set_disable_all_breakpoints 0000000180075cf0 f   sfc_debug:sfc_api.obj
 0001:00074d60       sfc_api_disable_all_breakpoints_and_go 0000000180075d60 f   sfc_debug:sfc_api.obj
 0001:00074d70       sfc_api_close              0000000180075d70 f   sfc_debug:sfc_api.obj
 0001:00074d80       sfc_api_browse_data        0000000180075d80 f   sfc_debug:sfc_api.obj
 0001:00074df0       sfc_api_watch_data         0000000180075df0 f   sfc_debug:sfc_api.obj
 0001:00074e90       sfc_api_assign_data        0000000180075e90 f   sfc_debug:sfc_api.obj
 0001:00074f30       sfc_api_whos               0000000180075f30 f   sfc_debug:sfc_api.obj
 0001:00074fc0       sfc_api_get_consistency_info 0000000180075fc0 f   sfc_debug:sfc_api.obj
 0001:00074fd0       sfc_api_browse_trace       0000000180075fd0 f   sfc_debug:sfc_api.obj
 0001:00074fe0       sfc_api_break_on_chart_entry 0000000180075fe0 f   sfc_debug:sfc_api.obj
 0001:00075000       sfc_api_break_on_event_broadcast 0000000180076000 f   sfc_debug:sfc_api.obj
 0001:00075020       sfc_api_break_on_state_entry 0000000180076020 f   sfc_debug:sfc_api.obj
 0001:00075040       sfc_api_set_watch          0000000180076040 f   sfc_debug:sfc_api.obj
 0001:000750e0       sfc_api_set_breakpoints    00000001800760e0 f   sfc_debug:sfc_api.obj
 0001:00075180       sfc_api_set_eml_breakpoints 0000000180076180 f   sfc_debug:sfc_api.obj
 0001:00075200       sfc_api_set_script_breakpoints 0000000180076200 f   sfc_debug:sfc_api.obj
 0001:00075250       sfc_api_add_script_breakpoints 0000000180076250 f   sfc_debug:sfc_api.obj
 0001:000752a0       sfc_api_clear_script_breakpoints 00000001800762a0 f   sfc_debug:sfc_api.obj
 0001:000752f0       sfc_api_query_script_breakpoints 00000001800762f0 f   sfc_debug:sfc_api.obj
 0001:00075350       sfc_api_get_script_id      0000000180076350 f   sfc_debug:sfc_api.obj
 0001:00075410       sfc_api_get_active_states  0000000180076410 f   sfc_debug:sfc_api.obj
 0001:00075490       sfc_api_break_between_times 0000000180076490 f   sfc_debug:sfc_api.obj
 0001:000754f0       sfc_api_get_instance_handle 00000001800764f0 f   sfc_debug:sfc_api.obj
 0001:000755a0       sfc_api_get_coverage       00000001800765a0 f   sfc_debug:sfc_api.obj
 0001:00075620       sfc_api_set_animation      0000000180076620 f   sfc_debug:sfc_api.obj
 0001:00075670       sfc_api_select_chart       0000000180076670 f   sfc_debug:sfc_api.obj
 0001:000756d0       sfc_api_select_charts      00000001800766d0 f   sfc_debug:sfc_api.obj
 0001:00075700       sfc_api_cycle_detection_check 0000000180076700 f   sfc_debug:sfc_api.obj
 0001:00075750       sfc_api_data_range_check   0000000180076750 f   sfc_debug:sfc_api.obj
 0001:000757a0       sfc_api_transition_conflict_check 00000001800767a0 f   sfc_debug:sfc_api.obj
 0001:000757f0       sfc_api_state_consistency_check 00000001800767f0 f   sfc_debug:sfc_api.obj
 0001:00075840       sfc_api_set_instance_cv_ids 0000000180076840 f   sfc_debug:sfc_api.obj
 0001:00075950       sfc_api_set_script_cv_ids  0000000180076950 f   sfc_debug:sfc_api.obj
 0001:000759f0       sfc_api_get_current_machine_id 00000001800769f0 f   sfc_debug:sfc_api.obj
 0001:00075a20       sfc_api_get_current_machine_number 0000000180076a20 f   sfc_debug:sfc_api.obj
 0001:00075a50       sfc_api_get_current_chart_number 0000000180076a50 f   sfc_debug:sfc_api.obj
 0001:00075a80       sfc_api_get_current_instance_number 0000000180076a80 f   sfc_debug:sfc_api.obj
 0001:00075ab0       sfc_api_get_current_instance_handle 0000000180076ab0 f   sfc_debug:sfc_api.obj
 0001:00075ad0       sfc_api_get_current_is_minor_time_step 0000000180076ad0 f   sfc_debug:sfc_api.obj
 0001:00075b00       sfc_api_get_current_machine_name 0000000180076b00 f   sfc_debug:sfc_api.obj
 0001:00075b20       sfc_api_get_current_chart_id 0000000180076b20 f   sfc_debug:sfc_api.obj
 0001:00075b50       sfc_api_get_current_object_type 0000000180076b50 f   sfc_debug:sfc_api.obj
 0001:00075b80       sfc_api_get_current_event_type 0000000180076b80 f   sfc_debug:sfc_api.obj
 0001:00075bb0       sfc_api_get_current_object_id 0000000180076bb0 f   sfc_debug:sfc_api.obj
 0001:00075be0       sfc_get_current_active_event_type 0000000180076be0 f   sfc_debug:sfc_api.obj
 0001:00075c10       sfc_api_get_current_active_event_id 0000000180076c10 f   sfc_debug:sfc_api.obj
 0001:00075c40       sfc_api_get_current_simulation_time 0000000180076c40 f   sfc_debug:sfc_api.obj
 0001:00075c60       sfc_get_current_tag_type   0000000180076c60 f   sfc_debug:sfc_api.obj
 0001:00075c90       sfc_get_current_coverage_percentage 0000000180076c90 f   sfc_debug:sfc_api.obj
 0001:00075cb0       sfc_get_current_statement_context 0000000180076cb0 f   sfc_debug:sfc_api.obj
 0001:00075cd0       sfc_get_current_optional_integer 0000000180076cd0 f   sfc_debug:sfc_api.obj
 0001:00075d00       sfc_get_current_statement_info 0000000180076d00 f   sfc_debug:sfc_api.obj
 0001:00075da0       sfc_api_get                0000000180076da0 f   sfc_debug:sfc_api.obj
 0001:00075f00       sf_debug_sm_is_using_unified_editors 0000000180076f00 f   sfc_debug:sfdb_animation.obj
 0001:00075fa0       sf_debug_sm_is_chart_visible_in_unified_editors 0000000180076fa0 f   sfc_debug:sfdb_animation.obj
 0001:00076060       sf_debug_sm_check_if_chart_is_visible 0000000180077060 f   sfc_debug:sfdb_animation.obj
 0001:00076b60       sf_debug_sm_fill_state_activity_data 0000000180077b60 f   sfc_debug:sfdb_animation.obj
 0001:00079150       sf_debug_hm_get_simulink_handle 000000018007a150 f   sfc_debug:sfdb_handle_management.obj
 0001:00079ca0       sf_debug_hm_initialize_globals 000000018007aca0 f   sfc_debug:sfdb_handle_management.obj
 0001:00079da0       sf_debug_hm_get_machine_debug_flag 000000018007ada0 f   sfc_debug:sfdb_handle_management.obj
 0001:00079f10       sf_debug_hm_get_machine_id 000000018007af10 f   sfc_debug:sfdb_handle_management.obj
 0001:0007a030       sf_debug_hm_get_chart_id   000000018007b030 f   sfc_debug:sfdb_handle_management.obj
 0001:0007a1d0       sf_debug_hm_register_executing_SFunction 000000018007b1d0 f   sfc_debug:sfdb_handle_management.obj
 0001:0007a370       sf_debug_hm_get_chart_active_instance 000000018007b370 f   sfc_debug:sfdb_handle_management.obj
 0001:0007a4e0       sf_debug_hm_get_chart_visibility 000000018007b4e0 f   sfc_debug:sfdb_handle_management.obj
 0001:0007a630       sf_debug_hm_form_object_boolean_properties 000000018007b630 f   sfc_debug:sfdb_handle_management.obj
 0001:0007a900       sf_debug_hm_form_object_properties 000000018007b900 f   sfc_debug:sfdb_handle_management.obj
 0001:0007ab40       sf_debug_hm_terminate_charts 000000018007bb40 f   sfc_debug:sfdb_handle_management.obj
 0001:0007b2b0       sf_debug_hm_terminate_machines 000000018007c2b0 f   sfc_debug:sfdb_handle_management.obj
 0001:0007cbd0       void_ptr_stack_vector_free_total 000000018007dbd0 f   sfc_debug:sfdb_data_browse.obj
 0001:0007cc60       sf_debug_st_terminate_machine 000000018007dc60 f   sfc_debug:sfdb_data_browse.obj
 0001:0007cca0       sf_debug_st_terminate_instance 000000018007dca0 f   sfc_debug:sfdb_data_browse.obj
 0001:0007d050       push_on_to_void_ptr_stack  000000018007e050 f   sfc_debug:sfdb_data_browse.obj
 0001:0007d1e0       pop_from_void_ptr_stack    000000018007e1e0 f   sfc_debug:sfdb_data_browse.obj
 0001:0007d310       sf_debug_st_get_data_value 000000018007e310 f   sfc_debug:sfdb_data_browse.obj
 0001:0007d8a0       mx_value                   000000018007e8a0 f   sfc_debug:sfdb_data_browse.obj
 0001:0007d8e0       sf_debug_st_fill_data_struct 000000018007e8e0 f   sfc_debug:sfdb_data_browse.obj
 0001:0007dc20       data_type_format_strings   000000018007ec20 f   sfc_debug:sfdb_data_browse.obj
 0001:0007dcd0       sf_debug_st_fill_data      000000018007ecd0 f   sfc_debug:sfdb_data_browse.obj
 0001:0007ef10       sf_debug_ss_copy_dimension 000000018007ff10 f   sfc_debug:sfdb_symbol_scope.obj
 0001:0007efd0       sf_debug_ss_get_number_elements 000000018007ffd0 f   sfc_debug:sfdb_symbol_scope.obj
 0001:0007eff0       sf_debug_ss_fill_data_struct 000000018007fff0 f   sfc_debug:sfdb_symbol_scope.obj
 0001:0007f340       sf_debug_ss_reset_data_info 0000000180080340 f   sfc_debug:sfdb_symbol_scope.obj
 0001:0007f3a0       sf_debug_fill_data_info_by_symbol_scope_entry 00000001800803a0 f   sfc_debug:sfdb_symbol_scope.obj
 0001:0007f460       sf_debug_fill_data_info_by_data_vector 0000000180080460 f   sfc_debug:sfdb_symbol_scope.obj
 0001:0007f6b0       sf_debug_ss_get_data_info  00000001800806b0 f   sfc_debug:sfdb_symbol_scope.obj
 0001:0007f9a0       sf_debug_select_mex_function 00000001800809a0 f   sfc_debug:sfdb_symbol_scope.obj
 0001:0007f9d0       sf_debug_is_dyn_matrix_initialized 00000001800809d0 f   sfc_debug:sfdb_symbol_scope.obj
 0001:0007f9f0       sf_debug_ss_set_data_value_try 00000001800809f0 f   sfc_debug:sfdb_symbol_scope.obj
 0001:0007fbc0       sf_debug_ss_get_data_value 0000000180080bc0 f   sfc_debug:sfdb_symbol_scope.obj
 0001:00080110       sf_debug_ss_data_bytes_string 0000000180081110 f   sfc_debug:sfdb_symbol_scope.obj
 0001:000801c0       sf_debug_ss_data_class_string 00000001800811c0 f   sfc_debug:sfdb_symbol_scope.obj
 0001:00080550       sf_debug_ss_data_size_string 0000000180081550 f   sfc_debug:sfdb_symbol_scope.obj
 0001:00080630       sf_debug_ss_data_create_data_info_struct 0000000180081630 f   sfc_debug:sfdb_symbol_scope.obj
 0001:00080900       sf_debug_ss_data_create_name_value_pair 0000000180081900 f   sfc_debug:sfdb_symbol_scope.obj
 0001:000809a0       sf_debug_ss_data_get_whos_info 00000001800819a0 f   sfc_debug:sfdb_symbol_scope.obj
 0001:000809b0       same_named_data_in_data_array 00000001800819b0 f   sfc_debug:sfdb_symbol_scope.obj
 0001:00082220       sf_debug_cc_terminate_chart 0000000180083220 f   sfc_debug:sfdb_coverage.obj
 0001:000825c0       sf_debug_cc_terminate_instance 00000001800835c0 f   sfc_debug:sfdb_coverage.obj
 0001:000831b0       sf_debug_cc_mark_object_if_needed 00000001800841b0 f   sfc_debug:sfdb_coverage.obj
 0001:00083570       sf_debug_cc_fill_transition_coverage_data 0000000180084570 f   sfc_debug:sfdb_coverage.obj
 0001:00083700       sf_debug_cc_fill_transition_coverage_map 0000000180084700 f   sfc_debug:sfdb_coverage.obj
 0001:000839b0       sf_debug_cc_fill_state_coverage_map 00000001800849b0 f   sfc_debug:sfdb_coverage.obj
 0001:00083c00       sf_debug_cc_fill_state_coverage_data 0000000180084c00 f   sfc_debug:sfdb_coverage.obj
 0001:00084840       sf_debug_bm_initialize_eml 0000000180085840 f   sfc_debug:sfdb_breakpoints.obj
 0001:000859b0       sf_debug_bm_map_debug_tag_to_breakpoint_tag 00000001800869b0 f   sfc_debug:sfdb_breakpoints.obj
 0001:00085a90       sf_debug_bm_is_a_eml_breakpoint_impl 0000000180086a90 f   sfc_debug:sfdb_breakpoints.obj
 0001:00087510       sf_debug_sc_push_on_error_stack 0000000180088510 f   sfc_debug:sfdb_state_consistency.obj
 0001:00087640       sf_debug_sc_reset_error_stack 0000000180088640 f   sfc_debug:sfdb_state_consistency.obj
 0001:000877d0       sf_debug_sc_is_state_inconsistent 00000001800887d0 f   sfc_debug:sfdb_state_consistency.obj
 0001:00087ad0       sf_debug_sc_fill_consistency_info 0000000180088ad0 f   sfc_debug:sfdb_state_consistency.obj
 0001:000880b0       void_assertion_fcn         00000001800890b0 f   sfc_debug:sfdb_call_stack.obj
 0001:00088630       sf_debug_tm_fill_local_trace 0000000180089630 f   sfc_debug:sfdb_call_stack.obj
 0001:00088c00       sf_debug_cd_terminate_instance 0000000180089c00 f   sfc_debug:sfdb_cycle_detection.obj
 0001:00088c60       sf_debug_cd_free_checksum_stack 0000000180089c60 f   sfc_debug:sfdb_cycle_detection.obj
 0001:00088cb0       sf_debug_cd_reset_pack_strings 0000000180089cb0 f   sfc_debug:sfdb_cycle_detection.obj
 0001:00089370       md5file_clear              000000018008a370 f   sfc_debug:ckmd5.obj
 0001:000893a0       Encode                     000000018008a3a0 f   sfc_debug:ckmd5.obj
 0001:000893f0       Decode                     000000018008a3f0 f   sfc_debug:ckmd5.obj
 0001:00089490       MD5Transform               000000018008a490 f   sfc_debug:ckmd5.obj
 0001:00089ce0       md5file_addn               000000018008ace0 f   sfc_debug:ckmd5.obj
 0001:00089db0       md5file_hash               000000018008adb0 f   sfc_debug:ckmd5.obj
 0001:0008a2c4       pre_c_init                 000000018008b2c4 f   MSVCRT:crtdll.obj
 0001:0008a580       __DllMainCRTStartup        000000018008b580 f   MSVCRT:crtdll.obj
 0001:0008ac20       __DllMainCRTStartup$filt$0 000000018008bc20 f   MSVCRT:crtdll.obj
 0001:0008ac50       __DllMainCRTStartup$fin$1  000000018008bc50 f   MSVCRT:crtdll.obj
 0001:0008ac6a       _onexit$fin$0              000000018008bc6a f   MSVCRT:atonexit.obj
 0001:0008ac90       _IsNonwritableInCurrentImage$filt$0 000000018008bc90 f   MSVCRT:pesect.obj
