 hdlcodercpu_eml_sfun

 Timestamp is 53fe8a8f (Wed Aug 27 18:49:03 2014)

 Preferred load address is 0000000180000000

 Start         Length     Name                   Class
 0001:00000000 000ccbb4H .text                   CODE
 0001:000ccbc0 00000092H .text$x                 CODE
 0002:00000000 00000478H .idata$5                DATA
 0002:00000478 00000008H .CRT$XCA                DATA
 0002:00000480 00000008H .CRT$XCZ                DATA
 0002:00000488 00000008H .CRT$XIA                DATA
 0002:00000490 00000008H .CRT$XIAA               DATA
 0002:00000498 00000008H .CRT$XIZ                DATA
 0002:000004a0 000007e4H .rdata                  DATA
 0002:00000c88 00000008H .rtc$IAA                DATA
 0002:00000c90 00000008H .rtc$IZZ                DATA
 0002:00000c98 00000008H .rtc$TAA                DATA
 0002:00000ca0 00000008H .rtc$TZZ                DATA
 0002:00000ca8 0000170cH .xdata                  DATA
 0002:000023b4 00000078H .idata$2                DATA
 0002:0000242c 00000014H .idata$3                DATA
 0002:00002440 00000478H .idata$4                DATA
 0002:000028b8 00000c52H .idata$6                DATA
 0002:00003510 0000005aH .edata                  DATA
 0003:00000000 000542a8H .data                   DATA
 0003:000542b0 000008b8H .bss                    DATA
 0004:00000000 00001ff8H .pdata                  DATA

  Address         Publics by Value              Rva+Base               Lib:Object

 0000:00000000       ___safe_se_handler_count   0000000000000000     <absolute>
 0000:00000000       ___safe_se_handler_table   0000000000000000     <absolute>
 0000:00000000       __ImageBase                0000000180000000     <linker-defined>
 0001:00000000       hdlcodercpu_eml_initializer 0000000180001000 f   hdlcodercpu_eml_sfun.obj
 0001:00000010       hdlcodercpu_eml_terminator 0000000180001010 f   hdlcodercpu_eml_sfun.obj
 0001:00000020       sf_hdlcodercpu_eml_method_dispatcher 0000000180001020 f   hdlcodercpu_eml_sfun.obj
 0001:00000180       sf_hdlcodercpu_eml_process_testpoint_info_call 0000000180001180 f   hdlcodercpu_eml_sfun.obj
 0001:000002e0       sf_hdlcodercpu_eml_process_check_sum_call 00000001800012e0 f   hdlcodercpu_eml_sfun.obj
 0001:000007b0       sf_hdlcodercpu_eml_autoinheritance_info 00000001800017b0 f   hdlcodercpu_eml_sfun.obj
 0001:00000ba0       sf_hdlcodercpu_eml_get_eml_resolved_functions_info 0000000180001ba0 f   hdlcodercpu_eml_sfun.obj
 0001:00000ed0       sf_hdlcodercpu_eml_third_party_uses_info 0000000180001ed0 f   hdlcodercpu_eml_sfun.obj
 0001:000011c0       sf_hdlcodercpu_eml_updateBuildInfo_args_info 00000001800021c0 f   hdlcodercpu_eml_sfun.obj
 0001:000014b0       hdlcodercpu_eml_debug_initialize 00000001800024b0 f   hdlcodercpu_eml_sfun.obj
 0001:00001530       hdlcodercpu_eml_register_exported_symbols 0000000180002530 f   hdlcodercpu_eml_sfun.obj
 0001:00001540       load_hdlcodercpu_eml_optimization_info 0000000180002540 f   hdlcodercpu_eml_sfun.obj
 0001:00001590       unload_hdlcodercpu_eml_optimization_info 0000000180002590 f   hdlcodercpu_eml_sfun.obj
 0001:000015c0       sf_c1_hdlcodercpu_eml_get_eml_resolved_functions_info 00000001800025c0 f   c1_hdlcodercpu_eml.obj
 0001:00008030       sf_c1_hdlcodercpu_eml_get_check_sum 0000000180009030 f   c1_hdlcodercpu_eml.obj
 0001:000080b0       sf_c1_hdlcodercpu_eml_get_autoinheritance_info 00000001800090b0 f   c1_hdlcodercpu_eml.obj
 0001:000088c0       sf_c1_hdlcodercpu_eml_third_party_uses_info 00000001800098c0 f   c1_hdlcodercpu_eml.obj
 0001:000088f0       sf_c1_hdlcodercpu_eml_updateBuildInfo_args_info 00000001800098f0 f   c1_hdlcodercpu_eml.obj
 0001:00008920       sf_internal_get_sim_state_c1_hdlcodercpu_eml 0000000180009920 f   c1_hdlcodercpu_eml.obj
 0001:00008de0       sf_internal_set_sim_state_c1_hdlcodercpu_eml 0000000180009de0 f   c1_hdlcodercpu_eml.obj
 0001:00009270       c1_hdlcodercpu_eml_method_dispatcher 000000018000a270 f   c1_hdlcodercpu_eml.obj
 0001:0000c7f0       sf_c2_hdlcodercpu_eml_get_eml_resolved_functions_info 000000018000d7f0 f   c2_hdlcodercpu_eml.obj
 0001:00023080       sf_c2_hdlcodercpu_eml_get_check_sum 0000000180024080 f   c2_hdlcodercpu_eml.obj
 0001:00023100       sf_c2_hdlcodercpu_eml_get_autoinheritance_info 0000000180024100 f   c2_hdlcodercpu_eml.obj
 0001:00025970       sf_c2_hdlcodercpu_eml_third_party_uses_info 0000000180026970 f   c2_hdlcodercpu_eml.obj
 0001:000259a0       sf_c2_hdlcodercpu_eml_updateBuildInfo_args_info 00000001800269a0 f   c2_hdlcodercpu_eml.obj
 0001:000259d0       sf_internal_get_sim_state_c2_hdlcodercpu_eml 00000001800269d0 f   c2_hdlcodercpu_eml.obj
 0001:00027a80       sf_internal_set_sim_state_c2_hdlcodercpu_eml 0000000180028a80 f   c2_hdlcodercpu_eml.obj
 0001:00029540       c2_hdlcodercpu_eml_method_dispatcher 000000018002a540 f   c2_hdlcodercpu_eml.obj
 0001:0003e340       sf_c3_hdlcodercpu_eml_get_eml_resolved_functions_info 000000018003f340 f   c3_hdlcodercpu_eml.obj
 0001:00043c80       sf_c3_hdlcodercpu_eml_get_check_sum 0000000180044c80 f   c3_hdlcodercpu_eml.obj
 0001:00043d00       sf_c3_hdlcodercpu_eml_get_autoinheritance_info 0000000180044d00 f   c3_hdlcodercpu_eml.obj
 0001:000448f0       sf_c3_hdlcodercpu_eml_third_party_uses_info 00000001800458f0 f   c3_hdlcodercpu_eml.obj
 0001:00044920       sf_c3_hdlcodercpu_eml_updateBuildInfo_args_info 0000000180045920 f   c3_hdlcodercpu_eml.obj
 0001:00044950       sf_internal_get_sim_state_c3_hdlcodercpu_eml 0000000180045950 f   c3_hdlcodercpu_eml.obj
 0001:00045030       sf_internal_set_sim_state_c3_hdlcodercpu_eml 0000000180046030 f   c3_hdlcodercpu_eml.obj
 0001:000456e0       c3_hdlcodercpu_eml_method_dispatcher 00000001800466e0 f   c3_hdlcodercpu_eml.obj
 0001:00049660       sf_c4_hdlcodercpu_eml_get_eml_resolved_functions_info 000000018004a660 f   c4_hdlcodercpu_eml.obj
 0001:00063740       sf_c4_hdlcodercpu_eml_get_check_sum 0000000180064740 f   c4_hdlcodercpu_eml.obj
 0001:000637c0       sf_c4_hdlcodercpu_eml_get_autoinheritance_info 00000001800647c0 f   c4_hdlcodercpu_eml.obj
 0001:000648d0       sf_c4_hdlcodercpu_eml_third_party_uses_info 00000001800658d0 f   c4_hdlcodercpu_eml.obj
 0001:00064900       sf_c4_hdlcodercpu_eml_updateBuildInfo_args_info 0000000180065900 f   c4_hdlcodercpu_eml.obj
 0001:00064930       sf_internal_get_sim_state_c4_hdlcodercpu_eml 0000000180065930 f   c4_hdlcodercpu_eml.obj
 0001:00064fc0       sf_internal_set_sim_state_c4_hdlcodercpu_eml 0000000180065fc0 f   c4_hdlcodercpu_eml.obj
 0001:00065650       c4_hdlcodercpu_eml_method_dispatcher 0000000180066650 f   c4_hdlcodercpu_eml.obj
 0001:0006d9a0       sf_c5_hdlcodercpu_eml_get_eml_resolved_functions_info 000000018006e9a0 f   c5_hdlcodercpu_eml.obj
 0001:00071f50       sf_c5_hdlcodercpu_eml_get_check_sum 0000000180072f50 f   c5_hdlcodercpu_eml.obj
 0001:00071fd0       sf_c5_hdlcodercpu_eml_get_autoinheritance_info 0000000180072fd0 f   c5_hdlcodercpu_eml.obj
 0001:000727d0       sf_c5_hdlcodercpu_eml_third_party_uses_info 00000001800737d0 f   c5_hdlcodercpu_eml.obj
 0001:00072800       sf_c5_hdlcodercpu_eml_updateBuildInfo_args_info 0000000180073800 f   c5_hdlcodercpu_eml.obj
 0001:00072830       sf_internal_get_sim_state_c5_hdlcodercpu_eml 0000000180073830 f   c5_hdlcodercpu_eml.obj
 0001:00072f60       sf_internal_set_sim_state_c5_hdlcodercpu_eml 0000000180073f60 f   c5_hdlcodercpu_eml.obj
 0001:00073780       c5_hdlcodercpu_eml_method_dispatcher 0000000180074780 f   c5_hdlcodercpu_eml.obj
 0001:0007d500       sf_c6_hdlcodercpu_eml_get_eml_resolved_functions_info 000000018007e500 f   c6_hdlcodercpu_eml.obj
 0001:000810e0       sf_c6_hdlcodercpu_eml_get_check_sum 00000001800820e0 f   c6_hdlcodercpu_eml.obj
 0001:00081160       sf_c6_hdlcodercpu_eml_get_autoinheritance_info 0000000180082160 f   c6_hdlcodercpu_eml.obj
 0001:00081ab0       sf_c6_hdlcodercpu_eml_third_party_uses_info 0000000180082ab0 f   c6_hdlcodercpu_eml.obj
 0001:00081ae0       sf_c6_hdlcodercpu_eml_updateBuildInfo_args_info 0000000180082ae0 f   c6_hdlcodercpu_eml.obj
 0001:00081b10       sf_internal_get_sim_state_c6_hdlcodercpu_eml 0000000180082b10 f   c6_hdlcodercpu_eml.obj
 0001:000821f0       sf_internal_set_sim_state_c6_hdlcodercpu_eml 00000001800831f0 f   c6_hdlcodercpu_eml.obj
 0001:000828c0       c6_hdlcodercpu_eml_method_dispatcher 00000001800838c0 f   c6_hdlcodercpu_eml.obj
 0001:00086520       sf_c7_hdlcodercpu_eml_get_eml_resolved_functions_info 0000000180087520 f   c7_hdlcodercpu_eml.obj
 0001:00093b10       sf_c7_hdlcodercpu_eml_get_check_sum 0000000180094b10 f   c7_hdlcodercpu_eml.obj
 0001:00093b90       sf_c7_hdlcodercpu_eml_get_autoinheritance_info 0000000180094b90 f   c7_hdlcodercpu_eml.obj
 0001:000944e0       sf_c7_hdlcodercpu_eml_third_party_uses_info 00000001800954e0 f   c7_hdlcodercpu_eml.obj
 0001:00094510       sf_c7_hdlcodercpu_eml_updateBuildInfo_args_info 0000000180095510 f   c7_hdlcodercpu_eml.obj
 0001:00094540       sf_internal_get_sim_state_c7_hdlcodercpu_eml 0000000180095540 f   c7_hdlcodercpu_eml.obj
 0001:00094c20       sf_internal_set_sim_state_c7_hdlcodercpu_eml 0000000180095c20 f   c7_hdlcodercpu_eml.obj
 0001:000952d0       c7_hdlcodercpu_eml_method_dispatcher 00000001800962d0 f   c7_hdlcodercpu_eml.obj
 0001:000990e0       sf_c8_hdlcodercpu_eml_get_eml_resolved_functions_info 000000018009a0e0 f   c8_hdlcodercpu_eml.obj
 0001:000ad9a0       sf_c8_hdlcodercpu_eml_get_check_sum 00000001800ae9a0 f   c8_hdlcodercpu_eml.obj
 0001:000ada20       sf_c8_hdlcodercpu_eml_get_autoinheritance_info 00000001800aea20 f   c8_hdlcodercpu_eml.obj
 0001:000ae8a0       sf_c8_hdlcodercpu_eml_third_party_uses_info 00000001800af8a0 f   c8_hdlcodercpu_eml.obj
 0001:000ae8d0       sf_c8_hdlcodercpu_eml_updateBuildInfo_args_info 00000001800af8d0 f   c8_hdlcodercpu_eml.obj
 0001:000ae900       sf_internal_get_sim_state_c8_hdlcodercpu_eml 00000001800af900 f   c8_hdlcodercpu_eml.obj
 0001:000aef90       sf_internal_set_sim_state_c8_hdlcodercpu_eml 00000001800aff90 f   c8_hdlcodercpu_eml.obj
 0001:000af620       c8_hdlcodercpu_eml_method_dispatcher 00000001800b0620 f   c8_hdlcodercpu_eml.obj
 0001:000b4f80       sf_c9_hdlcodercpu_eml_get_eml_resolved_functions_info 00000001800b5f80 f   c9_hdlcodercpu_eml.obj
 0001:000c1450       sf_c9_hdlcodercpu_eml_get_check_sum 00000001800c2450 f   c9_hdlcodercpu_eml.obj
 0001:000c14d0       sf_c9_hdlcodercpu_eml_get_autoinheritance_info 00000001800c24d0 f   c9_hdlcodercpu_eml.obj
 0001:000c1e20       sf_c9_hdlcodercpu_eml_third_party_uses_info 00000001800c2e20 f   c9_hdlcodercpu_eml.obj
 0001:000c1e50       sf_c9_hdlcodercpu_eml_updateBuildInfo_args_info 00000001800c2e50 f   c9_hdlcodercpu_eml.obj
 0001:000c1e80       sf_internal_get_sim_state_c9_hdlcodercpu_eml 00000001800c2e80 f   c9_hdlcodercpu_eml.obj
 0001:000c2340       sf_internal_set_sim_state_c9_hdlcodercpu_eml 00000001800c3340 f   c9_hdlcodercpu_eml.obj
 0001:000c27d0       c9_hdlcodercpu_eml_method_dispatcher 00000001800c37d0 f   c9_hdlcodercpu_eml.obj
 0001:000c5990       sf_process_check_sum_call  00000001800c6990 f   hdlcodercpu_eml_sfun_registry.obj
 0001:000c59e0       sf_process_testpoint_info_call 00000001800c69e0 f   hdlcodercpu_eml_sfun_registry.obj
 0001:000c5a30       sf_process_autoinheritance_call 00000001800c6a30 f   hdlcodercpu_eml_sfun_registry.obj
 0001:000c5bd0       sf_process_get_third_party_uses_info_call 00000001800c6bd0 f   hdlcodercpu_eml_sfun_registry.obj
 0001:000c5d70       sf_process_get_updateBuildInfo_args_info_call 00000001800c6d70 f   hdlcodercpu_eml_sfun_registry.obj
 0001:000c5f10       sf_process_get_eml_resolved_functions_info_call 00000001800c6f10 f   hdlcodercpu_eml_sfun_registry.obj
 0001:000c6090       sf_mex_unlock_call         00000001800c7090 f   hdlcodercpu_eml_sfun_registry.obj
 0001:000c6140       sf_machine_global_initializer_called 00000001800c7140 f   hdlcodercpu_eml_sfun_registry.obj
 0001:000c6170       sf_machine_global_method_dispatcher 00000001800c7170 f   hdlcodercpu_eml_sfun_registry.obj
 0001:000c61d0       sf_machine_global_terminator 00000001800c71d0 f   hdlcodercpu_eml_sfun_registry.obj
 0001:000c6220       sf_register_machine_exported_symbols 00000001800c7220 f   hdlcodercpu_eml_sfun_registry.obj
 0001:000c6240       callCustomFcn              00000001800c7240 f   hdlcodercpu_eml_sfun_registry.obj
 0001:000c6250       sf_machine_global_initializer 00000001800c7250 f   hdlcodercpu_eml_sfun_registry.obj
 0001:000c62d0       mdlGetSimState             00000001800c72d0 f   hdlcodercpu_eml_sfun_registry.obj
 0001:000c6350       mdlSetSimState             00000001800c7350 f   hdlcodercpu_eml_sfun_registry.obj
 0001:000c6390       _ssSetStateAbsTol          00000001800c7390 f   hdlcodercpu_eml_sfun_registry.obj
 0001:000c6470       _ssGetAbsTol               00000001800c7470 f   hdlcodercpu_eml_sfun_registry.obj
 0001:000c64e0       _ssSetInputPortMatrixDimensions 00000001800c74e0 f   hdlcodercpu_eml_sfun_registry.obj
 0001:000c65f0       _ssSetOutputPortMatrixDimensions 00000001800c75f0 f   hdlcodercpu_eml_sfun_registry.obj
 0001:000c6700       _ssSetInputPortVectorDimension 00000001800c7700 f   hdlcodercpu_eml_sfun_registry.obj
 0001:000c67d0       _ssSetOutputPortVectorDimension 00000001800c77d0 f   hdlcodercpu_eml_sfun_registry.obj
 0001:000c68a0       ssIsRunTimeParamTunable    00000001800c78a0 f   hdlcodercpu_eml_sfun_registry.obj
 0001:000c6910       ssGetSFuncBlockHandle      00000001800c7910 f   hdlcodercpu_eml_sfun_registry.obj
 0001:000c6980       _ssGetCurrentInputPortWidth 00000001800c7980 f   hdlcodercpu_eml_sfun_registry.obj
 0001:000c6aa0       _ssGetCurrentOutputPortWidth 00000001800c7aa0 f   hdlcodercpu_eml_sfun_registry.obj
 0001:000c6bc0       _ssGetCallSystemNumFcnCallDestinations 00000001800c7bc0 f   hdlcodercpu_eml_sfun_registry.obj
 0001:000c6c30       ssWarning                  00000001800c7c30 f   hdlcodercpu_eml_sfun_registry.obj
 0001:000c6d40       ssGetIsZeroCrossControlDisabled 00000001800c7d40 f   hdlcodercpu_eml_sfun_registry.obj
 0001:000c6db0       ssSetIsInputPortUsedForContZcSignal 00000001800c7db0 f   hdlcodercpu_eml_sfun_registry.obj
 0001:000c6e20       ssSetZcSignalIsZcElementDisc 00000001800c7e20 f   hdlcodercpu_eml_sfun_registry.obj
 0001:000c6ed0       ssSetZcSignalName          00000001800c7ed0 f   hdlcodercpu_eml_sfun_registry.obj
 0001:000c6f40       ssSetZcSignalWidth         00000001800c7f40 f   hdlcodercpu_eml_sfun_registry.obj
 0001:000c6fb0       ssSetZcSignalZcEventType   00000001800c7fb0 f   hdlcodercpu_eml_sfun_registry.obj
 0001:000c7020       ssSetZcSignalType          00000001800c8020 f   hdlcodercpu_eml_sfun_registry.obj
 0001:000c7090       ssSetZcSignalZcTol         00000001800c8090 f   hdlcodercpu_eml_sfun_registry.obj
 0001:000c7100       ssSetZcSignalNeedsEventNotification 00000001800c8100 f   hdlcodercpu_eml_sfun_registry.obj
 0001:000c7170       ssCreateAndAddZcSignalInfo 00000001800c8170 f   hdlcodercpu_eml_sfun_registry.obj
 0001:000c71e0       ssCloneAndAddZcSignalInfo  00000001800c81e0 f   hdlcodercpu_eml_sfun_registry.obj
 0001:000c7250       ssGetNumZcSignals          00000001800c8250 f   hdlcodercpu_eml_sfun_registry.obj
 0001:000c72c0       ssGetZcSignalVector        00000001800c82c0 f   hdlcodercpu_eml_sfun_registry.obj
 0001:000c7330       ssGetZcSignalZcEvents      00000001800c8330 f   hdlcodercpu_eml_sfun_registry.obj
 0001:000c73a0       ssGetZcSignalName          00000001800c83a0 f   hdlcodercpu_eml_sfun_registry.obj
 0001:000c7410       ssGetZcSignalWidth         00000001800c8410 f   hdlcodercpu_eml_sfun_registry.obj
 0001:000c7480       ssGetZcSignalZcEventType   00000001800c8480 f   hdlcodercpu_eml_sfun_registry.obj
 0001:000c74f0       ssGetZcSignalType          00000001800c84f0 f   hdlcodercpu_eml_sfun_registry.obj
 0001:000c7560       ssGetZcSignalZcTol         00000001800c8560 f   hdlcodercpu_eml_sfun_registry.obj
 0001:000c75e0       ssGetZcSignalNeedsEventNotification 00000001800c85e0 f   hdlcodercpu_eml_sfun_registry.obj
 0001:000c7650       ssGetZcSignalIsZcElementDisc 00000001800c8650 f   hdlcodercpu_eml_sfun_registry.obj
 0001:000c76f0       ssGetIsInputPortElementContinuous 00000001800c86f0 f   hdlcodercpu_eml_sfun_registry.obj
 0001:000c7790       _ssGetInputPortSignalPtrsFcn 00000001800c8790 f   hdlcodercpu_eml_sfun_registry.obj
 0001:000c7a50       _ssGetInputPortSignalFcn   00000001800c8a50 f   hdlcodercpu_eml_sfun_registry.obj
 0001:000c7c70       _ssSetInputPortDirectFeedThroughFcn 00000001800c8c70 f   hdlcodercpu_eml_sfun_registry.obj
 0001:000c7dd0       _ssSetInputPortReusableFcn 00000001800c8dd0 f   hdlcodercpu_eml_sfun_registry.obj
 0001:000c7ec0       _ssSetOutputPortReusableFcn 00000001800c8ec0 f   hdlcodercpu_eml_sfun_registry.obj
 0001:000c7fa0       ssGetDTypeIdFromMxArray    00000001800c8fa0 f   hdlcodercpu_eml_sfun_registry.obj
 0001:000c80c0       ssWriteRTWStr              00000001800c90c0 f   hdlcodercpu_eml_sfun_registry.obj
 0001:000c8120       ssWriteRTWMxVectParam      00000001800c9120 f   hdlcodercpu_eml_sfun_registry.obj
 0001:000c8180       ssWriteRTWMx2dMatParam     00000001800c9180 f   hdlcodercpu_eml_sfun_registry.obj
 0001:000c8200       ssWriteRTWNameValuePair    00000001800c9200 f   hdlcodercpu_eml_sfun_registry.obj
 0001:000c86f0       ssWriteRTWParameters       00000001800c96f0 f   hdlcodercpu_eml_sfun_registry.obj
 0001:000c8cf0       ssWriteRTWParamSettings    00000001800c9cf0 f   hdlcodercpu_eml_sfun_registry.obj
 0001:000c93c0       ssWriteRTWWorkVect         00000001800ca3c0 f   hdlcodercpu_eml_sfun_registry.obj
 0001:000c98c0       mexFunction                00000001800ca8c0 f   hdlcodercpu_eml_sfun_registry.obj
 0001:000cbd70       ProcessMexSfunctionEveryCall 00000001800ccd70 f   hdlcodercpu_eml_sfun_registry.obj
 0001:000cbef2       sf_debug_set_machine_data_thresholds 00000001800ccef2 f   sf_runtime:sf_runtime.dll
 0001:000cbef8       sf_debug_set_machine_event_thresholds 00000001800ccef8 f   sf_runtime:sf_runtime.dll
 0001:000cbefe       sf_debug_initialize_machine 00000001800ccefe f   sf_runtime:sf_runtime.dll
 0001:000cbf04       sf_load_rtw_optimization_info 00000001800ccf04 f   sf_runtime:sf_runtime.dll
 0001:000cbf0a       sf_mex_emlrtNameCapturePostProcessR2012a 00000001800ccf0a f   sf_runtime:sf_runtime.dll
 0001:000cbf10       sf_mex_assign              00000001800ccf10 f   sf_runtime:sf_runtime.dll
 0001:000cbf16       sf_mex_createstruct        00000001800ccf16 f   sf_runtime:sf_runtime.dll
 0001:000cbf1c       sf_mex_destroy             00000001800ccf1c f   sf_runtime:sf_runtime.dll
 0001:000cbf22       sf_mex_duplicatearraysafe  00000001800ccf22 f   sf_runtime:sf_runtime.dll
 0001:000cbf28       sf_mex_createcellmatrix    00000001800ccf28 f   sf_runtime:sf_runtime.dll
 0001:000cbf2e       sf_mex_addfield            00000001800ccf2e f   sf_runtime:sf_runtime.dll
 0001:000cbf34       sf_mex_create              00000001800ccf34 f   sf_runtime:sf_runtime.dll
 0001:000cbf3a       sf_mex_error_message       00000001800ccf3a f   sf_runtime:sf_runtime.dll
 0001:000cbf40       sf_mex_call_matlab         00000001800ccf40 f   sf_runtime:sf_runtime.dll
 0001:000cbf46       sf_mex_setcell             00000001800ccf46 f   sf_runtime:sf_runtime.dll
 0001:000cbf4c       sf_mex_call                00000001800ccf4c f   sf_runtime:sf_runtime.dll
 0001:000cbf52       sf_mex_dup                 00000001800ccf52 f   sf_runtime:sf_runtime.dll
 0001:000cbf58       sf_mex_decode_encoded_mx_struct_array 00000001800ccf58 f   sf_runtime:sf_runtime.dll
 0001:000cbf5e       sf_mex_getcell             00000001800ccf5e f   sf_runtime:sf_runtime.dll
 0001:000cbf64       sf_mex_import              00000001800ccf64 f   sf_runtime:sf_runtime.dll
 0001:000cbf6a       sf_mex_check_fi            00000001800ccf6a f   sf_runtime:sf_runtime.dll
 0001:000cbf70       sf_set_rtw_dwork_info      00000001800ccf70 f   sf_runtime:sf_runtime.dll
 0001:000cbf76       sf_mark_chart_reusable_outputs 00000001800ccf76 f   sf_runtime:sf_runtime.dll
 0001:000cbf7c       sf_mark_chart_expressionable_inputs 00000001800ccf7c f   sf_runtime:sf_runtime.dll
 0001:000cbf82       sf_update_buildInfo        00000001800ccf82 f   sf_runtime:sf_runtime.dll
 0001:000cbf88       sf_rtw_info_uint_prop      00000001800ccf88 f   sf_runtime:sf_runtime.dll
 0001:000cbf8e       sf_is_chart_inlinable      00000001800ccf8e f   sf_runtime:sf_runtime.dll
 0001:000cbf94       sim_mode_is_external       00000001800ccf94 f   sf_runtime:sf_runtime.dll
 0001:000cbf9a       sim_mode_is_rtw_gen        00000001800ccf9a f   sf_runtime:sf_runtime.dll
 0001:000cbfa0       sf_debug_reset_current_state_configuration 00000001800ccfa0 f   sf_runtime:sf_runtime.dll
 0001:000cbfa6       sf_debug_set_instance_data_value_ptr 00000001800ccfa6 f   sf_runtime:sf_runtime.dll
 0001:000cbfac       sf_debug_set_chart_data_compiled_props 00000001800ccfac f   sf_runtime:sf_runtime.dll
 0001:000cbfb2       cv_eml_init_if             00000001800ccfb2 f   sf_runtime:sf_runtime.dll
 0001:000cbfb8       cv_eml_init_fcn            00000001800ccfb8 f   sf_runtime:sf_runtime.dll
 0001:000cbfbe       cv_eml_init_script         00000001800ccfbe f   sf_runtime:sf_runtime.dll
 0001:000cbfc4       sf_debug_cv_init_trans     00000001800ccfc4 f   sf_runtime:sf_runtime.dll
 0001:000cbfca       sf_debug_cv_init_state     00000001800ccfca f   sf_runtime:sf_runtime.dll
 0001:000cbfd0       sf_debug_cv_init_chart     00000001800ccfd0 f   sf_runtime:sf_runtime.dll
 0001:000cbfd6       sf_debug_set_chart_decomposition 00000001800ccfd6 f   sf_runtime:sf_runtime.dll
 0001:000cbfdc       sf_debug_set_chart_substate_count 00000001800ccfdc f   sf_runtime:sf_runtime.dll
 0001:000cbfe2       sf_debug_set_chart_state_info 00000001800ccfe2 f   sf_runtime:sf_runtime.dll
 0001:000cbfe8       sf_debug_set_chart_data_props 00000001800ccfe8 f   sf_runtime:sf_runtime.dll
 0001:000cbfee       sf_debug_set_chart_event_thresholds 00000001800ccfee f   sf_runtime:sf_runtime.dll
 0001:000cbff4       sf_debug_set_chart_disable_implicit_casting 00000001800ccff4 f   sf_runtime:sf_runtime.dll
 0001:000cbffa       sf_debug_initialize_chart  00000001800ccffa f   sf_runtime:sf_runtime.dll
 0001:000cc000       sf_debug_check_fi_license  00000001800cd000 f   sf_runtime:sf_runtime.dll
 0001:000cc006       sf_mex_call_debug          00000001800cd006 f   sf_runtime:sf_runtime.dll
 0001:000cc00c       sf_get_time                00000001800cd00c f   sf_runtime:sf_runtime.dll
 0001:000cc012       sf_debug_check_for_state_inconsistency 00000001800cd012 f   sf_runtime:sf_runtime.dll
 0001:000cc018       sf_debug_symbol_scope_pop  00000001800cd018 f   sf_runtime:sf_runtime.dll
 0001:000cc01e       eml_debug_line_call        00000001800cd01e f   sf_runtime:sf_runtime.dll
 0001:000cc024       cv_eml_eval                00000001800cd024 f   sf_runtime:sf_runtime.dll
 0001:000cc02a       sf_debug_symbol_scope_add_eml_importable 00000001800cd02a f   sf_runtime:sf_runtime.dll
 0001:000cc030       sf_debug_symbol_scope_add_eml 00000001800cd030 f   sf_runtime:sf_runtime.dll
 0001:000cc036       sf_debug_symbol_scope_push_eml 00000001800cd036 f   sf_runtime:sf_runtime.dll
 0001:000cc03c       sf_debug_data_range_wrapper 00000001800cd03c f   sf_runtime:sf_runtime.dll
 0001:000cc042       sf_debug_call              00000001800cd042 f   sf_runtime:sf_runtime.dll
 0001:000cc048       sf_debug_symbol_scope_push 00000001800cd048 f   sf_runtime:sf_runtime.dll
 0001:000cc04e       sf_clear_rtw_identifier    00000001800cd04e f   sf_runtime:sf_runtime.dll
 0001:000cc054       cv_eml_init_switch         00000001800cd054 f   sf_runtime:sf_runtime.dll
 0001:000cc05a       sf_debug_eml_data_array_bounds_error_check 00000001800cd05a f   sf_runtime:sf_runtime.dll
 0001:000cc060       sf_debug_integer_check     00000001800cd060 f   sf_runtime:sf_runtime.dll
 0001:000cc066       cv_eml_init_saturation     00000001800cd066 f   sf_runtime:sf_runtime.dll
 0001:000cc06c       cv_eval_saturation         00000001800cd06c f   sf_runtime:sf_runtime.dll
 0001:000cc072       sf_debug_terminate         00000001800cd072 f   sf_runtime:sf_runtime.dll
 0001:000cc078       sf_debug_create_debug_instance_struct 00000001800cd078 f   sf_runtime:sf_runtime.dll
 0001:000cc07e       sf_debug_api               00000001800cd07e f   sf_runtime:sf_runtime.dll
 0001:000cc084       callMdlMethodAndReportError 00000001800cd084 f   sf_runtime:sf_runtime.dll
 0001:000cc08a       call_sf_machine_global_method_dispatcher 00000001800cd08a f   sf_runtime:sf_runtime.dll
 0001:000cc090       sf_clear_error_manager_info 00000001800cd090 f   sf_runtime:sf_runtime.dll
 0001:000cc096       sf_mex_error_direct_call   00000001800cd096 f   sf_runtime:sf_runtime.dll
 0001:000cc09c       mxCreateDoubleMatrix_730   00000001800cd09c f   libmx:libmx.dll
 0001:000cc0a2       mxGetScalar                00000001800cd0a2 f   libmx:libmx.dll
 0001:000cc0a8       mxGetString_730            00000001800cd0a8 f   libmx:libmx.dll
 0001:000cc0ae       mxIsChar                   00000001800cd0ae f   libmx:libmx.dll
 0001:000cc0b4       mxGetPr                    00000001800cd0b4 f   libmx:libmx.dll
 0001:000cc0ba       mxDestroyArray             00000001800cd0ba f   libmx:libmx.dll
 0001:000cc0c0       mxDuplicateArray           00000001800cd0c0 f   libmx:libmx.dll
 0001:000cc0c6       mxCreateDoubleScalar       00000001800cd0c6 f   libmx:libmx.dll
 0001:000cc0cc       mxSetField_730             00000001800cd0cc f   libmx:libmx.dll
 0001:000cc0d2       mxCreateString             00000001800cd0d2 f   libmx:libmx.dll
 0001:000cc0d8       mxCreateStructMatrix_730   00000001800cd0d8 f   libmx:libmx.dll
 0001:000cc0de       mxCreateCellMatrix_730     00000001800cd0de f   libmx:libmx.dll
 0001:000cc0e4       mxIsEmpty                  00000001800cd0e4 f   libmx:libmx.dll
 0001:000cc0ea       mxGetClassID               00000001800cd0ea f   libmx:libmx.dll
 0001:000cc0f0       mxIsNumeric                00000001800cd0f0 f   libmx:libmx.dll
 0001:000cc0f6       mxIsComplex                00000001800cd0f6 f   libmx:libmx.dll
 0001:000cc0fc       mxGetN                     00000001800cd0fc f   libmx:libmx.dll
 0001:000cc102       mxGetM                     00000001800cd102 f   libmx:libmx.dll
 0001:000cc108       mxCalloc                   00000001800cd108 f   libmx:libmx.dll
 0001:000cc10e       mexMakeArrayPersistent     00000001800cd10e f   libmex:libmex.dll
 0001:000cc114       mexUnlock                  00000001800cd114 f   libmex:libmex.dll
 0001:000cc11a       mexIsLocked                00000001800cd11a f   libmex:libmex.dll
 0001:000cc120       mexWarnMsgTxt              00000001800cd120 f   libmex:libmex.dll
 0001:000cc126       mexCallMATLAB              00000001800cd126 f   libmex:libmex.dll
 0001:000cc12c       mexErrMsgTxt               00000001800cd12c f   libmex:libmex.dll
 0001:000cc132       mexLock                    00000001800cd132 f   libmex:libmex.dll
 0001:000cc138       utMalloc                   00000001800cd138 f   libut:libut.dll
 0001:000cc13e       utFree                     00000001800cd13e f   libut:libut.dll
 0001:000cc144       __GSHandlerCheckCommon     00000001800cd144 f   MSVCRT:gshandler.obj
 0001:000cc1a8       __GSHandlerCheck           00000001800cd1a8 f   MSVCRT:gshandler.obj
 0001:000cc1c6       strcmp                     00000001800cd1c6 f   MSVCRT:MSVCR100.dll
 0001:000cc1e0       __security_check_cookie    00000001800cd1e0 f   MSVCRT:amdsecgs.obj
 0001:000cc200       strlen                     00000001800cd200 f   MSVCRT:MSVCR100.dll
 0001:000cc206       memset                     00000001800cd206 f   MSVCRT:MSVCR100.dll
 0001:000cc220       __chkstk                   00000001800cd220 f   MSVCRT:chkstk.obj
 0001:000cc220       _alloca_probe              00000001800cd220     MSVCRT:chkstk.obj
 0001:000cc26e       free                       00000001800cd26e f   MSVCRT:MSVCR100.dll
 0001:000cc274       sprintf                    00000001800cd274 f   MSVCRT:MSVCR100.dll
 0001:000cc27a       malloc                     00000001800cd27a f   MSVCRT:MSVCR100.dll
 0001:000cc280       strcat                     00000001800cd280 f   MSVCRT:MSVCR100.dll
 0001:000cc286       memcpy                     00000001800cd286 f   MSVCRT:MSVCR100.dll
 0001:000cc28c       NtCurrentTeb               00000001800cd28c f i MSVCRT:crtdll.obj
 0001:000cc2f8       _CRT_INIT                  00000001800cd2f8 f   MSVCRT:crtdll.obj
 0001:000cc690       _DllMainCRTStartup         00000001800cd690 f   MSVCRT:crtdll.obj
 0001:000cc6d0       __report_gsfailure         00000001800cd6d0 f   MSVCRT:gs_report.obj
 0001:000cc81c       __clean_type_info_names    00000001800cd81c f   MSVCRT:tncleanup.obj
 0001:000cc828       _onexit                    00000001800cd828 f   MSVCRT:atonexit.obj
 0001:000cc8d8       atexit                     00000001800cd8d8 f   MSVCRT:atonexit.obj
 0001:000cc8f0       _RTC_Initialize            00000001800cd8f0 f   MSVCRT:_initsect_.obj
 0001:000cc928       _RTC_Terminate             00000001800cd928 f   MSVCRT:_initsect_.obj
 0001:000cc960       _malloc_crt                00000001800cd960 f   MSVCRT:MSVCR100.dll
 0001:000cc970       _ValidateImageBase         00000001800cd970 f   MSVCRT:pesect.obj
 0001:000cc9a0       _FindPESection             00000001800cd9a0 f   MSVCRT:pesect.obj
 0001:000cc9f0       _IsNonwritableInCurrentImage 00000001800cd9f0 f   MSVCRT:pesect.obj
 0001:000cca32       _initterm                  00000001800cda32 f   MSVCRT:MSVCR100.dll
 0001:000cca38       _initterm_e                00000001800cda38 f   MSVCRT:MSVCR100.dll
 0001:000cca3e       _encoded_null              00000001800cda3e f   MSVCRT:MSVCR100.dll
 0001:000cca44       _amsg_exit                 00000001800cda44 f   MSVCRT:MSVCR100.dll
 0001:000cca4a       __C_specific_handler       00000001800cda4a f   MSVCRT:MSVCR100.dll
 0001:000cca50       __CppXcptFilter            00000001800cda50 f   MSVCRT:MSVCR100.dll
 0001:000cca58       DllMain                    00000001800cda58 f   MSVCRT:dllmain.obj
 0001:000cca7c       __security_init_cookie     00000001800cda7c f   MSVCRT:gs_support.obj
 0001:000ccb30       __crt_debugger_hook        00000001800cdb30 f   MSVCRT:MSVCR100.dll
 0001:000ccb36       __clean_type_info_names_internal 00000001800cdb36 f   MSVCRT:MSVCR100.dll
 0001:000ccb3c       _unlock                    00000001800cdb3c f   MSVCRT:MSVCR100.dll
 0001:000ccb42       __dllonexit                00000001800cdb42 f   MSVCRT:MSVCR100.dll
 0001:000ccb48       _lock                      00000001800cdb48 f   MSVCRT:MSVCR100.dll
 0001:000ccb4e       EncodePointer              00000001800cdb4e f   kernel32:KERNEL32.dll
 0001:000ccb54       DecodePointer              00000001800cdb54 f   kernel32:KERNEL32.dll
 0001:000ccb5a       Sleep                      00000001800cdb5a f   kernel32:KERNEL32.dll
 0001:000ccb60       TerminateProcess           00000001800cdb60 f   kernel32:KERNEL32.dll
 0001:000ccb66       GetCurrentProcess          00000001800cdb66 f   kernel32:KERNEL32.dll
 0001:000ccb6c       UnhandledExceptionFilter   00000001800cdb6c f   kernel32:KERNEL32.dll
 0001:000ccb72       SetUnhandledExceptionFilter 00000001800cdb72 f   kernel32:KERNEL32.dll
 0001:000ccb78       IsDebuggerPresent          00000001800cdb78 f   kernel32:KERNEL32.dll
 0001:000ccb7e       RtlVirtualUnwind           00000001800cdb7e f   kernel32:KERNEL32.dll
 0001:000ccb84       RtlLookupFunctionEntry     00000001800cdb84 f   kernel32:KERNEL32.dll
 0001:000ccb8a       RtlCaptureContext          00000001800cdb8a f   kernel32:KERNEL32.dll
 0001:000ccb90       DisableThreadLibraryCalls  00000001800cdb90 f   kernel32:KERNEL32.dll
 0001:000ccb96       QueryPerformanceCounter    00000001800cdb96 f   kernel32:KERNEL32.dll
 0001:000ccb9c       GetTickCount               00000001800cdb9c f   kernel32:KERNEL32.dll
 0001:000ccba2       GetCurrentThreadId         00000001800cdba2 f   kernel32:KERNEL32.dll
 0001:000ccba8       GetCurrentProcessId        00000001800cdba8 f   kernel32:KERNEL32.dll
 0001:000ccbae       GetSystemTimeAsFileTime    00000001800cdbae f   kernel32:KERNEL32.dll
 0002:00000000       __imp_GetCurrentProcessId  00000001800ce000     kernel32:KERNEL32.dll
 0002:00000008       __imp_GetCurrentThreadId   00000001800ce008     kernel32:KERNEL32.dll
 0002:00000010       __imp_GetTickCount         00000001800ce010     kernel32:KERNEL32.dll
 0002:00000018       __imp_QueryPerformanceCounter 00000001800ce018     kernel32:KERNEL32.dll
 0002:00000020       __imp_DisableThreadLibraryCalls 00000001800ce020     kernel32:KERNEL32.dll
 0002:00000028       __imp_RtlCaptureContext    00000001800ce028     kernel32:KERNEL32.dll
 0002:00000030       __imp_RtlLookupFunctionEntry 00000001800ce030     kernel32:KERNEL32.dll
 0002:00000038       __imp_RtlVirtualUnwind     00000001800ce038     kernel32:KERNEL32.dll
 0002:00000040       __imp_IsDebuggerPresent    00000001800ce040     kernel32:KERNEL32.dll
 0002:00000048       __imp_SetUnhandledExceptionFilter 00000001800ce048     kernel32:KERNEL32.dll
 0002:00000050       __imp_UnhandledExceptionFilter 00000001800ce050     kernel32:KERNEL32.dll
 0002:00000058       __imp_GetCurrentProcess    00000001800ce058     kernel32:KERNEL32.dll
 0002:00000060       __imp_TerminateProcess     00000001800ce060     kernel32:KERNEL32.dll
 0002:00000068       __imp_Sleep                00000001800ce068     kernel32:KERNEL32.dll
 0002:00000070       __imp_DecodePointer        00000001800ce070     kernel32:KERNEL32.dll
 0002:00000078       __imp_EncodePointer        00000001800ce078     kernel32:KERNEL32.dll
 0002:00000080       __imp_GetSystemTimeAsFileTime 00000001800ce080     kernel32:KERNEL32.dll
 0002:00000088       \177KERNEL32_NULL_THUNK_DATA 00000001800ce088     kernel32:KERNEL32.dll
 0002:00000090       __imp__onexit              00000001800ce090     MSVCRT:MSVCR100.dll
 0002:00000098       __imp__lock                00000001800ce098     MSVCRT:MSVCR100.dll
 0002:000000a0       __imp___dllonexit          00000001800ce0a0     MSVCRT:MSVCR100.dll
 0002:000000a8       __imp__unlock              00000001800ce0a8     MSVCRT:MSVCR100.dll
 0002:000000b0       __imp___clean_type_info_names_internal 00000001800ce0b0     MSVCRT:MSVCR100.dll
 0002:000000b8       __imp___crt_debugger_hook  00000001800ce0b8     MSVCRT:MSVCR100.dll
 0002:000000c0       __imp___CppXcptFilter      00000001800ce0c0     MSVCRT:MSVCR100.dll
 0002:000000c8       __imp___C_specific_handler 00000001800ce0c8     MSVCRT:MSVCR100.dll
 0002:000000d0       __imp__amsg_exit           00000001800ce0d0     MSVCRT:MSVCR100.dll
 0002:000000d8       __imp__encoded_null        00000001800ce0d8     MSVCRT:MSVCR100.dll
 0002:000000e0       __imp__initterm_e          00000001800ce0e0     MSVCRT:MSVCR100.dll
 0002:000000e8       __imp__initterm            00000001800ce0e8     MSVCRT:MSVCR100.dll
 0002:000000f0       __imp__malloc_crt          00000001800ce0f0     MSVCRT:MSVCR100.dll
 0002:000000f8       __imp_memcpy               00000001800ce0f8     MSVCRT:MSVCR100.dll
 0002:00000100       __imp_strcat               00000001800ce100     MSVCRT:MSVCR100.dll
 0002:00000108       __imp_malloc               00000001800ce108     MSVCRT:MSVCR100.dll
 0002:00000110       __imp_sprintf              00000001800ce110     MSVCRT:MSVCR100.dll
 0002:00000118       __imp_free                 00000001800ce118     MSVCRT:MSVCR100.dll
 0002:00000120       __imp_memset               00000001800ce120     MSVCRT:MSVCR100.dll
 0002:00000128       __imp_strlen               00000001800ce128     MSVCRT:MSVCR100.dll
 0002:00000130       __imp_strcmp               00000001800ce130     MSVCRT:MSVCR100.dll
 0002:00000138       \177MSVCR100_NULL_THUNK_DATA 00000001800ce138     MSVCRT:MSVCR100.dll
 0002:00000140       __imp_mexLock              00000001800ce140     libmex:libmex.dll
 0002:00000148       __imp_mexErrMsgTxt         00000001800ce148     libmex:libmex.dll
 0002:00000150       __imp_mexCallMATLAB        00000001800ce150     libmex:libmex.dll
 0002:00000158       __imp_mexWarnMsgTxt        00000001800ce158     libmex:libmex.dll
 0002:00000160       __imp_mexIsLocked          00000001800ce160     libmex:libmex.dll
 0002:00000168       __imp_mexUnlock            00000001800ce168     libmex:libmex.dll
 0002:00000170       __imp_mexMakeArrayPersistent 00000001800ce170     libmex:libmex.dll
 0002:00000178       \177libmex_NULL_THUNK_DATA 00000001800ce178     libmex:libmex.dll
 0002:00000180       __imp_mxCalloc             00000001800ce180     libmx:libmx.dll
 0002:00000188       __imp_mxGetM               00000001800ce188     libmx:libmx.dll
 0002:00000190       __imp_mxGetN               00000001800ce190     libmx:libmx.dll
 0002:00000198       __imp_mxIsComplex          00000001800ce198     libmx:libmx.dll
 0002:000001a0       __imp_mxIsNumeric          00000001800ce1a0     libmx:libmx.dll
 0002:000001a8       __imp_mxGetClassID         00000001800ce1a8     libmx:libmx.dll
 0002:000001b0       __imp_mxIsEmpty            00000001800ce1b0     libmx:libmx.dll
 0002:000001b8       __imp_mxCreateCellMatrix_730 00000001800ce1b8     libmx:libmx.dll
 0002:000001c0       __imp_mxCreateStructMatrix_730 00000001800ce1c0     libmx:libmx.dll
 0002:000001c8       __imp_mxCreateString       00000001800ce1c8     libmx:libmx.dll
 0002:000001d0       __imp_mxCreateDoubleScalar 00000001800ce1d0     libmx:libmx.dll
 0002:000001d8       __imp_mxDuplicateArray     00000001800ce1d8     libmx:libmx.dll
 0002:000001e0       __imp_mxDestroyArray       00000001800ce1e0     libmx:libmx.dll
 0002:000001e8       __imp_mxGetPr              00000001800ce1e8     libmx:libmx.dll
 0002:000001f0       __imp_mxIsChar             00000001800ce1f0     libmx:libmx.dll
 0002:000001f8       __imp_mxGetString_730      00000001800ce1f8     libmx:libmx.dll
 0002:00000200       __imp_mxGetScalar          00000001800ce200     libmx:libmx.dll
 0002:00000208       __imp_mxCreateDoubleMatrix_730 00000001800ce208     libmx:libmx.dll
 0002:00000210       __imp_mxSetField_730       00000001800ce210     libmx:libmx.dll
 0002:00000218       \177libmx_NULL_THUNK_DATA  00000001800ce218     libmx:libmx.dll
 0002:00000220       __imp_utMalloc             00000001800ce220     libut:libut.dll
 0002:00000228       __imp_utFree               00000001800ce228     libut:libut.dll
 0002:00000230       \177libut_NULL_THUNK_DATA  00000001800ce230     libut:libut.dll
 0002:00000238       __imp_callMdlMethodAndReportError 00000001800ce238     sf_runtime:sf_runtime.dll
 0002:00000240       __imp_sf_debug_api         00000001800ce240     sf_runtime:sf_runtime.dll
 0002:00000248       __imp_sf_debug_create_debug_instance_struct 00000001800ce248     sf_runtime:sf_runtime.dll
 0002:00000250       __imp_sf_debug_terminate   00000001800ce250     sf_runtime:sf_runtime.dll
 0002:00000258       __imp_cv_eval_saturation   00000001800ce258     sf_runtime:sf_runtime.dll
 0002:00000260       __imp_cv_eml_init_saturation 00000001800ce260     sf_runtime:sf_runtime.dll
 0002:00000268       __imp_sf_debug_integer_check 00000001800ce268     sf_runtime:sf_runtime.dll
 0002:00000270       __imp_sf_debug_eml_data_array_bounds_error_check 00000001800ce270     sf_runtime:sf_runtime.dll
 0002:00000278       __imp_cv_eml_init_switch   00000001800ce278     sf_runtime:sf_runtime.dll
 0002:00000280       __imp_sf_mex_getcell       00000001800ce280     sf_runtime:sf_runtime.dll
 0002:00000288       __imp_sf_clear_rtw_identifier 00000001800ce288     sf_runtime:sf_runtime.dll
 0002:00000290       __imp_sf_debug_symbol_scope_push 00000001800ce290     sf_runtime:sf_runtime.dll
 0002:00000298       __imp_sf_debug_call        00000001800ce298     sf_runtime:sf_runtime.dll
 0002:000002a0       __imp_sf_debug_data_range_wrapper 00000001800ce2a0     sf_runtime:sf_runtime.dll
 0002:000002a8       __imp_sf_mex_error_direct_call 00000001800ce2a8     sf_runtime:sf_runtime.dll
 0002:000002b0       __imp_sf_debug_symbol_scope_add_eml 00000001800ce2b0     sf_runtime:sf_runtime.dll
 0002:000002b8       __imp_sf_debug_symbol_scope_add_eml_importable 00000001800ce2b8     sf_runtime:sf_runtime.dll
 0002:000002c0       __imp_cv_eml_eval          00000001800ce2c0     sf_runtime:sf_runtime.dll
 0002:000002c8       __imp_eml_debug_line_call  00000001800ce2c8     sf_runtime:sf_runtime.dll
 0002:000002d0       __imp_sf_debug_symbol_scope_pop 00000001800ce2d0     sf_runtime:sf_runtime.dll
 0002:000002d8       __imp_sf_debug_check_for_state_inconsistency 00000001800ce2d8     sf_runtime:sf_runtime.dll
 0002:000002e0       __imp_sf_get_time          00000001800ce2e0     sf_runtime:sf_runtime.dll
 0002:000002e8       __imp_sf_mex_call_debug    00000001800ce2e8     sf_runtime:sf_runtime.dll
 0002:000002f0       __imp_sf_debug_check_fi_license 00000001800ce2f0     sf_runtime:sf_runtime.dll
 0002:000002f8       __imp_sf_debug_initialize_chart 00000001800ce2f8     sf_runtime:sf_runtime.dll
 0002:00000300       __imp_sf_debug_set_chart_disable_implicit_casting 00000001800ce300     sf_runtime:sf_runtime.dll
 0002:00000308       __imp_sf_debug_set_chart_event_thresholds 00000001800ce308     sf_runtime:sf_runtime.dll
 0002:00000310       __imp_sf_debug_set_chart_data_props 00000001800ce310     sf_runtime:sf_runtime.dll
 0002:00000318       __imp_sf_debug_set_chart_state_info 00000001800ce318     sf_runtime:sf_runtime.dll
 0002:00000320       __imp_sf_clear_error_manager_info 00000001800ce320     sf_runtime:sf_runtime.dll
 0002:00000328       __imp_sf_debug_symbol_scope_push_eml 00000001800ce328     sf_runtime:sf_runtime.dll
 0002:00000330       __imp_call_sf_machine_global_method_dispatcher 00000001800ce330     sf_runtime:sf_runtime.dll
 0002:00000338       __imp_sf_debug_set_chart_substate_count 00000001800ce338     sf_runtime:sf_runtime.dll
 0002:00000340       __imp_sf_debug_set_chart_decomposition 00000001800ce340     sf_runtime:sf_runtime.dll
 0002:00000348       __imp_sf_debug_cv_init_chart 00000001800ce348     sf_runtime:sf_runtime.dll
 0002:00000350       __imp_sf_debug_cv_init_state 00000001800ce350     sf_runtime:sf_runtime.dll
 0002:00000358       __imp_sf_debug_cv_init_trans 00000001800ce358     sf_runtime:sf_runtime.dll
 0002:00000360       __imp_cv_eml_init_script   00000001800ce360     sf_runtime:sf_runtime.dll
 0002:00000368       __imp_cv_eml_init_fcn      00000001800ce368     sf_runtime:sf_runtime.dll
 0002:00000370       __imp_cv_eml_init_if       00000001800ce370     sf_runtime:sf_runtime.dll
 0002:00000378       __imp_sf_debug_set_chart_data_compiled_props 00000001800ce378     sf_runtime:sf_runtime.dll
 0002:00000380       __imp_sf_debug_set_instance_data_value_ptr 00000001800ce380     sf_runtime:sf_runtime.dll
 0002:00000388       __imp_sf_debug_reset_current_state_configuration 00000001800ce388     sf_runtime:sf_runtime.dll
 0002:00000390       __imp_sim_mode_is_rtw_gen  00000001800ce390     sf_runtime:sf_runtime.dll
 0002:00000398       __imp_sim_mode_is_external 00000001800ce398     sf_runtime:sf_runtime.dll
 0002:000003a0       __imp_sf_is_chart_inlinable 00000001800ce3a0     sf_runtime:sf_runtime.dll
 0002:000003a8       __imp_sf_rtw_info_uint_prop 00000001800ce3a8     sf_runtime:sf_runtime.dll
 0002:000003b0       __imp_sf_update_buildInfo  00000001800ce3b0     sf_runtime:sf_runtime.dll
 0002:000003b8       __imp_sf_mark_chart_expressionable_inputs 00000001800ce3b8     sf_runtime:sf_runtime.dll
 0002:000003c0       __imp_sf_mark_chart_reusable_outputs 00000001800ce3c0     sf_runtime:sf_runtime.dll
 0002:000003c8       __imp_sf_set_rtw_dwork_info 00000001800ce3c8     sf_runtime:sf_runtime.dll
 0002:000003d0       __imp_sf_mex_check_fi      00000001800ce3d0     sf_runtime:sf_runtime.dll
 0002:000003d8       __imp_sf_mex_import        00000001800ce3d8     sf_runtime:sf_runtime.dll
 0002:000003e0       __imp_sf_mex_decode_encoded_mx_struct_array 00000001800ce3e0     sf_runtime:sf_runtime.dll
 0002:000003e8       __imp_sf_mex_dup           00000001800ce3e8     sf_runtime:sf_runtime.dll
 0002:000003f0       __imp_sf_mex_call          00000001800ce3f0     sf_runtime:sf_runtime.dll
 0002:000003f8       __imp_sf_mex_setcell       00000001800ce3f8     sf_runtime:sf_runtime.dll
 0002:00000400       __imp_sf_mex_call_matlab   00000001800ce400     sf_runtime:sf_runtime.dll
 0002:00000408       __imp_sf_mex_error_message 00000001800ce408     sf_runtime:sf_runtime.dll
 0002:00000410       __imp_sf_mex_create        00000001800ce410     sf_runtime:sf_runtime.dll
 0002:00000418       __imp_sf_mex_addfield      00000001800ce418     sf_runtime:sf_runtime.dll
 0002:00000420       __imp_sf_mex_createcellmatrix 00000001800ce420     sf_runtime:sf_runtime.dll
 0002:00000428       __imp_sf_mex_duplicatearraysafe 00000001800ce428     sf_runtime:sf_runtime.dll
 0002:00000430       __imp_sf_mex_destroy       00000001800ce430     sf_runtime:sf_runtime.dll
 0002:00000438       __imp_sf_mex_createstruct  00000001800ce438     sf_runtime:sf_runtime.dll
 0002:00000440       __imp_sf_mex_assign        00000001800ce440     sf_runtime:sf_runtime.dll
 0002:00000448       __imp_sf_mex_emlrtNameCapturePostProcessR2012a 00000001800ce448     sf_runtime:sf_runtime.dll
 0002:00000450       __imp_sf_load_rtw_optimization_info 00000001800ce450     sf_runtime:sf_runtime.dll
 0002:00000458       __imp_sf_debug_initialize_machine 00000001800ce458     sf_runtime:sf_runtime.dll
 0002:00000460       __imp_sf_debug_set_machine_event_thresholds 00000001800ce460     sf_runtime:sf_runtime.dll
 0002:00000468       __imp_sf_debug_set_machine_data_thresholds 00000001800ce468     sf_runtime:sf_runtime.dll
 0002:00000470       \177sf_runtime_NULL_THUNK_DATA 00000001800ce470     sf_runtime:sf_runtime.dll
 0002:00000478       __xc_a                     00000001800ce478     MSVCRT:cinitexe.obj
 0002:00000480       __xc_z                     00000001800ce480     MSVCRT:cinitexe.obj
 0002:00000488       __xi_a                     00000001800ce488     MSVCRT:cinitexe.obj
 0002:00000498       __xi_z                     00000001800ce498     MSVCRT:cinitexe.obj
 0002:000004a0       __real@41d1be76ff800000    00000001800ce4a0     hdlcodercpu_eml_sfun.obj
 0002:000004a8       __real@41dddf5fb7400000    00000001800ce4a8     hdlcodercpu_eml_sfun.obj
 0002:000004b0       __real@41ea552ef8c00000    00000001800ce4b0     hdlcodercpu_eml_sfun.obj
 0002:000004b8       __real@41d190f7f1c00000    00000001800ce4b8     hdlcodercpu_eml_sfun.obj
 0002:000004c0       __real@41e09fa775e00000    00000001800ce4c0     hdlcodercpu_eml_sfun.obj
 0002:000004c8       __real@41ef43b6b4e00000    00000001800ce4c8     hdlcodercpu_eml_sfun.obj
 0002:000004d0       __real@41ee3ede3de00000    00000001800ce4d0     hdlcodercpu_eml_sfun.obj
 0002:000004d8       __real@41e3be248ce00000    00000001800ce4d8     hdlcodercpu_eml_sfun.obj
 0002:000004e0       __real@41e1badb91200000    00000001800ce4e0     hdlcodercpu_eml_sfun.obj
 0002:000004e8       __real@41dfb6cb52400000    00000001800ce4e8     hdlcodercpu_eml_sfun.obj
 0002:000004f0       __real@41e7c324ae600000    00000001800ce4f0     hdlcodercpu_eml_sfun.obj
 0002:000004f8       __real@41a0f41f44000000    00000001800ce4f8     hdlcodercpu_eml_sfun.obj
 0002:00000500       __real@41ce51d326000000    00000001800ce500     hdlcodercpu_eml_sfun.obj
 0002:00000508       __real@41e3736d60800000    00000001800ce508     hdlcodercpu_eml_sfun.obj
 0002:00000510       __real@41c985cb33000000    00000001800ce510     hdlcodercpu_eml_sfun.obj
 0002:00000518       __real@41e856131a400000    00000001800ce518     hdlcodercpu_eml_sfun.obj
 0002:00000520       __real@41e5115333400000    00000001800ce520     c1_hdlcodercpu_eml.obj
 0002:00000528       __real@41b6838509000000    00000001800ce528     c1_hdlcodercpu_eml.obj
 0002:00000530       __real@418ba2a9d0000000    00000001800ce530     c1_hdlcodercpu_eml.obj
 0002:00000538       __real@41e3dbf62d400000    00000001800ce538     c1_hdlcodercpu_eml.obj
 0002:00000540       __real@4020000000000000    00000001800ce540     c1_hdlcodercpu_eml.obj
 0002:00000548       __real@4026000000000000    00000001800ce548     c1_hdlcodercpu_eml.obj
 0002:00000550       __real@3ff0000000000000    00000001800ce550     c1_hdlcodercpu_eml.obj
 0002:00000558       __real@4040000000000000    00000001800ce558     c1_hdlcodercpu_eml.obj
 0002:00000560       __real@40efffe000000000    00000001800ce560     c1_hdlcodercpu_eml.obj
 0002:00000568       __real@403e000000000000    00000001800ce568     c1_hdlcodercpu_eml.obj
 0002:00000570       __real@c03e000000000000    00000001800ce570     c1_hdlcodercpu_eml.obj
 0002:00000578       __real@3e10000000000000    00000001800ce578     c1_hdlcodercpu_eml.obj
 0002:00000580       __real@4000000000000000    00000001800ce580     c1_hdlcodercpu_eml.obj
 0002:00000588       __real@41dff9656d000000    00000001800ce588     c2_hdlcodercpu_eml.obj
 0002:00000590       __real@41bf8044fb000000    00000001800ce590     c2_hdlcodercpu_eml.obj
 0002:00000598       __real@41d27bfa71000000    00000001800ce598     c2_hdlcodercpu_eml.obj
 0002:000005a0       __real@41ed7d122a400000    00000001800ce5a0     c2_hdlcodercpu_eml.obj
 0002:000005a8       __real@4008000000000000    00000001800ce5a8     c2_hdlcodercpu_eml.obj
 0002:000005b0       __real@4028000000000000    00000001800ce5b0     c2_hdlcodercpu_eml.obj
 0002:000005b8       __real@4010000000000000    00000001800ce5b8     c2_hdlcodercpu_eml.obj
 0002:000005c0       __real@401c000000000000    00000001800ce5c0     c2_hdlcodercpu_eml.obj
 0002:000005c8       __real@0000000000000000    00000001800ce5c8     c2_hdlcodercpu_eml.obj
 0002:000005d0       __real@402a000000000000    00000001800ce5d0     c2_hdlcodercpu_eml.obj
 0002:000005d8       __real@41ef728a90c00000    00000001800ce5d8     c3_hdlcodercpu_eml.obj
 0002:000005e0       __real@41e172ca80e00000    00000001800ce5e0     c3_hdlcodercpu_eml.obj
 0002:000005e8       __real@41e0914e16e00000    00000001800ce5e8     c3_hdlcodercpu_eml.obj
 0002:000005f0       __real@41e13be6cf200000    00000001800ce5f0     c3_hdlcodercpu_eml.obj
 0002:000005f8       __real@41eddcbc3c400000    00000001800ce5f8     c4_hdlcodercpu_eml.obj
 0002:00000600       __real@41e0b5fa01000000    00000001800ce600     c4_hdlcodercpu_eml.obj
 0002:00000608       __real@41d86ed8af000000    00000001800ce608     c4_hdlcodercpu_eml.obj
 0002:00000610       __real@41b92f0e62000000    00000001800ce610     c4_hdlcodercpu_eml.obj
 0002:00000618       __real@4022000000000000    00000001800ce618     c4_hdlcodercpu_eml.obj
 0002:00000620       __real@41c47adbb3000000    00000001800ce620     c5_hdlcodercpu_eml.obj
 0002:00000628       __real@41e9b35125c00000    00000001800ce628     c5_hdlcodercpu_eml.obj
 0002:00000630       __real@41994db7cc000000    00000001800ce630     c5_hdlcodercpu_eml.obj
 0002:00000638       __real@41e4ebacde400000    00000001800ce638     c5_hdlcodercpu_eml.obj
 0002:00000640       __real@41b46952c1000000    00000001800ce640     c6_hdlcodercpu_eml.obj
 0002:00000648       __real@41ed4f7167400000    00000001800ce648     c6_hdlcodercpu_eml.obj
 0002:00000650       __real@41d487ea0b800000    00000001800ce650     c6_hdlcodercpu_eml.obj
 0002:00000658       __real@41e55b353a600000    00000001800ce658     c6_hdlcodercpu_eml.obj
 0002:00000660       __real@41b53387a3000000    00000001800ce660     c7_hdlcodercpu_eml.obj
 0002:00000668       __real@41e55865e4c00000    00000001800ce668     c7_hdlcodercpu_eml.obj
 0002:00000670       __real@41ed0bf1e3200000    00000001800ce670     c7_hdlcodercpu_eml.obj
 0002:00000678       __real@41c39fa2da000000    00000001800ce678     c7_hdlcodercpu_eml.obj
 0002:00000680       __real@41dd1926a5000000    00000001800ce680     c8_hdlcodercpu_eml.obj
 0002:00000688       __real@41e95db646200000    00000001800ce688     c8_hdlcodercpu_eml.obj
 0002:00000690       __real@41c85eae5d000000    00000001800ce690     c8_hdlcodercpu_eml.obj
 0002:00000698       __real@41ef71f7d6000000    00000001800ce698     c8_hdlcodercpu_eml.obj
 0002:000006a0       __real@41dbddee92800000    00000001800ce6a0     c9_hdlcodercpu_eml.obj
 0002:000006a8       __real@41d153a729400000    00000001800ce6a8     c9_hdlcodercpu_eml.obj
 0002:000006b0       __real@41e73259c6400000    00000001800ce6b0     c9_hdlcodercpu_eml.obj
 0002:000006b8       __real@41ec964fea200000    00000001800ce6b8     c9_hdlcodercpu_eml.obj
 0002:000006c0       DYNAMIC_DIMENSION_DEF      00000001800ce6c0     hdlcodercpu_eml_sfun_registry.obj
 0002:000006e0       _ssBadLevel2InputAccessMsg 00000001800ce6e0     hdlcodercpu_eml_sfun_registry.obj
 0002:00000870       _ssBadLevel2DirectFeedMsg  00000001800ce870     hdlcodercpu_eml_sfun_registry.obj
 0002:000009b0       _ssBadLevel2DirectFeedSolutionMsg 00000001800ce9b0     hdlcodercpu_eml_sfun_registry.obj
 0002:00000a20       _ssBadLevel2ZeroDirectFeedMsg 00000001800cea20     hdlcodercpu_eml_sfun_registry.obj
 0002:00000b60       _ssBadLevel2ZeroDirectFeedMsg2 00000001800ceb60     hdlcodercpu_eml_sfun_registry.obj
 0002:00000c48       __real@bff0000000000000    00000001800cec48     hdlcodercpu_eml_sfun_registry.obj
 0002:00000c50       __real@41602cbca0000000    00000001800cec50     hdlcodercpu_eml_sfun_registry.obj
 0002:00000c58       _pRawDllMain               00000001800cec58     MSVCRT:crtdll.obj
 0002:00000c58       _pDefaultRawDllMain        00000001800cec58     MSVCRT:crtdll.obj
 0002:00000c70       ?ProcessDetach@NativeDll@<CrtImplementationDetails>@@0IB 00000001800cec70     MSVCRT:tncleanup.obj
 0002:00000c74       ?ProcessAttach@NativeDll@<CrtImplementationDetails>@@0IB 00000001800cec74     MSVCRT:tncleanup.obj
 0002:00000c78       ?ThreadAttach@NativeDll@<CrtImplementationDetails>@@0IB 00000001800cec78     MSVCRT:tncleanup.obj
 0002:00000c7c       ?ThreadDetach@NativeDll@<CrtImplementationDetails>@@0IB 00000001800cec7c     MSVCRT:tncleanup.obj
 0002:00000c80       ?ProcessVerifier@NativeDll@<CrtImplementationDetails>@@0IB 00000001800cec80     MSVCRT:tncleanup.obj
 0002:00000c88       __rtc_iaa                  00000001800cec88     MSVCRT:_initsect_.obj
 0002:00000c90       __rtc_izz                  00000001800cec90     MSVCRT:_initsect_.obj
 0002:00000c98       __rtc_taa                  00000001800cec98     MSVCRT:_initsect_.obj
 0002:00000ca0       __rtc_tzz                  00000001800ceca0     MSVCRT:_initsect_.obj
 0002:000023b4       __IMPORT_DESCRIPTOR_sf_runtime 00000001800d03b4     sf_runtime:sf_runtime.dll
 0002:000023c8       __IMPORT_DESCRIPTOR_libmx  00000001800d03c8     libmx:libmx.dll
 0002:000023dc       __IMPORT_DESCRIPTOR_libmex 00000001800d03dc     libmex:libmex.dll
 0002:000023f0       __IMPORT_DESCRIPTOR_libut  00000001800d03f0     libut:libut.dll
 0002:00002404       __IMPORT_DESCRIPTOR_MSVCR100 00000001800d0404     MSVCRT:MSVCR100.dll
 0002:00002418       __IMPORT_DESCRIPTOR_KERNEL32 00000001800d0418     kernel32:KERNEL32.dll
 0002:0000242c       __NULL_IMPORT_DESCRIPTOR   00000001800d042c     sf_runtime:sf_runtime.dll
 0003:00053680       DYNAMIC_DIMENSION          0000000180125680     hdlcodercpu_eml_sfun_registry.obj
 0003:00054288       __security_cookie          0000000180126288     MSVCRT:gs_cookie.obj
 0003:00054290       __security_cookie_complement 0000000180126290     MSVCRT:gs_cookie.obj
 0003:00054298       _fltused                   0000000180126298     MSVCRT:dllsupp.obj
 0003:000542a0       __native_dllmain_reason    00000001801262a0     MSVCRT:natstart.obj
 0003:000542a4       __native_vcclrit_reason    00000001801262a4     MSVCRT:natstart.obj
 0003:000545a8       sfGlobalDebugInstanceStruct 00000001801265a8     hdlcodercpu_eml_sfun_registry.obj
 0003:00054b30       ?__type_info_root_node@@3U__type_info_node@@A 0000000180126b30     MSVCRT:tncleanup.obj
 0003:00054b40       _hdlcodercpu_emlMachineNumber_ 0000000180126b40     <common>
 0003:00054b44       __native_startup_state     0000000180126b44     <common>
 0003:00054b48       __native_startup_lock      0000000180126b48     <common>
 0003:00054b50       __onexitend                0000000180126b50     <common>
 0003:00054b58       __onexitbegin              0000000180126b58     <common>
 0003:00054b60       __dyn_tls_init_callback    0000000180126b60     <common>

 entry point at        0001:000cc690

 Static symbols

 0001:00001630       c1_info_helper             0000000180002630 f   c1_hdlcodercpu_eml.obj
 0001:00007f30       c1_emlrt_marshallOut       0000000180008f30 f   c1_hdlcodercpu_eml.obj
 0001:00007fc0       c1_b_emlrt_marshallOut     0000000180008fc0 f   c1_hdlcodercpu_eml.obj
 0001:00008a20       get_sim_state_c1_hdlcodercpu_eml 0000000180009a20 f   c1_hdlcodercpu_eml.obj
 0001:00008d20       sf_get_sim_state_info_c1_hdlcodercpu_eml 0000000180009d20 f   c1_hdlcodercpu_eml.obj
 0001:00008ef0       set_sim_state_c1_hdlcodercpu_eml 0000000180009ef0 f   c1_hdlcodercpu_eml.obj
 0001:00008fc0       c1_update_debugger_state_c1_hdlcodercpu_eml 0000000180009fc0 f   c1_hdlcodercpu_eml.obj
 0001:00008fd0       c1_d_emlrt_marshallIn      0000000180009fd0 f   c1_hdlcodercpu_eml.obj
 0001:00009030       c1_e_emlrt_marshallIn      000000018000a030 f   c1_hdlcodercpu_eml.obj
 0001:00009180       c1_f_emlrt_marshallIn      000000018000a180 f   c1_hdlcodercpu_eml.obj
 0001:000091e0       c1_g_emlrt_marshallIn      000000018000a1e0 f   c1_hdlcodercpu_eml.obj
 0001:000092e0       mdlProcessParameters_c1_hdlcodercpu_eml 000000018000a2e0 f   c1_hdlcodercpu_eml.obj
 0001:000093c0       initialize_params_c1_hdlcodercpu_eml 000000018000a3c0 f   c1_hdlcodercpu_eml.obj
 0001:000093d0       mdlSetWorkWidths_c1_hdlcodercpu_eml 000000018000a3d0 f   c1_hdlcodercpu_eml.obj
 0001:000098d0       sf_get_instance_specialization 000000018000a8d0 f   c1_hdlcodercpu_eml.obj
 0001:000098e0       mdlStart_c1_hdlcodercpu_eml 000000018000a8e0 f   c1_hdlcodercpu_eml.obj
 0001:00009b10       init_dsm_address_info      000000018000ab10 f   c1_hdlcodercpu_eml.obj
 0001:00009b20       chart_debug_initialization 000000018000ab20 f   c1_hdlcodercpu_eml.obj
 0001:0000a430       init_script_number_translation 000000018000b430 f   c1_hdlcodercpu_eml.obj
 0001:0000a450       c1_b_sf_marshallOut        000000018000b450 f   c1_hdlcodercpu_eml.obj
 0001:0000a500       c1_g_sf_marshallOut        000000018000b500 f   c1_hdlcodercpu_eml.obj
 0001:0000a760       c1_d_sf_marshallIn         000000018000b760 f   c1_hdlcodercpu_eml.obj
 0001:0000a810       sf_opaque_initialize_c1_hdlcodercpu_eml 000000018000b810 f   c1_hdlcodercpu_eml.obj
 0001:0000a850       initialize_c1_hdlcodercpu_eml 000000018000b850 f   c1_hdlcodercpu_eml.obj
 0001:0000b280       sf_opaque_enable_c1_hdlcodercpu_eml 000000018000c280 f   c1_hdlcodercpu_eml.obj
 0001:0000b2a0       enable_c1_hdlcodercpu_eml  000000018000c2a0 f   c1_hdlcodercpu_eml.obj
 0001:0000b2d0       sf_opaque_disable_c1_hdlcodercpu_eml 000000018000c2d0 f   c1_hdlcodercpu_eml.obj
 0001:0000b2f0       disable_c1_hdlcodercpu_eml 000000018000c2f0 f   c1_hdlcodercpu_eml.obj
 0001:0000b320       sf_opaque_gateway_c1_hdlcodercpu_eml 000000018000c320 f   c1_hdlcodercpu_eml.obj
 0001:0000b340       sf_gateway_c1_hdlcodercpu_eml 000000018000c340 f   c1_hdlcodercpu_eml.obj
 0001:0000bd00       c1_sf_marshallOut          000000018000cd00 f   c1_hdlcodercpu_eml.obj
 0001:0000bf60       c1_sf_marshallIn           000000018000cf60 f   c1_hdlcodercpu_eml.obj
 0001:0000c010       c1_emlrt_marshallIn        000000018000d010 f   c1_hdlcodercpu_eml.obj
 0001:0000c160       c1_c_sf_marshallOut        000000018000d160 f   c1_hdlcodercpu_eml.obj
 0001:0000c3c0       c1_d_sf_marshallOut        000000018000d3c0 f   c1_hdlcodercpu_eml.obj
 0001:0000c470       c1_b_sf_marshallIn         000000018000d470 f   c1_hdlcodercpu_eml.obj
 0001:0000c510       c1_b_emlrt_marshallIn      000000018000d510 f   c1_hdlcodercpu_eml.obj
 0001:0000c5a0       c1_e_sf_marshallOut        000000018000d5a0 f   c1_hdlcodercpu_eml.obj
 0001:0000c640       c1_eml_fi_checkforconst    000000018000d640 f   c1_hdlcodercpu_eml.obj
 0001:0000c650       sf_opaque_get_sim_state_c1_hdlcodercpu_eml 000000018000d650 f   c1_hdlcodercpu_eml.obj
 0001:0000c670       sf_opaque_set_sim_state_c1_hdlcodercpu_eml 000000018000d670 f   c1_hdlcodercpu_eml.obj
 0001:0000c6a0       sf_opaque_terminate_c1_hdlcodercpu_eml 000000018000d6a0 f   c1_hdlcodercpu_eml.obj
 0001:0000c740       finalize_c1_hdlcodercpu_eml 000000018000d740 f   c1_hdlcodercpu_eml.obj
 0001:0000c780       sf_opaque_init_subchart_simstructs 000000018000d780 f   c1_hdlcodercpu_eml.obj
 0001:0000c7a0       initSimStructsc1_hdlcodercpu_eml 000000018000d7a0 f   c1_hdlcodercpu_eml.obj
 0001:0000c7b0       mdlRTW_c1_hdlcodercpu_eml  000000018000d7b0 f   c1_hdlcodercpu_eml.obj
 0001:0000c870       c2_info_helper             000000018000d870 f   c2_hdlcodercpu_eml.obj
 0001:000164e0       c2_emlrt_marshallOut       00000001800174e0 f   c2_hdlcodercpu_eml.obj
 0001:00016570       c2_b_emlrt_marshallOut     0000000180017570 f   c2_hdlcodercpu_eml.obj
 0001:000165e0       c2_b_info_helper           00000001800175e0 f   c2_hdlcodercpu_eml.obj
 0001:00020250       c2_c_info_helper           0000000180021250 f   c2_hdlcodercpu_eml.obj
 0001:00025ad0       get_sim_state_c2_hdlcodercpu_eml 0000000180026ad0 f   c2_hdlcodercpu_eml.obj
 0001:000279b0       sf_get_sim_state_info_c2_hdlcodercpu_eml 00000001800289b0 f   c2_hdlcodercpu_eml.obj
 0001:00027b90       set_sim_state_c2_hdlcodercpu_eml 0000000180028b90 f   c2_hdlcodercpu_eml.obj
 0001:000281e0       c2_update_debugger_state_c2_hdlcodercpu_eml 00000001800291e0 f   c2_hdlcodercpu_eml.obj
 0001:000281f0       c2_emlrt_marshallIn        00000001800291f0 f   c2_hdlcodercpu_eml.obj
 0001:00028250       c2_b_emlrt_marshallIn      0000000180029250 f   c2_hdlcodercpu_eml.obj
 0001:00028310       c2_c_emlrt_marshallIn      0000000180029310 f   c2_hdlcodercpu_eml.obj
 0001:00028370       c2_d_emlrt_marshallIn      0000000180029370 f   c2_hdlcodercpu_eml.obj
 0001:000284f0       c2_e_emlrt_marshallIn      00000001800294f0 f   c2_hdlcodercpu_eml.obj
 0001:00028550       c2_f_emlrt_marshallIn      0000000180029550 f   c2_hdlcodercpu_eml.obj
 0001:000286d0       c2_g_emlrt_marshallIn      00000001800296d0 f   c2_hdlcodercpu_eml.obj
 0001:00028730       c2_h_emlrt_marshallIn      0000000180029730 f   c2_hdlcodercpu_eml.obj
 0001:000288b0       c2_i_emlrt_marshallIn      00000001800298b0 f   c2_hdlcodercpu_eml.obj
 0001:00028910       c2_j_emlrt_marshallIn      0000000180029910 f   c2_hdlcodercpu_eml.obj
 0001:000289d0       c2_k_emlrt_marshallIn      00000001800299d0 f   c2_hdlcodercpu_eml.obj
 0001:00028a30       c2_l_emlrt_marshallIn      0000000180029a30 f   c2_hdlcodercpu_eml.obj
 0001:00028af0       c2_m_emlrt_marshallIn      0000000180029af0 f   c2_hdlcodercpu_eml.obj
 0001:00028b50       c2_n_emlrt_marshallIn      0000000180029b50 f   c2_hdlcodercpu_eml.obj
 0001:00028be0       c2_o_emlrt_marshallIn      0000000180029be0 f   c2_hdlcodercpu_eml.obj
 0001:00028c40       c2_p_emlrt_marshallIn      0000000180029c40 f   c2_hdlcodercpu_eml.obj
 0001:00028d90       c2_q_emlrt_marshallIn      0000000180029d90 f   c2_hdlcodercpu_eml.obj
 0001:00028df0       c2_r_emlrt_marshallIn      0000000180029df0 f   c2_hdlcodercpu_eml.obj
 0001:00028f40       c2_s_emlrt_marshallIn      0000000180029f40 f   c2_hdlcodercpu_eml.obj
 0001:00028fa0       c2_t_emlrt_marshallIn      0000000180029fa0 f   c2_hdlcodercpu_eml.obj
 0001:000290f0       c2_u_emlrt_marshallIn      000000018002a0f0 f   c2_hdlcodercpu_eml.obj
 0001:00029150       c2_v_emlrt_marshallIn      000000018002a150 f   c2_hdlcodercpu_eml.obj
 0001:000292a0       c2_w_emlrt_marshallIn      000000018002a2a0 f   c2_hdlcodercpu_eml.obj
 0001:00029300       c2_x_emlrt_marshallIn      000000018002a300 f   c2_hdlcodercpu_eml.obj
 0001:00029390       c2_eb_emlrt_marshallIn     000000018002a390 f   c2_hdlcodercpu_eml.obj
 0001:000293f0       c2_fb_emlrt_marshallIn     000000018002a3f0 f   c2_hdlcodercpu_eml.obj
 0001:000295b0       mdlProcessParameters_c2_hdlcodercpu_eml 000000018002a5b0 f   c2_hdlcodercpu_eml.obj
 0001:00029690       initialize_params_c2_hdlcodercpu_eml 000000018002a690 f   c2_hdlcodercpu_eml.obj
 0001:000296a0       mdlSetWorkWidths_c2_hdlcodercpu_eml 000000018002a6a0 f   c2_hdlcodercpu_eml.obj
 0001:00029c00       sf_get_instance_specialization 000000018002ac00 f   c2_hdlcodercpu_eml.obj
 0001:00029c10       mdlStart_c2_hdlcodercpu_eml 000000018002ac10 f   c2_hdlcodercpu_eml.obj
 0001:00029e40       init_dsm_address_info      000000018002ae40 f   c2_hdlcodercpu_eml.obj
 0001:00029e50       chart_debug_initialization 000000018002ae50 f   c2_hdlcodercpu_eml.obj
 0001:0002c4c0       init_script_number_translation 000000018002d4c0 f   c2_hdlcodercpu_eml.obj
 0001:0002c4e0       c2_g_sf_marshallOut        000000018002d4e0 f   c2_hdlcodercpu_eml.obj
 0001:0002c590       c2_g_sf_marshallIn         000000018002d590 f   c2_hdlcodercpu_eml.obj
 0001:0002c630       c2_h_sf_marshallOut        000000018002d630 f   c2_hdlcodercpu_eml.obj
 0001:0002c890       c2_h_sf_marshallIn         000000018002d890 f   c2_hdlcodercpu_eml.obj
 0001:0002c940       c2_i_sf_marshallOut        000000018002d940 f   c2_hdlcodercpu_eml.obj
 0001:0002cba0       c2_i_sf_marshallIn         000000018002dba0 f   c2_hdlcodercpu_eml.obj
 0001:0002cc50       c2_j_sf_marshallOut        000000018002dc50 f   c2_hdlcodercpu_eml.obj
 0001:0002ceb0       c2_j_sf_marshallIn         000000018002deb0 f   c2_hdlcodercpu_eml.obj
 0001:0002cf60       c2_k_sf_marshallOut        000000018002df60 f   c2_hdlcodercpu_eml.obj
 0001:0002d1c0       c2_k_sf_marshallIn         000000018002e1c0 f   c2_hdlcodercpu_eml.obj
 0001:0002d270       c2_l_sf_marshallOut        000000018002e270 f   c2_hdlcodercpu_eml.obj
 0001:0002d320       c2_l_sf_marshallIn         000000018002e320 f   c2_hdlcodercpu_eml.obj
 0001:0002d3c0       c2_s_sf_marshallOut        000000018002e3c0 f   c2_hdlcodercpu_eml.obj
 0001:0002d630       c2_v_sf_marshallOut        000000018002e630 f   c2_hdlcodercpu_eml.obj
 0001:0002d890       c2_r_sf_marshallIn         000000018002e890 f   c2_hdlcodercpu_eml.obj
 0001:0002d940       sf_opaque_initialize_c2_hdlcodercpu_eml 000000018002e940 f   c2_hdlcodercpu_eml.obj
 0001:0002d980       initialize_c2_hdlcodercpu_eml 000000018002e980 f   c2_hdlcodercpu_eml.obj
 0001:0002e970       sf_opaque_enable_c2_hdlcodercpu_eml 000000018002f970 f   c2_hdlcodercpu_eml.obj
 0001:0002e990       enable_c2_hdlcodercpu_eml  000000018002f990 f   c2_hdlcodercpu_eml.obj
 0001:0002e9c0       sf_opaque_disable_c2_hdlcodercpu_eml 000000018002f9c0 f   c2_hdlcodercpu_eml.obj
 0001:0002e9e0       disable_c2_hdlcodercpu_eml 000000018002f9e0 f   c2_hdlcodercpu_eml.obj
 0001:0002ea10       sf_opaque_gateway_c2_hdlcodercpu_eml 000000018002fa10 f   c2_hdlcodercpu_eml.obj
 0001:0002ea30       sf_gateway_c2_hdlcodercpu_eml 000000018002fa30 f   c2_hdlcodercpu_eml.obj
 0001:0002f2d0       c2_chartstep_c2_hdlcodercpu_eml 00000001800302d0 f   c2_hdlcodercpu_eml.obj
 0001:0003b870       c2_sf_marshallOut          000000018003c870 f   c2_hdlcodercpu_eml.obj
 0001:0003b990       c2_sf_marshallIn           000000018003c990 f   c2_hdlcodercpu_eml.obj
 0001:0003ba30       c2_b_sf_marshallOut        000000018003ca30 f   c2_hdlcodercpu_eml.obj
 0001:0003bd00       c2_b_sf_marshallIn         000000018003cd00 f   c2_hdlcodercpu_eml.obj
 0001:0003bdb0       c2_c_sf_marshallOut        000000018003cdb0 f   c2_hdlcodercpu_eml.obj
 0001:0003c080       c2_c_sf_marshallIn         000000018003d080 f   c2_hdlcodercpu_eml.obj
 0001:0003c130       c2_d_sf_marshallOut        000000018003d130 f   c2_hdlcodercpu_eml.obj
 0001:0003c400       c2_d_sf_marshallIn         000000018003d400 f   c2_hdlcodercpu_eml.obj
 0001:0003c4b0       c2_e_sf_marshallOut        000000018003d4b0 f   c2_hdlcodercpu_eml.obj
 0001:0003c5d0       c2_e_sf_marshallIn         000000018003d5d0 f   c2_hdlcodercpu_eml.obj
 0001:0003c670       c2_f_sf_marshallOut        000000018003d670 f   c2_hdlcodercpu_eml.obj
 0001:0003c790       c2_f_sf_marshallIn         000000018003d790 f   c2_hdlcodercpu_eml.obj
 0001:0003c830       c2_m_sf_marshallOut        000000018003d830 f   c2_hdlcodercpu_eml.obj
 0001:0003ca90       c2_m_sf_marshallIn         000000018003da90 f   c2_hdlcodercpu_eml.obj
 0001:0003cb40       c2_y_emlrt_marshallIn      000000018003db40 f   c2_hdlcodercpu_eml.obj
 0001:0003cc90       c2_n_sf_marshallOut        000000018003dc90 f   c2_hdlcodercpu_eml.obj
 0001:0003cf00       c2_o_sf_marshallOut        000000018003df00 f   c2_hdlcodercpu_eml.obj
 0001:0003d160       c2_p_sf_marshallOut        000000018003e160 f   c2_hdlcodercpu_eml.obj
 0001:0003d210       c2_n_sf_marshallIn         000000018003e210 f   c2_hdlcodercpu_eml.obj
 0001:0003d2b0       c2_ab_emlrt_marshallIn     000000018003e2b0 f   c2_hdlcodercpu_eml.obj
 0001:0003d340       c2_q_sf_marshallOut        000000018003e340 f   c2_hdlcodercpu_eml.obj
 0001:0003d5a0       c2_o_sf_marshallIn         000000018003e5a0 f   c2_hdlcodercpu_eml.obj
 0001:0003d650       c2_bb_emlrt_marshallIn     000000018003e650 f   c2_hdlcodercpu_eml.obj
 0001:0003d7a0       c2_r_sf_marshallOut        000000018003e7a0 f   c2_hdlcodercpu_eml.obj
 0001:0003da00       c2_p_sf_marshallIn         000000018003ea00 f   c2_hdlcodercpu_eml.obj
 0001:0003dab0       c2_cb_emlrt_marshallIn     000000018003eab0 f   c2_hdlcodercpu_eml.obj
 0001:0003dc00       c2_t_sf_marshallOut        000000018003ec00 f   c2_hdlcodercpu_eml.obj
 0001:0003dca0       c2_eml_fi_checkforconst    000000018003eca0 f   c2_hdlcodercpu_eml.obj
 0001:0003dcb0       c2_b_eml_fi_checkforconst  000000018003ecb0 f   c2_hdlcodercpu_eml.obj
 0001:0003dcc0       c2_c_eml_fi_checkforconst  000000018003ecc0 f   c2_hdlcodercpu_eml.obj
 0001:0003dcd0       c2_d_eml_fi_checkforconst  000000018003ecd0 f   c2_hdlcodercpu_eml.obj
 0001:0003dce0       c2_e_eml_fi_checkforconst  000000018003ece0 f   c2_hdlcodercpu_eml.obj
 0001:0003dcf0       c2_logical                 000000018003ecf0 f   c2_hdlcodercpu_eml.obj
 0001:0003dd60       c2_uint8                   000000018003ed60 f   c2_hdlcodercpu_eml.obj
 0001:0003dde0       c2_b_uint8                 000000018003ede0 f   c2_hdlcodercpu_eml.obj
 0001:0003de40       c2_c_uint8                 000000018003ee40 f   c2_hdlcodercpu_eml.obj
 0001:0003dea0       c2_b_logical               000000018003eea0 f   c2_hdlcodercpu_eml.obj
 0001:0003df10       c2_minus                   000000018003ef10 f   c2_hdlcodercpu_eml.obj
 0001:0003df50       c2_eml_scalar_eg           000000018003ef50 f   c2_hdlcodercpu_eml.obj
 0001:0003df60       c2_bitsrl                  000000018003ef60 f   c2_hdlcodercpu_eml.obj
 0001:0003dfc0       c2_eml_switch_helper       000000018003efc0 f   c2_hdlcodercpu_eml.obj
 0001:0003dfd0       c2_eml_feval               000000018003efd0 f   c2_hdlcodercpu_eml.obj
 0001:0003e0b0       c2_f_eml_fi_checkforconst  000000018003f0b0 f   c2_hdlcodercpu_eml.obj
 0001:0003e0c0       c2_b_bitsrl                000000018003f0c0 f   c2_hdlcodercpu_eml.obj
 0001:0003e120       c2_bitand                  000000018003f120 f   c2_hdlcodercpu_eml.obj
 0001:0003e160       sf_opaque_get_sim_state_c2_hdlcodercpu_eml 000000018003f160 f   c2_hdlcodercpu_eml.obj
 0001:0003e180       sf_opaque_set_sim_state_c2_hdlcodercpu_eml 000000018003f180 f   c2_hdlcodercpu_eml.obj
 0001:0003e1b0       sf_opaque_terminate_c2_hdlcodercpu_eml 000000018003f1b0 f   c2_hdlcodercpu_eml.obj
 0001:0003e250       finalize_c2_hdlcodercpu_eml 000000018003f250 f   c2_hdlcodercpu_eml.obj
 0001:0003e2d0       sf_opaque_init_subchart_simstructs 000000018003f2d0 f   c2_hdlcodercpu_eml.obj
 0001:0003e2f0       initSimStructsc2_hdlcodercpu_eml 000000018003f2f0 f   c2_hdlcodercpu_eml.obj
 0001:0003e300       mdlRTW_c2_hdlcodercpu_eml  000000018003f300 f   c2_hdlcodercpu_eml.obj
 0001:0003e3b0       c3_info_helper             000000018003f3b0 f   c3_hdlcodercpu_eml.obj
 0001:00043b80       c3_emlrt_marshallOut       0000000180044b80 f   c3_hdlcodercpu_eml.obj
 0001:00043c10       c3_b_emlrt_marshallOut     0000000180044c10 f   c3_hdlcodercpu_eml.obj
 0001:00044a50       get_sim_state_c3_hdlcodercpu_eml 0000000180045a50 f   c3_hdlcodercpu_eml.obj
 0001:00044f70       sf_get_sim_state_info_c3_hdlcodercpu_eml 0000000180045f70 f   c3_hdlcodercpu_eml.obj
 0001:00045140       set_sim_state_c3_hdlcodercpu_eml 0000000180046140 f   c3_hdlcodercpu_eml.obj
 0001:00045250       c3_update_debugger_state_c3_hdlcodercpu_eml 0000000180046250 f   c3_hdlcodercpu_eml.obj
 0001:00045260       c3_emlrt_marshallIn        0000000180046260 f   c3_hdlcodercpu_eml.obj
 0001:000452c0       c3_b_emlrt_marshallIn      00000001800462c0 f   c3_hdlcodercpu_eml.obj
 0001:00045440       c3_c_emlrt_marshallIn      0000000180046440 f   c3_hdlcodercpu_eml.obj
 0001:000454a0       c3_d_emlrt_marshallIn      00000001800464a0 f   c3_hdlcodercpu_eml.obj
 0001:000455f0       c3_g_emlrt_marshallIn      00000001800465f0 f   c3_hdlcodercpu_eml.obj
 0001:00045650       c3_h_emlrt_marshallIn      0000000180046650 f   c3_hdlcodercpu_eml.obj
 0001:00045750       mdlProcessParameters_c3_hdlcodercpu_eml 0000000180046750 f   c3_hdlcodercpu_eml.obj
 0001:00045830       initialize_params_c3_hdlcodercpu_eml 0000000180046830 f   c3_hdlcodercpu_eml.obj
 0001:00045840       mdlSetWorkWidths_c3_hdlcodercpu_eml 0000000180046840 f   c3_hdlcodercpu_eml.obj
 0001:00045d70       sf_get_instance_specialization 0000000180046d70 f   c3_hdlcodercpu_eml.obj
 0001:00045d80       mdlStart_c3_hdlcodercpu_eml 0000000180046d80 f   c3_hdlcodercpu_eml.obj
 0001:00045fb0       init_dsm_address_info      0000000180046fb0 f   c3_hdlcodercpu_eml.obj
 0001:00045fc0       chart_debug_initialization 0000000180046fc0 f   c3_hdlcodercpu_eml.obj
 0001:00046aa0       init_script_number_translation 0000000180047aa0 f   c3_hdlcodercpu_eml.obj
 0001:00046ac0       c3_b_sf_marshallOut        0000000180047ac0 f   c3_hdlcodercpu_eml.obj
 0001:00046d20       c3_b_sf_marshallIn         0000000180047d20 f   c3_hdlcodercpu_eml.obj
 0001:00046dd0       c3_h_sf_marshallOut        0000000180047dd0 f   c3_hdlcodercpu_eml.obj
 0001:00047030       sf_opaque_initialize_c3_hdlcodercpu_eml 0000000180048030 f   c3_hdlcodercpu_eml.obj
 0001:00047070       initialize_c3_hdlcodercpu_eml 0000000180048070 f   c3_hdlcodercpu_eml.obj
 0001:000477c0       sf_opaque_enable_c3_hdlcodercpu_eml 00000001800487c0 f   c3_hdlcodercpu_eml.obj
 0001:000477e0       enable_c3_hdlcodercpu_eml  00000001800487e0 f   c3_hdlcodercpu_eml.obj
 0001:00047810       sf_opaque_disable_c3_hdlcodercpu_eml 0000000180048810 f   c3_hdlcodercpu_eml.obj
 0001:00047830       disable_c3_hdlcodercpu_eml 0000000180048830 f   c3_hdlcodercpu_eml.obj
 0001:00047860       sf_opaque_gateway_c3_hdlcodercpu_eml 0000000180048860 f   c3_hdlcodercpu_eml.obj
 0001:00047880       sf_gateway_c3_hdlcodercpu_eml 0000000180048880 f   c3_hdlcodercpu_eml.obj
 0001:00047b60       c3_chartstep_c3_hdlcodercpu_eml 0000000180048b60 f   c3_hdlcodercpu_eml.obj
 0001:000489f0       c3_sf_marshallOut          00000001800499f0 f   c3_hdlcodercpu_eml.obj
 0001:00048cc0       c3_sf_marshallIn           0000000180049cc0 f   c3_hdlcodercpu_eml.obj
 0001:00048d70       c3_c_sf_marshallOut        0000000180049d70 f   c3_hdlcodercpu_eml.obj
 0001:00048fd0       c3_d_sf_marshallOut        0000000180049fd0 f   c3_hdlcodercpu_eml.obj
 0001:00049230       c3_e_sf_marshallOut        000000018004a230 f   c3_hdlcodercpu_eml.obj
 0001:000492e0       c3_c_sf_marshallIn         000000018004a2e0 f   c3_hdlcodercpu_eml.obj
 0001:00049380       c3_e_emlrt_marshallIn      000000018004a380 f   c3_hdlcodercpu_eml.obj
 0001:00049410       c3_f_sf_marshallOut        000000018004a410 f   c3_hdlcodercpu_eml.obj
 0001:000494b0       c3_eml_fi_checkforconst    000000018004a4b0 f   c3_hdlcodercpu_eml.obj
 0001:000494c0       sf_opaque_get_sim_state_c3_hdlcodercpu_eml 000000018004a4c0 f   c3_hdlcodercpu_eml.obj
 0001:000494e0       sf_opaque_set_sim_state_c3_hdlcodercpu_eml 000000018004a4e0 f   c3_hdlcodercpu_eml.obj
 0001:00049510       sf_opaque_terminate_c3_hdlcodercpu_eml 000000018004a510 f   c3_hdlcodercpu_eml.obj
 0001:000495b0       finalize_c3_hdlcodercpu_eml 000000018004a5b0 f   c3_hdlcodercpu_eml.obj
 0001:000495f0       sf_opaque_init_subchart_simstructs 000000018004a5f0 f   c3_hdlcodercpu_eml.obj
 0001:00049610       initSimStructsc3_hdlcodercpu_eml 000000018004a610 f   c3_hdlcodercpu_eml.obj
 0001:00049620       mdlRTW_c3_hdlcodercpu_eml  000000018004a620 f   c3_hdlcodercpu_eml.obj
 0001:000496e0       c4_info_helper             000000018004a6e0 f   c4_hdlcodercpu_eml.obj
 0001:00053350       c4_emlrt_marshallOut       0000000180054350 f   c4_hdlcodercpu_eml.obj
 0001:000533e0       c4_b_emlrt_marshallOut     00000001800543e0 f   c4_hdlcodercpu_eml.obj
 0001:00053450       c4_b_info_helper           0000000180054450 f   c4_hdlcodercpu_eml.obj
 0001:0005d0c0       c4_c_info_helper           000000018005e0c0 f   c4_hdlcodercpu_eml.obj
 0001:00064a30       get_sim_state_c4_hdlcodercpu_eml 0000000180065a30 f   c4_hdlcodercpu_eml.obj
 0001:00064f00       sf_get_sim_state_info_c4_hdlcodercpu_eml 0000000180065f00 f   c4_hdlcodercpu_eml.obj
 0001:000650d0       set_sim_state_c4_hdlcodercpu_eml 00000001800660d0 f   c4_hdlcodercpu_eml.obj
 0001:000651f0       c4_update_debugger_state_c4_hdlcodercpu_eml 00000001800661f0 f   c4_hdlcodercpu_eml.obj
 0001:00065200       c4_b_emlrt_marshallIn      0000000180066200 f   c4_hdlcodercpu_eml.obj
 0001:00065260       c4_c_emlrt_marshallIn      0000000180066260 f   c4_hdlcodercpu_eml.obj
 0001:000653b0       c4_f_emlrt_marshallIn      00000001800663b0 f   c4_hdlcodercpu_eml.obj
 0001:00065410       c4_g_emlrt_marshallIn      0000000180066410 f   c4_hdlcodercpu_eml.obj
 0001:000654a0       c4_l_emlrt_marshallIn      00000001800664a0 f   c4_hdlcodercpu_eml.obj
 0001:00065500       c4_m_emlrt_marshallIn      0000000180066500 f   c4_hdlcodercpu_eml.obj
 0001:000656c0       mdlProcessParameters_c4_hdlcodercpu_eml 00000001800666c0 f   c4_hdlcodercpu_eml.obj
 0001:000657a0       initialize_params_c4_hdlcodercpu_eml 00000001800667a0 f   c4_hdlcodercpu_eml.obj
 0001:000657b0       mdlSetWorkWidths_c4_hdlcodercpu_eml 00000001800667b0 f   c4_hdlcodercpu_eml.obj
 0001:00065d10       sf_get_instance_specialization 0000000180066d10 f   c4_hdlcodercpu_eml.obj
 0001:00065d20       mdlStart_c4_hdlcodercpu_eml 0000000180066d20 f   c4_hdlcodercpu_eml.obj
 0001:00065f50       init_dsm_address_info      0000000180066f50 f   c4_hdlcodercpu_eml.obj
 0001:00065f60       chart_debug_initialization 0000000180066f60 f   c4_hdlcodercpu_eml.obj
 0001:00066d70       init_script_number_translation 0000000180067d70 f   c4_hdlcodercpu_eml.obj
 0001:00066d90       c4_b_sf_marshallOut        0000000180067d90 f   c4_hdlcodercpu_eml.obj
 0001:00066ff0       c4_b_sf_marshallIn         0000000180067ff0 f   c4_hdlcodercpu_eml.obj
 0001:000670a0       c4_l_sf_marshallOut        00000001800680a0 f   c4_hdlcodercpu_eml.obj
 0001:00067300       c4_m_sf_marshallOut        0000000180068300 f   c4_hdlcodercpu_eml.obj
[...]
 0001:000865a0       c7_info_helper             00000001800875a0 f   c7_hdlcodercpu_eml.obj
 0001:00090210       c7_emlrt_marshallOut       0000000180091210 f   c7_hdlcodercpu_eml.obj
 0001:000902a0       c7_b_emlrt_marshallOut     00000001800912a0 f   c7_hdlcodercpu_eml.obj
 0001:00090310       c7_b_info_helper           0000000180091310 f   c7_hdlcodercpu_eml.obj
 0001:00094640       get_sim_state_c7_hdlcodercpu_eml 0000000180095640 f   c7_hdlcodercpu_eml.obj
 0001:00094b60       sf_get_sim_state_info_c7_hdlcodercpu_eml 0000000180095b60 f   c7_hdlcodercpu_eml.obj
 0001:00094d30       set_sim_state_c7_hdlcodercpu_eml 0000000180095d30 f   c7_hdlcodercpu_eml.obj
 0001:00094e40       c7_update_debugger_state_c7_hdlcodercpu_eml 0000000180095e40 f   c7_hdlcodercpu_eml.obj
 0001:00094e50       c7_emlrt_marshallIn        0000000180095e50 f   c7_hdlcodercpu_eml.obj
 0001:00094eb0       c7_b_emlrt_marshallIn      0000000180095eb0 f   c7_hdlcodercpu_eml.obj
 0001:00095030       c7_c_emlrt_marshallIn      0000000180096030 f   c7_hdlcodercpu_eml.obj
 0001:00095090       c7_d_emlrt_marshallIn      0000000180096090 f   c7_hdlcodercpu_eml.obj
 0001:000951e0       c7_g_emlrt_marshallIn      00000001800961e0 f   c7_hdlcodercpu_eml.obj
 0001:00095240       c7_h_emlrt_marshallIn      0000000180096240 f   c7_hdlcodercpu_eml.obj
 0001:00095340       mdlProcessParameters_c7_hdlcodercpu_eml 0000000180096340 f   c7_hdlcodercpu_eml.obj
 0001:00095420       initialize_params_c7_hdlcodercpu_eml 0000000180096420 f   c7_hdlcodercpu_eml.obj
 0001:00095430       mdlSetWorkWidths_c7_hdlcodercpu_eml 0000000180096430 f   c7_hdlcodercpu_eml.obj
 0001:00095930       sf_get_instance_specialization 0000000180096930 f   c7_hdlcodercpu_eml.obj
 0001:00095940       mdlStart_c7_hdlcodercpu_eml 0000000180096940 f   c7_hdlcodercpu_eml.obj
 0001:00095b70       init_dsm_address_info      0000000180096b70 f   c7_hdlcodercpu_eml.obj
 0001:00095b80       chart_debug_initialization 0000000180096b80 f   c7_hdlcodercpu_eml.obj
 0001:00096510       init_script_number_translation 0000000180097510 f   c7_hdlcodercpu_eml.obj
 0001:00096530       c7_b_sf_marshallOut        0000000180097530 f   c7_hdlcodercpu_eml.obj
 0001:00096790       c7_b_sf_marshallIn         0000000180097790 f   c7_hdlcodercpu_eml.obj
 0001:00096840       c7_h_sf_marshallOut        0000000180097840 f   c7_hdlcodercpu_eml.obj
 0001:00096aa0       sf_opaque_initialize_c7_hdlcodercpu_eml 0000000180097aa0 f   c7_hdlcodercpu_eml.obj
 0001:00096ae0       initialize_c7_hdlcodercpu_eml 0000000180097ae0 f   c7_hdlcodercpu_eml.obj
 0001:00097290       sf_opaque_enable_c7_hdlcodercpu_eml 0000000180098290 f   c7_hdlcodercpu_eml.obj
 0001:000972b0       enable_c7_hdlcodercpu_eml  00000001800982b0 f   c7_hdlcodercpu_eml.obj
 0001:000972e0       sf_opaque_disable_c7_hdlcodercpu_eml 00000001800982e0 f   c7_hdlcodercpu_eml.obj
 0001:00097300       disable_c7_hdlcodercpu_eml 0000000180098300 f   c7_hdlcodercpu_eml.obj
 0001:00097330       sf_opaque_gateway_c7_hdlcodercpu_eml 0000000180098330 f   c7_hdlcodercpu_eml.obj
 0001:00097350       sf_gateway_c7_hdlcodercpu_eml 0000000180098350 f   c7_hdlcodercpu_eml.obj
 0001:000975c0       c7_chartstep_c7_hdlcodercpu_eml 00000001800985c0 f   c7_hdlcodercpu_eml.obj
 0001:00098400       c7_sf_marshallOut          0000000180099400 f   c7_hdlcodercpu_eml.obj
 0001:000986d0       c7_sf_marshallIn           00000001800996d0 f   c7_hdlcodercpu_eml.obj
 0001:00098780       c7_c_sf_marshallOut        0000000180099780 f   c7_hdlcodercpu_eml.obj
 0001:000989e0       c7_d_sf_marshallOut        00000001800999e0 f   c7_hdlcodercpu_eml.obj
 0001:00098c40       c7_e_sf_marshallOut        0000000180099c40 f   c7_hdlcodercpu_eml.obj
 0001:00098cf0       c7_c_sf_marshallIn         0000000180099cf0 f   c7_hdlcodercpu_eml.obj
 0001:00098d90       c7_e_emlrt_marshallIn      0000000180099d90 f   c7_hdlcodercpu_eml.obj
 0001:00098e20       c7_f_sf_marshallOut        0000000180099e20 f   c7_hdlcodercpu_eml.obj
 0001:00098ec0       c7_eml_fi_checkforconst    0000000180099ec0 f   c7_hdlcodercpu_eml.obj
 0001:00098ed0       c7_uint8                   0000000180099ed0 f   c7_hdlcodercpu_eml.obj
 0001:00098f30       c7_eml_scalar_eg           0000000180099f30 f   c7_hdlcodercpu_eml.obj
 0001:00098f40       sf_opaque_get_sim_state_c7_hdlcodercpu_eml 0000000180099f40 f   c7_hdlcodercpu_eml.obj
 0001:00098f60       sf_opaque_set_sim_state_c7_hdlcodercpu_eml 0000000180099f60 f   c7_hdlcodercpu_eml.obj
 0001:00098f90       sf_opaque_terminate_c7_hdlcodercpu_eml 0000000180099f90 f   c7_hdlcodercpu_eml.obj
 0001:00099030       finalize_c7_hdlcodercpu_eml 000000018009a030 f   c7_hdlcodercpu_eml.obj
 0001:00099070       sf_opaque_init_subchart_simstructs 000000018009a070 f   c7_hdlcodercpu_eml.obj
 0001:00099090       initSimStructsc7_hdlcodercpu_eml 000000018009a090 f   c7_hdlcodercpu_eml.obj
 0001:000990a0       mdlRTW_c7_hdlcodercpu_eml  000000018009a0a0 f   c7_hdlcodercpu_eml.obj
 0001:00099160       c8_info_helper             000000018009a160 f   c8_hdlcodercpu_eml.obj
 0001:000a2dd0       c8_emlrt_marshallOut       00000001800a3dd0 f   c8_hdlcodercpu_eml.obj
 0001:000a2e60       c8_b_emlrt_marshallOut     00000001800a3e60 f   c8_hdlcodercpu_eml.obj
 0001:000a2ed0       c8_b_info_helper           00000001800a3ed0 f   c8_hdlcodercpu_eml.obj
 0001:000acb40       c8_c_info_helper           00000001800adb40 f   c8_hdlcodercpu_eml.obj
 0001:000aea00       get_sim_state_c8_hdlcodercpu_eml 00000001800afa00 f   c8_hdlcodercpu_eml.obj
 0001:000aeed0       sf_get_sim_state_info_c8_hdlcodercpu_eml 00000001800afed0 f   c8_hdlcodercpu_eml.obj
 0001:000af0a0       set_sim_state_c8_hdlcodercpu_eml 00000001800b00a0 f   c8_hdlcodercpu_eml.obj
 0001:000af1c0       c8_update_debugger_state_c8_hdlcodercpu_eml 00000001800b01c0 f   c8_hdlcodercpu_eml.obj
 0001:000af1d0       c8_e_emlrt_marshallIn      00000001800b01d0 f   c8_hdlcodercpu_eml.obj
 0001:000af230       c8_f_emlrt_marshallIn      00000001800b0230 f   c8_hdlcodercpu_eml.obj
 0001:000af2c0       c8_i_emlrt_marshallIn      00000001800b02c0 f   c8_hdlcodercpu_eml.obj
 0001:000af320       c8_j_emlrt_marshallIn      00000001800b0320 f   c8_hdlcodercpu_eml.obj
 0001:000af470       c8_k_emlrt_marshallIn      00000001800b0470 f   c8_hdlcodercpu_eml.obj
 0001:000af4d0       c8_l_emlrt_marshallIn      00000001800b04d0 f   c8_hdlcodercpu_eml.obj
 0001:000af690       mdlProcessParameters_c8_hdlcodercpu_eml 00000001800b0690 f   c8_hdlcodercpu_eml.obj
 0001:000af770       initialize_params_c8_hdlcodercpu_eml 00000001800b0770 f   c8_hdlcodercpu_eml.obj
 0001:000af780       mdlSetWorkWidths_c8_hdlcodercpu_eml 00000001800b0780 f   c8_hdlcodercpu_eml.obj
 0001:000afcb0       sf_get_instance_specialization 00000001800b0cb0 f   c8_hdlcodercpu_eml.obj
 0001:000afcc0       mdlStart_c8_hdlcodercpu_eml 00000001800b0cc0 f   c8_hdlcodercpu_eml.obj
 0001:000afef0       init_dsm_address_info      00000001800b0ef0 f   c8_hdlcodercpu_eml.obj
 0001:000aff00       chart_debug_initialization 00000001800b0f00 f   c8_hdlcodercpu_eml.obj
 0001:000b0ae0       init_script_number_translation 00000001800b1ae0 f   c8_hdlcodercpu_eml.obj
 0001:000b0b00       c8_j_sf_marshallOut        00000001800b1b00 f   c8_hdlcodercpu_eml.obj
 0001:000b0d60       c8_h_sf_marshallIn         00000001800b1d60 f   c8_hdlcodercpu_eml.obj
 0001:000b0e10       c8_k_sf_marshallOut        00000001800b1e10 f   c8_hdlcodercpu_eml.obj
 0001:000b1070       c8_l_sf_marshallOut        00000001800b2070 f   c8_hdlcodercpu_eml.obj
 0001:000b12d0       c8_i_sf_marshallIn         00000001800b22d0 f   c8_hdlcodercpu_eml.obj
 0001:000b1380       sf_opaque_initialize_c8_hdlcodercpu_eml 00000001800b2380 f   c8_hdlcodercpu_eml.obj
 0001:000b13c0       initialize_c8_hdlcodercpu_eml 00000001800b23c0 f   c8_hdlcodercpu_eml.obj
 0001:000b1de0       sf_opaque_enable_c8_hdlcodercpu_eml 00000001800b2de0 f   c8_hdlcodercpu_eml.obj
 0001:000b1e00       enable_c8_hdlcodercpu_eml  00000001800b2e00 f   c8_hdlcodercpu_eml.obj
 0001:000b1e30       sf_opaque_disable_c8_hdlcodercpu_eml 00000001800b2e30 f   c8_hdlcodercpu_eml.obj
 0001:000b1e50       disable_c8_hdlcodercpu_eml 00000001800b2e50 f   c8_hdlcodercpu_eml.obj
 0001:000b1e80       sf_opaque_gateway_c8_hdlcodercpu_eml 00000001800b2e80 f   c8_hdlcodercpu_eml.obj
 0001:000b1ea0       sf_gateway_c8_hdlcodercpu_eml 00000001800b2ea0 f   c8_hdlcodercpu_eml.obj
 0001:000b21f0       c8_chartstep_c8_hdlcodercpu_eml 00000001800b31f0 f   c8_hdlcodercpu_eml.obj
 0001:000b3460       c8_sf_marshallOut          00000001800b4460 f   c8_hdlcodercpu_eml.obj
 0001:000b36c0       c8_sf_marshallIn           00000001800b46c0 f   c8_hdlcodercpu_eml.obj
 0001:000b3770       c8_emlrt_marshallIn        00000001800b4770 f   c8_hdlcodercpu_eml.obj
 0001:000b38c0       c8_b_sf_marshallOut        00000001800b48c0 f   c8_hdlcodercpu_eml.obj
 0001:000b3b20       c8_b_sf_marshallIn         00000001800b4b20 f   c8_hdlcodercpu_eml.obj
 0001:000b3bd0       c8_b_emlrt_marshallIn      00000001800b4bd0 f   c8_hdlcodercpu_eml.obj
 0001:000b3d20       c8_c_sf_marshallOut        00000001800b4d20 f   c8_hdlcodercpu_eml.obj
 0001:000b3f80       c8_d_sf_marshallOut        00000001800b4f80 f   c8_hdlcodercpu_eml.obj
 0001:000b4030       c8_c_sf_marshallIn         00000001800b5030 f   c8_hdlcodercpu_eml.obj
 0001:000b40d0       c8_c_emlrt_marshallIn      00000001800b50d0 f   c8_hdlcodercpu_eml.obj
 0001:000b4160       c8_e_sf_marshallOut        00000001800b5160 f   c8_hdlcodercpu_eml.obj
 0001:000b43c0       c8_d_sf_marshallIn         00000001800b53c0 f   c8_hdlcodercpu_eml.obj
 0001:000b4470       c8_d_emlrt_marshallIn      00000001800b5470 f   c8_hdlcodercpu_eml.obj
 0001:000b45c0       c8_f_sf_marshallOut        00000001800b55c0 f   c8_hdlcodercpu_eml.obj
 0001:000b4670       c8_e_sf_marshallIn         00000001800b5670 f   c8_hdlcodercpu_eml.obj
 0001:000b4710       c8_g_sf_marshallOut        00000001800b5710 f   c8_hdlcodercpu_eml.obj
 0001:000b4970       c8_f_sf_marshallIn         00000001800b5970 f   c8_hdlcodercpu_eml.obj
 0001:000b4a20       c8_g_emlrt_marshallIn      00000001800b5a20 f   c8_hdlcodercpu_eml.obj
 0001:000b4b70       c8_h_sf_marshallOut        00000001800b5b70 f   c8_hdlcodercpu_eml.obj
 0001:000b4c10       c8_uint8                   00000001800b5c10 f   c8_hdlcodercpu_eml.obj
 0001:000b4c70       c8_bitsra                  00000001800b5c70 f   c8_hdlcodercpu_eml.obj
 0001:000b4cc0       c8_bitsll                  00000001800b5cc0 f   c8_hdlcodercpu_eml.obj
 0001:000b4d10       c8_bitxor                  00000001800b5d10 f   c8_hdlcodercpu_eml.obj
 0001:000b4d50       c8_all                     00000001800b5d50 f   c8_hdlcodercpu_eml.obj
 0001:000b4dd0       sf_opaque_get_sim_state_c8_hdlcodercpu_eml 00000001800b5dd0 f   c8_hdlcodercpu_eml.obj
 0001:000b4df0       sf_opaque_set_sim_state_c8_hdlcodercpu_eml 00000001800b5df0 f   c8_hdlcodercpu_eml.obj
 0001:000b4e20       sf_opaque_terminate_c8_hdlcodercpu_eml 00000001800b5e20 f   c8_hdlcodercpu_eml.obj
 0001:000b4ec0       finalize_c8_hdlcodercpu_eml 00000001800b5ec0 f   c8_hdlcodercpu_eml.obj
 0001:000b4f10       sf_opaque_init_subchart_simstructs 00000001800b5f10 f   c8_hdlcodercpu_eml.obj
 0001:000b4f30       initSimStructsc8_hdlcodercpu_eml 00000001800b5f30 f   c8_hdlcodercpu_eml.obj
 0001:000b4f40       mdlRTW_c8_hdlcodercpu_eml  00000001800b5f40 f   c8_hdlcodercpu_eml.obj
 0001:000b5000       c9_info_helper             00000001800b6000 f   c9_hdlcodercpu_eml.obj
 0001:000bec70       c9_emlrt_marshallOut       00000001800bfc70 f   c9_hdlcodercpu_eml.obj
 0001:000bed00       c9_b_emlrt_marshallOut     00000001800bfd00 f   c9_hdlcodercpu_eml.obj
 0001:000bed70       c9_b_info_helper           00000001800bfd70 f   c9_hdlcodercpu_eml.obj
 0001:000c1f80       get_sim_state_c9_hdlcodercpu_eml 00000001800c2f80 f   c9_hdlcodercpu_eml.obj
 0001:000c2280       sf_get_sim_state_info_c9_hdlcodercpu_eml 00000001800c3280 f   c9_hdlcodercpu_eml.obj
 0001:000c2450       set_sim_state_c9_hdlcodercpu_eml 00000001800c3450 f   c9_hdlcodercpu_eml.obj
 0001:000c2520       c9_update_debugger_state_c9_hdlcodercpu_eml 00000001800c3520 f   c9_hdlcodercpu_eml.obj
 0001:000c2530       c9_emlrt_marshallIn        00000001800c3530 f   c9_hdlcodercpu_eml.obj
 0001:000c2590       c9_b_emlrt_marshallIn      00000001800c3590 f   c9_hdlcodercpu_eml.obj
 0001:000c26e0       c9_e_emlrt_marshallIn      00000001800c36e0 f   c9_hdlcodercpu_eml.obj
 0001:000c2740       c9_f_emlrt_marshallIn      00000001800c3740 f   c9_hdlcodercpu_eml.obj
 0001:000c2840       mdlProcessParameters_c9_hdlcodercpu_eml 00000001800c3840 f   c9_hdlcodercpu_eml.obj
 0001:000c2920       initialize_params_c9_hdlcodercpu_eml 00000001800c3920 f   c9_hdlcodercpu_eml.obj
 0001:000c2930       mdlSetWorkWidths_c9_hdlcodercpu_eml 00000001800c3930 f   c9_hdlcodercpu_eml.obj
 0001:000c2e30       sf_get_instance_specialization 00000001800c3e30 f   c9_hdlcodercpu_eml.obj
 0001:000c2e40       mdlStart_c9_hdlcodercpu_eml 00000001800c3e40 f   c9_hdlcodercpu_eml.obj
 0001:000c3070       init_dsm_address_info      00000001800c4070 f   c9_hdlcodercpu_eml.obj
 0001:000c3080       chart_debug_initialization 00000001800c4080 f   c9_hdlcodercpu_eml.obj
 0001:000c3920       init_script_number_translation 00000001800c4920 f   c9_hdlcodercpu_eml.obj
 0001:000c3940       c9_sf_marshallOut          00000001800c4940 f   c9_hdlcodercpu_eml.obj
 0001:000c3ba0       c9_sf_marshallIn           00000001800c4ba0 f   c9_hdlcodercpu_eml.obj
 0001:000c3c50       c9_g_sf_marshallOut        00000001800c4c50 f   c9_hdlcodercpu_eml.obj
 0001:000c3eb0       sf_opaque_initialize_c9_hdlcodercpu_eml 00000001800c4eb0 f   c9_hdlcodercpu_eml.obj
 0001:000c3ef0       initialize_c9_hdlcodercpu_eml 00000001800c4ef0 f   c9_hdlcodercpu_eml.obj
 0001:000c4630       sf_opaque_enable_c9_hdlcodercpu_eml 00000001800c5630 f   c9_hdlcodercpu_eml.obj
 0001:000c4650       enable_c9_hdlcodercpu_eml  00000001800c5650 f   c9_hdlcodercpu_eml.obj
 0001:000c4680       sf_opaque_disable_c9_hdlcodercpu_eml 00000001800c5680 f   c9_hdlcodercpu_eml.obj
 0001:000c46a0       disable_c9_hdlcodercpu_eml 00000001800c56a0 f   c9_hdlcodercpu_eml.obj
 0001:000c46d0       sf_opaque_gateway_c9_hdlcodercpu_eml 00000001800c56d0 f   c9_hdlcodercpu_eml.obj
 0001:000c46f0       sf_gateway_c9_hdlcodercpu_eml 00000001800c56f0 f   c9_hdlcodercpu_eml.obj
 0001:000c4960       c9_chartstep_c9_hdlcodercpu_eml 00000001800c5960 f   c9_hdlcodercpu_eml.obj
 0001:000c50b0       c9_b_sf_marshallOut        00000001800c60b0 f   c9_hdlcodercpu_eml.obj
 0001:000c5310       c9_c_sf_marshallOut        00000001800c6310 f   c9_hdlcodercpu_eml.obj
 0001:000c5570       c9_d_sf_marshallOut        00000001800c6570 f   c9_hdlcodercpu_eml.obj
 0001:000c5620       c9_b_sf_marshallIn         00000001800c6620 f   c9_hdlcodercpu_eml.obj
 0001:000c56c0       c9_c_emlrt_marshallIn      00000001800c66c0 f   c9_hdlcodercpu_eml.obj
 0001:000c5750       c9_e_sf_marshallOut        00000001800c6750 f   c9_hdlcodercpu_eml.obj
 0001:000c57f0       sf_opaque_get_sim_state_c9_hdlcodercpu_eml 00000001800c67f0 f   c9_hdlcodercpu_eml.obj
 0001:000c5810       sf_opaque_set_sim_state_c9_hdlcodercpu_eml 00000001800c6810 f   c9_hdlcodercpu_eml.obj
 0001:000c5840       sf_opaque_terminate_c9_hdlcodercpu_eml 00000001800c6840 f   c9_hdlcodercpu_eml.obj
 0001:000c58e0       finalize_c9_hdlcodercpu_eml 00000001800c68e0 f   c9_hdlcodercpu_eml.obj
 0001:000c5920       sf_opaque_init_subchart_simstructs 00000001800c6920 f   c9_hdlcodercpu_eml.obj
 0001:000c5940       initSimStructsc9_hdlcodercpu_eml 00000001800c6940 f   c9_hdlcodercpu_eml.obj
 0001:000c5950       mdlRTW_c9_hdlcodercpu_eml  00000001800c6950 f   c9_hdlcodercpu_eml.obj
 0001:000c6310       getChartInfoFromSimStruct  00000001800c7310 f   hdlcodercpu_eml_sfun_registry.obj
 0001:000c79b0       _ssFatalError              00000001800c89b0 f   hdlcodercpu_eml_sfun_registry.obj
 0001:000caa60       ProcessMexSfunctionCmdLineCall 00000001800cba60 f   hdlcodercpu_eml_sfun_registry.obj
 0001:000cabc0       sf_debug_api_wrapper       00000001800cbbc0 f   hdlcodercpu_eml_sfun_registry.obj
 0001:000cac10       mdlStart                   00000001800cbc10 f   hdlcodercpu_eml_sfun_registry.obj
 0001:000cac40       mdl_start_processing       00000001800cbc40 f   hdlcodercpu_eml_sfun_registry.obj
 0001:000cacd0       mdlTerminate               00000001800cbcd0 f   hdlcodercpu_eml_sfun_registry.obj
 0001:000cad00       mdl_terminate_processing   00000001800cbd00 f   hdlcodercpu_eml_sfun_registry.obj
 0001:000cad80       mdlInitializeSampleTimes   00000001800cbd80 f   hdlcodercpu_eml_sfun_registry.obj
 0001:000cadb0       mdlZeroCrossings           00000001800cbdb0 f   hdlcodercpu_eml_sfun_registry.obj
 0001:000cade0       mdl_zeroCrossings_processing 00000001800cbde0 f   hdlcodercpu_eml_sfun_registry.obj
 0001:000cae20       mdlDerivatives             00000001800cbe20 f   hdlcodercpu_eml_sfun_registry.obj
 0001:000cae50       mdl_derivatives_processing 00000001800cbe50 f   hdlcodercpu_eml_sfun_registry.obj
 0001:000caea0       mdlInitializeConditions    00000001800cbea0 f   hdlcodercpu_eml_sfun_registry.obj
 0001:000caed0       mdl_initialize_conditions_processing 00000001800cbed0 f   hdlcodercpu_eml_sfun_registry.obj
 0001:000caf20       mdlEnable                  00000001800cbf20 f   hdlcodercpu_eml_sfun_registry.obj
 0001:000caf50       mdl_enable_processing      00000001800cbf50 f   hdlcodercpu_eml_sfun_registry.obj
 0001:000caf90       mdlDisable                 00000001800cbf90 f   hdlcodercpu_eml_sfun_registry.obj
 0001:000cafc0       mdl_disable_processing     00000001800cbfc0 f   hdlcodercpu_eml_sfun_registry.obj
 0001:000cb000       mdlOutputs                 00000001800cc000 f   hdlcodercpu_eml_sfun_registry.obj
 0001:000cb030       mdl_outputs_processing     00000001800cc030 f   hdlcodercpu_eml_sfun_registry.obj
 0001:000cb110       mdl_outputs_continuous_legacy 00000001800cc110 f   hdlcodercpu_eml_sfun_registry.obj
 0001:000cb200       mdlGetTimeOfNextVarHit     00000001800cc200 f   hdlcodercpu_eml_sfun_registry.obj
 0001:000cb250       _ProcessMexSfunctionCmdLineCall 00000001800cc250 f   hdlcodercpu_eml_sfun_registry.obj
 0001:000cb9a0       mdlSetWorkWidths           00000001800cc9a0 f   hdlcodercpu_eml_sfun_registry.obj
 0001:000cb9d0       mdlProcessParameters       00000001800cc9d0 f   hdlcodercpu_eml_sfun_registry.obj
 0001:000cba00       mdlInitializeSizes         00000001800cca00 f   hdlcodercpu_eml_sfun_registry.obj
 0001:000cba30       mdlExtModeExec             00000001800cca30 f   hdlcodercpu_eml_sfun_registry.obj
 0001:000cba60       mdl_ext_mode_exec_processing 00000001800cca60 f   hdlcodercpu_eml_sfun_registry.obj
 0001:000cbaa0       mdlRTW                     00000001800ccaa0 f   hdlcodercpu_eml_sfun_registry.obj
 0001:000cbae0       _CreateSimStruct           00000001800ccae0 f   hdlcodercpu_eml_sfun_registry.obj
 0001:000cbc70       _RegNumInputPortsCB        00000001800ccc70 f   hdlcodercpu_eml_sfun_registry.obj
 0001:000cbcf0       _RegNumOutputPortsCB       00000001800cccf0 f   hdlcodercpu_eml_sfun_registry.obj
 0001:000cc298       pre_c_init                 00000001800cd298 f   MSVCRT:crtdll.obj
 0001:000cc554       __DllMainCRTStartup        00000001800cd554 f   MSVCRT:crtdll.obj
 0001:000ccbc0       __DllMainCRTStartup$filt$0 00000001800cdbc0 f   MSVCRT:crtdll.obj
 0001:000ccbf0       __DllMainCRTStartup$fin$1  00000001800cdbf0 f   MSVCRT:crtdll.obj
 0001:000ccc0a       _onexit$fin$0              00000001800cdc0a f   MSVCRT:atonexit.obj
 0001:000ccc30       _IsNonwritableInCurrentImage$filt$0 00000001800cdc30 f   MSVCRT:pesect.obj
