 gm_hdlcodercpu_eml_sfun

 Timestamp is 53fcd462 (Tue Aug 26 11:39:30 2014)

 Preferred load address is 0000000180000000

 Start         Length     Name                   Class
 0001:00000000 000cc9d4H .text                   CODE
 0001:000cc9e0 00000092H .text$x                 CODE
 0002:00000000 00000478H .idata$5                DATA
 0002:00000478 00000008H .CRT$XCA                DATA
 0002:00000480 00000008H .CRT$XCZ                DATA
 0002:00000488 00000008H .CRT$XIA                DATA
 0002:00000490 00000008H .CRT$XIAA               DATA
 0002:00000498 00000008H .CRT$XIZ                DATA
 0002:000004a0 000007e4H .rdata                  DATA
 0002:00000c88 00000008H .rtc$IAA                DATA
 0002:00000c90 00000008H .rtc$IZZ                DATA
 0002:00000c98 00000008H .rtc$TAA                DATA
 0002:00000ca0 00000008H .rtc$TZZ                DATA
 0002:00000ca8 000016f4H .xdata                  DATA
 0002:0000239c 00000078H .idata$2                DATA
 0002:00002414 00000014H .idata$3                DATA
 0002:00002428 00000478H .idata$4                DATA
 0002:000028a0 00000c52H .idata$6                DATA
 0002:00003500 0000005dH .edata                  DATA
 0003:00000000 000542f8H .data                   DATA
 0003:00054300 000008b8H .bss                    DATA
 0004:00000000 00001fe0H .pdata                  DATA

  Address         Publics by Value              Rva+Base               Lib:Object

 0000:00000000       ___safe_se_handler_count   0000000000000000     <absolute>
 0000:00000000       ___safe_se_handler_table   0000000000000000     <absolute>
 0000:00000000       __ImageBase                0000000180000000     <linker-defined>
 0001:00000000       gm_hdlcodercpu_eml_initializer 0000000180001000 f   gm_hdlcodercpu_eml_sfun.obj
 0001:00000010       gm_hdlcodercpu_eml_terminator 0000000180001010 f   gm_hdlcodercpu_eml_sfun.obj
 0001:00000020       sf_gm_hdlcodercpu_eml_method_dispatcher 0000000180001020 f   gm_hdlcodercpu_eml_sfun.obj
 0001:00000180       sf_gm_hdlcodercpu_eml_process_check_sum_call 0000000180001180 f   gm_hdlcodercpu_eml_sfun.obj
 0001:00000650       sf_gm_hdlcodercpu_eml_autoinheritance_info 0000000180001650 f   gm_hdlcodercpu_eml_sfun.obj
 0001:00000a40       sf_gm_hdlcodercpu_eml_get_eml_resolved_functions_info 0000000180001a40 f   gm_hdlcodercpu_eml_sfun.obj
 0001:00000d70       sf_gm_hdlcodercpu_eml_third_party_uses_info 0000000180001d70 f   gm_hdlcodercpu_eml_sfun.obj
 0001:00001060       sf_gm_hdlcodercpu_eml_updateBuildInfo_args_info 0000000180002060 f   gm_hdlcodercpu_eml_sfun.obj
 0001:00001350       gm_hdlcodercpu_eml_debug_initialize 0000000180002350 f   gm_hdlcodercpu_eml_sfun.obj
 0001:000013d0       gm_hdlcodercpu_eml_register_exported_symbols 00000001800023d0 f   gm_hdlcodercpu_eml_sfun.obj
 0001:000013e0       load_gm_hdlcodercpu_eml_optimization_info 00000001800023e0 f   gm_hdlcodercpu_eml_sfun.obj
 0001:00001430       unload_gm_hdlcodercpu_eml_optimization_info 0000000180002430 f   gm_hdlcodercpu_eml_sfun.obj
 0001:00001460       sf_c1_gm_hdlcodercpu_eml_get_eml_resolved_functions_info 0000000180002460 f   c1_gm_hdlcodercpu_eml.obj
 0001:00007ed0       sf_c1_gm_hdlcodercpu_eml_get_check_sum 0000000180008ed0 f   c1_gm_hdlcodercpu_eml.obj
 0001:00007f50       sf_c1_gm_hdlcodercpu_eml_get_autoinheritance_info 0000000180008f50 f   c1_gm_hdlcodercpu_eml.obj
 0001:00008760       sf_c1_gm_hdlcodercpu_eml_third_party_uses_info 0000000180009760 f   c1_gm_hdlcodercpu_eml.obj
 0001:00008790       sf_c1_gm_hdlcodercpu_eml_updateBuildInfo_args_info 0000000180009790 f   c1_gm_hdlcodercpu_eml.obj
 0001:000087c0       sf_internal_get_sim_state_c1_gm_hdlcodercpu_eml 00000001800097c0 f   c1_gm_hdlcodercpu_eml.obj
 0001:00008c80       sf_internal_set_sim_state_c1_gm_hdlcodercpu_eml 0000000180009c80 f   c1_gm_hdlcodercpu_eml.obj
 0001:00009110       c1_gm_hdlcodercpu_eml_method_dispatcher 000000018000a110 f   c1_gm_hdlcodercpu_eml.obj
 0001:0000c690       sf_c2_gm_hdlcodercpu_eml_get_eml_resolved_functions_info 000000018000d690 f   c2_gm_hdlcodercpu_eml.obj
 0001:00022f20       sf_c2_gm_hdlcodercpu_eml_get_check_sum 0000000180023f20 f   c2_gm_hdlcodercpu_eml.obj
 0001:00022fa0       sf_c2_gm_hdlcodercpu_eml_get_autoinheritance_info 0000000180023fa0 f   c2_gm_hdlcodercpu_eml.obj
 0001:00025810       sf_c2_gm_hdlcodercpu_eml_third_party_uses_info 0000000180026810 f   c2_gm_hdlcodercpu_eml.obj
 0001:00025840       sf_c2_gm_hdlcodercpu_eml_updateBuildInfo_args_info 0000000180026840 f   c2_gm_hdlcodercpu_eml.obj
 0001:00025870       sf_internal_get_sim_state_c2_gm_hdlcodercpu_eml 0000000180026870 f   c2_gm_hdlcodercpu_eml.obj
 0001:00027920       sf_internal_set_sim_state_c2_gm_hdlcodercpu_eml 0000000180028920 f   c2_gm_hdlcodercpu_eml.obj
 0001:000293e0       c2_gm_hdlcodercpu_eml_method_dispatcher 000000018002a3e0 f   c2_gm_hdlcodercpu_eml.obj
 0001:0003e1e0       sf_c3_gm_hdlcodercpu_eml_get_eml_resolved_functions_info 000000018003f1e0 f   c3_gm_hdlcodercpu_eml.obj
 0001:00043b20       sf_c3_gm_hdlcodercpu_eml_get_check_sum 0000000180044b20 f   c3_gm_hdlcodercpu_eml.obj
 0001:00043ba0       sf_c3_gm_hdlcodercpu_eml_get_autoinheritance_info 0000000180044ba0 f   c3_gm_hdlcodercpu_eml.obj
 0001:00044790       sf_c3_gm_hdlcodercpu_eml_third_party_uses_info 0000000180045790 f   c3_gm_hdlcodercpu_eml.obj
 0001:000447c0       sf_c3_gm_hdlcodercpu_eml_updateBuildInfo_args_info 00000001800457c0 f   c3_gm_hdlcodercpu_eml.obj
 0001:000447f0       sf_internal_get_sim_state_c3_gm_hdlcodercpu_eml 00000001800457f0 f   c3_gm_hdlcodercpu_eml.obj
 0001:00044ed0       sf_internal_set_sim_state_c3_gm_hdlcodercpu_eml 0000000180045ed0 f   c3_gm_hdlcodercpu_eml.obj
 0001:00045580       c3_gm_hdlcodercpu_eml_method_dispatcher 0000000180046580 f   c3_gm_hdlcodercpu_eml.obj
 0001:00049500       sf_c4_gm_hdlcodercpu_eml_get_eml_resolved_functions_info 000000018004a500 f   c4_gm_hdlcodercpu_eml.obj
 0001:000635e0       sf_c4_gm_hdlcodercpu_eml_get_check_sum 00000001800645e0 f   c4_gm_hdlcodercpu_eml.obj
 0001:00063660       sf_c4_gm_hdlcodercpu_eml_get_autoinheritance_info 0000000180064660 f   c4_gm_hdlcodercpu_eml.obj
 0001:00064770       sf_c4_gm_hdlcodercpu_eml_third_party_uses_info 0000000180065770 f   c4_gm_hdlcodercpu_eml.obj
 0001:000647a0       sf_c4_gm_hdlcodercpu_eml_updateBuildInfo_args_info 00000001800657a0 f   c4_gm_hdlcodercpu_eml.obj
 0001:000647d0       sf_internal_get_sim_state_c4_gm_hdlcodercpu_eml 00000001800657d0 f   c4_gm_hdlcodercpu_eml.obj
 0001:00064e60       sf_internal_set_sim_state_c4_gm_hdlcodercpu_eml 0000000180065e60 f   c4_gm_hdlcodercpu_eml.obj
 0001:000654f0       c4_gm_hdlcodercpu_eml_method_dispatcher 00000001800664f0 f   c4_gm_hdlcodercpu_eml.obj
 0001:0006d840       sf_c5_gm_hdlcodercpu_eml_get_eml_resolved_functions_info 000000018006e840 f   c5_gm_hdlcodercpu_eml.obj
 0001:00071df0       sf_c5_gm_hdlcodercpu_eml_get_check_sum 0000000180072df0 f   c5_gm_hdlcodercpu_eml.obj
 0001:00071e70       sf_c5_gm_hdlcodercpu_eml_get_autoinheritance_info 0000000180072e70 f   c5_gm_hdlcodercpu_eml.obj
 0001:00072670       sf_c5_gm_hdlcodercpu_eml_third_party_uses_info 0000000180073670 f   c5_gm_hdlcodercpu_eml.obj
 0001:000726a0       sf_c5_gm_hdlcodercpu_eml_updateBuildInfo_args_info 00000001800736a0 f   c5_gm_hdlcodercpu_eml.obj
 0001:000726d0       sf_internal_get_sim_state_c5_gm_hdlcodercpu_eml 00000001800736d0 f   c5_gm_hdlcodercpu_eml.obj
 0001:00072e00       sf_internal_set_sim_state_c5_gm_hdlcodercpu_eml 0000000180073e00 f   c5_gm_hdlcodercpu_eml.obj
 0001:00073620       c5_gm_hdlcodercpu_eml_method_dispatcher 0000000180074620 f   c5_gm_hdlcodercpu_eml.obj
 0001:0007d3a0       sf_c6_gm_hdlcodercpu_eml_get_eml_resolved_functions_info 000000018007e3a0 f   c6_gm_hdlcodercpu_eml.obj
 0001:00080f80       sf_c6_gm_hdlcodercpu_eml_get_check_sum 0000000180081f80 f   c6_gm_hdlcodercpu_eml.obj
 0001:00081000       sf_c6_gm_hdlcodercpu_eml_get_autoinheritance_info 0000000180082000 f   c6_gm_hdlcodercpu_eml.obj
 0001:00081950       sf_c6_gm_hdlcodercpu_eml_third_party_uses_info 0000000180082950 f   c6_gm_hdlcodercpu_eml.obj
 0001:00081980       sf_c6_gm_hdlcodercpu_eml_updateBuildInfo_args_info 0000000180082980 f   c6_gm_hdlcodercpu_eml.obj
 0001:000819b0       sf_internal_get_sim_state_c6_gm_hdlcodercpu_eml 00000001800829b0 f   c6_gm_hdlcodercpu_eml.obj
 0001:00082090       sf_internal_set_sim_state_c6_gm_hdlcodercpu_eml 0000000180083090 f   c6_gm_hdlcodercpu_eml.obj
 0001:00082760       c6_gm_hdlcodercpu_eml_method_dispatcher 0000000180083760 f   c6_gm_hdlcodercpu_eml.obj
 0001:000863c0       sf_c7_gm_hdlcodercpu_eml_get_eml_resolved_functions_info 00000001800873c0 f   c7_gm_hdlcodercpu_eml.obj
 0001:000939b0       sf_c7_gm_hdlcodercpu_eml_get_check_sum 00000001800949b0 f   c7_gm_hdlcodercpu_eml.obj
 0001:00093a30       sf_c7_gm_hdlcodercpu_eml_get_autoinheritance_info 0000000180094a30 f   c7_gm_hdlcodercpu_eml.obj
 0001:00094380       sf_c7_gm_hdlcodercpu_eml_third_party_uses_info 0000000180095380 f   c7_gm_hdlcodercpu_eml.obj
 0001:000943b0       sf_c7_gm_hdlcodercpu_eml_updateBuildInfo_args_info 00000001800953b0 f   c7_gm_hdlcodercpu_eml.obj
 0001:000943e0       sf_internal_get_sim_state_c7_gm_hdlcodercpu_eml 00000001800953e0 f   c7_gm_hdlcodercpu_eml.obj
 0001:00094ac0       sf_internal_set_sim_state_c7_gm_hdlcodercpu_eml 0000000180095ac0 f   c7_gm_hdlcodercpu_eml.obj
 0001:00095170       c7_gm_hdlcodercpu_eml_method_dispatcher 0000000180096170 f   c7_gm_hdlcodercpu_eml.obj
 0001:00098f80       sf_c8_gm_hdlcodercpu_eml_get_eml_resolved_functions_info 0000000180099f80 f   c8_gm_hdlcodercpu_eml.obj
 0001:000ad840       sf_c8_gm_hdlcodercpu_eml_get_check_sum 00000001800ae840 f   c8_gm_hdlcodercpu_eml.obj
 0001:000ad8c0       sf_c8_gm_hdlcodercpu_eml_get_autoinheritance_info 00000001800ae8c0 f   c8_gm_hdlcodercpu_eml.obj
 0001:000ae740       sf_c8_gm_hdlcodercpu_eml_third_party_uses_info 00000001800af740 f   c8_gm_hdlcodercpu_eml.obj
 0001:000ae770       sf_c8_gm_hdlcodercpu_eml_updateBuildInfo_args_info 00000001800af770 f   c8_gm_hdlcodercpu_eml.obj
 0001:000ae7a0       sf_internal_get_sim_state_c8_gm_hdlcodercpu_eml 00000001800af7a0 f   c8_gm_hdlcodercpu_eml.obj
 0001:000aee30       sf_internal_set_sim_state_c8_gm_hdlcodercpu_eml 00000001800afe30 f   c8_gm_hdlcodercpu_eml.obj
 0001:000af4c0       c8_gm_hdlcodercpu_eml_method_dispatcher 00000001800b04c0 f   c8_gm_hdlcodercpu_eml.obj
 0001:000b4e20       sf_c9_gm_hdlcodercpu_eml_get_eml_resolved_functions_info 00000001800b5e20 f   c9_gm_hdlcodercpu_eml.obj
 0001:000c12f0       sf_c9_gm_hdlcodercpu_eml_get_check_sum 00000001800c22f0 f   c9_gm_hdlcodercpu_eml.obj
 0001:000c1370       sf_c9_gm_hdlcodercpu_eml_get_autoinheritance_info 00000001800c2370 f   c9_gm_hdlcodercpu_eml.obj
 0001:000c1cc0       sf_c9_gm_hdlcodercpu_eml_third_party_uses_info 00000001800c2cc0 f   c9_gm_hdlcodercpu_eml.obj
 0001:000c1cf0       sf_c9_gm_hdlcodercpu_eml_updateBuildInfo_args_info 00000001800c2cf0 f   c9_gm_hdlcodercpu_eml.obj
 0001:000c1d20       sf_internal_get_sim_state_c9_gm_hdlcodercpu_eml 00000001800c2d20 f   c9_gm_hdlcodercpu_eml.obj
 0001:000c21e0       sf_internal_set_sim_state_c9_gm_hdlcodercpu_eml 00000001800c31e0 f   c9_gm_hdlcodercpu_eml.obj
 0001:000c2670       c9_gm_hdlcodercpu_eml_method_dispatcher 00000001800c3670 f   c9_gm_hdlcodercpu_eml.obj
 0001:000c5830       sf_process_check_sum_call  00000001800c6830 f   gm_hdlcodercpu_eml_sfun_registry.obj
 0001:000c5880       sf_process_autoinheritance_call 00000001800c6880 f   gm_hdlcodercpu_eml_sfun_registry.obj
 0001:000c5a20       sf_process_get_third_party_uses_info_call 00000001800c6a20 f   gm_hdlcodercpu_eml_sfun_registry.obj
 0001:000c5bc0       sf_process_get_updateBuildInfo_args_info_call 00000001800c6bc0 f   gm_hdlcodercpu_eml_sfun_registry.obj
 0001:000c5d60       sf_process_get_eml_resolved_functions_info_call 00000001800c6d60 f   gm_hdlcodercpu_eml_sfun_registry.obj
 0001:000c5ee0       sf_mex_unlock_call         00000001800c6ee0 f   gm_hdlcodercpu_eml_sfun_registry.obj
 0001:000c5f90       sf_machine_global_initializer_called 00000001800c6f90 f   gm_hdlcodercpu_eml_sfun_registry.obj
 0001:000c5fc0       sf_machine_global_method_dispatcher 00000001800c6fc0 f   gm_hdlcodercpu_eml_sfun_registry.obj
 0001:000c6020       sf_machine_global_terminator 00000001800c7020 f   gm_hdlcodercpu_eml_sfun_registry.obj
 0001:000c6070       sf_register_machine_exported_symbols 00000001800c7070 f   gm_hdlcodercpu_eml_sfun_registry.obj
 0001:000c6090       callCustomFcn              00000001800c7090 f   gm_hdlcodercpu_eml_sfun_registry.obj
 0001:000c60a0       sf_machine_global_initializer 00000001800c70a0 f   gm_hdlcodercpu_eml_sfun_registry.obj
 0001:000c6120       mdlGetSimState             00000001800c7120 f   gm_hdlcodercpu_eml_sfun_registry.obj
 0001:000c61a0       mdlSetSimState             00000001800c71a0 f   gm_hdlcodercpu_eml_sfun_registry.obj
 0001:000c61e0       _ssSetStateAbsTol          00000001800c71e0 f   gm_hdlcodercpu_eml_sfun_registry.obj
 0001:000c62c0       _ssGetAbsTol               00000001800c72c0 f   gm_hdlcodercpu_eml_sfun_registry.obj
 0001:000c6330       _ssSetInputPortMatrixDimensions 00000001800c7330 f   gm_hdlcodercpu_eml_sfun_registry.obj
 0001:000c6440       _ssSetOutputPortMatrixDimensions 00000001800c7440 f   gm_hdlcodercpu_eml_sfun_registry.obj
 0001:000c6550       _ssSetInputPortVectorDimension 00000001800c7550 f   gm_hdlcodercpu_eml_sfun_registry.obj
 0001:000c6620       _ssSetOutputPortVectorDimension 00000001800c7620 f   gm_hdlcodercpu_eml_sfun_registry.obj
 0001:000c66f0       ssIsRunTimeParamTunable    00000001800c76f0 f   gm_hdlcodercpu_eml_sfun_registry.obj
 0001:000c6760       ssGetSFuncBlockHandle      00000001800c7760 f   gm_hdlcodercpu_eml_sfun_registry.obj
 0001:000c67d0       _ssGetCurrentInputPortWidth 00000001800c77d0 f   gm_hdlcodercpu_eml_sfun_registry.obj
 0001:000c68f0       _ssGetCurrentOutputPortWidth 00000001800c78f0 f   gm_hdlcodercpu_eml_sfun_registry.obj
 0001:000c6a10       _ssGetCallSystemNumFcnCallDestinations 00000001800c7a10 f   gm_hdlcodercpu_eml_sfun_registry.obj
 0001:000c6a80       ssWarning                  00000001800c7a80 f   gm_hdlcodercpu_eml_sfun_registry.obj
 0001:000c6b90       ssGetIsZeroCrossControlDisabled 00000001800c7b90 f   gm_hdlcodercpu_eml_sfun_registry.obj
 0001:000c6c00       ssSetIsInputPortUsedForContZcSignal 00000001800c7c00 f   gm_hdlcodercpu_eml_sfun_registry.obj
 0001:000c6c70       ssSetZcSignalIsZcElementDisc 00000001800c7c70 f   gm_hdlcodercpu_eml_sfun_registry.obj
 0001:000c6d20       ssSetZcSignalName          00000001800c7d20 f   gm_hdlcodercpu_eml_sfun_registry.obj
 0001:000c6d90       ssSetZcSignalWidth         00000001800c7d90 f   gm_hdlcodercpu_eml_sfun_registry.obj
 0001:000c6e00       ssSetZcSignalZcEventType   00000001800c7e00 f   gm_hdlcodercpu_eml_sfun_registry.obj
 0001:000c6e70       ssSetZcSignalType          00000001800c7e70 f   gm_hdlcodercpu_eml_sfun_registry.obj
 0001:000c6ee0       ssSetZcSignalZcTol         00000001800c7ee0 f   gm_hdlcodercpu_eml_sfun_registry.obj
 0001:000c6f50       ssSetZcSignalNeedsEventNotification 00000001800c7f50 f   gm_hdlcodercpu_eml_sfun_registry.obj
 0001:000c6fc0       ssCreateAndAddZcSignalInfo 00000001800c7fc0 f   gm_hdlcodercpu_eml_sfun_registry.obj
 0001:000c7030       ssCloneAndAddZcSignalInfo  00000001800c8030 f   gm_hdlcodercpu_eml_sfun_registry.obj
 0001:000c70a0       ssGetNumZcSignals          00000001800c80a0 f   gm_hdlcodercpu_eml_sfun_registry.obj
 0001:000c7110       ssGetZcSignalVector        00000001800c8110 f   gm_hdlcodercpu_eml_sfun_registry.obj
 0001:000c7180       ssGetZcSignalZcEvents      00000001800c8180 f   gm_hdlcodercpu_eml_sfun_registry.obj
 0001:000c71f0       ssGetZcSignalName          00000001800c81f0 f   gm_hdlcodercpu_eml_sfun_registry.obj
 0001:000c7260       ssGetZcSignalWidth         00000001800c8260 f   gm_hdlcodercpu_eml_sfun_registry.obj
 0001:000c72d0       ssGetZcSignalZcEventType   00000001800c82d0 f   gm_hdlcodercpu_eml_sfun_registry.obj
 0001:000c7340       ssGetZcSignalType          00000001800c8340 f   gm_hdlcodercpu_eml_sfun_registry.obj
 0001:000c73b0       ssGetZcSignalZcTol         00000001800c83b0 f   gm_hdlcodercpu_eml_sfun_registry.obj
 0001:000c7430       ssGetZcSignalNeedsEventNotification 00000001800c8430 f   gm_hdlcodercpu_eml_sfun_registry.obj
 0001:000c74a0       ssGetZcSignalIsZcElementDisc 00000001800c84a0 f   gm_hdlcodercpu_eml_sfun_registry.obj
 0001:000c7540       ssGetIsInputPortElementContinuous 00000001800c8540 f   gm_hdlcodercpu_eml_sfun_registry.obj
 0001:000c75e0       _ssGetInputPortSignalPtrsFcn 00000001800c85e0 f   gm_hdlcodercpu_eml_sfun_registry.obj
 0001:000c78a0       _ssGetInputPortSignalFcn   00000001800c88a0 f   gm_hdlcodercpu_eml_sfun_registry.obj
 0001:000c7ac0       _ssSetInputPortDirectFeedThroughFcn 00000001800c8ac0 f   gm_hdlcodercpu_eml_sfun_registry.obj
 0001:000c7c20       _ssSetInputPortReusableFcn 00000001800c8c20 f   gm_hdlcodercpu_eml_sfun_registry.obj
 0001:000c7d10       _ssSetOutputPortReusableFcn 00000001800c8d10 f   gm_hdlcodercpu_eml_sfun_registry.obj
 0001:000c7df0       ssGetDTypeIdFromMxArray    00000001800c8df0 f   gm_hdlcodercpu_eml_sfun_registry.obj
 0001:000c7f10       ssWriteRTWStr              00000001800c8f10 f   gm_hdlcodercpu_eml_sfun_registry.obj
 0001:000c7f70       ssWriteRTWMxVectParam      00000001800c8f70 f   gm_hdlcodercpu_eml_sfun_registry.obj
 0001:000c7fd0       ssWriteRTWMx2dMatParam     00000001800c8fd0 f   gm_hdlcodercpu_eml_sfun_registry.obj
 0001:000c8050       ssWriteRTWNameValuePair    00000001800c9050 f   gm_hdlcodercpu_eml_sfun_registry.obj
 0001:000c8540       ssWriteRTWParameters       00000001800c9540 f   gm_hdlcodercpu_eml_sfun_registry.obj
 0001:000c8b40       ssWriteRTWParamSettings    00000001800c9b40 f   gm_hdlcodercpu_eml_sfun_registry.obj
 0001:000c9210       ssWriteRTWWorkVect         00000001800ca210 f   gm_hdlcodercpu_eml_sfun_registry.obj
 0001:000c9710       mexFunction                00000001800ca710 f   gm_hdlcodercpu_eml_sfun_registry.obj
 0001:000cbb90       ProcessMexSfunctionEveryCall 00000001800ccb90 f   gm_hdlcodercpu_eml_sfun_registry.obj
 0001:000cbd12       sf_debug_set_machine_data_thresholds 00000001800ccd12 f   sf_runtime:sf_runtime.dll
 0001:000cbd18       sf_debug_set_machine_event_thresholds 00000001800ccd18 f   sf_runtime:sf_runtime.dll
 0001:000cbd1e       sf_debug_initialize_machine 00000001800ccd1e f   sf_runtime:sf_runtime.dll
 0001:000cbd24       sf_load_rtw_optimization_info 00000001800ccd24 f   sf_runtime:sf_runtime.dll
 0001:000cbd2a       sf_mex_emlrtNameCapturePostProcessR2012a 00000001800ccd2a f   sf_runtime:sf_runtime.dll
 0001:000cbd30       sf_mex_assign              00000001800ccd30 f   sf_runtime:sf_runtime.dll
 0001:000cbd36       sf_mex_createstruct        00000001800ccd36 f   sf_runtime:sf_runtime.dll
 0001:000cbd3c       sf_mex_destroy             00000001800ccd3c f   sf_runtime:sf_runtime.dll
 0001:000cbd42       sf_mex_duplicatearraysafe  00000001800ccd42 f   sf_runtime:sf_runtime.dll
 0001:000cbd48       sf_mex_createcellmatrix    00000001800ccd48 f   sf_runtime:sf_runtime.dll
 0001:000cbd4e       sf_mex_addfield            00000001800ccd4e f   sf_runtime:sf_runtime.dll
 0001:000cbd54       sf_mex_create              00000001800ccd54 f   sf_runtime:sf_runtime.dll
 0001:000cbd5a       sf_mex_error_message       00000001800ccd5a f   sf_runtime:sf_runtime.dll
 0001:000cbd60       sf_mex_call_matlab         00000001800ccd60 f   sf_runtime:sf_runtime.dll
 0001:000cbd66       sf_mex_setcell             00000001800ccd66 f   sf_runtime:sf_runtime.dll
 0001:000cbd6c       sf_mex_call                00000001800ccd6c f   sf_runtime:sf_runtime.dll
 0001:000cbd72       sf_mex_dup                 00000001800ccd72 f   sf_runtime:sf_runtime.dll
 0001:000cbd78       sf_mex_decode_encoded_mx_struct_array 00000001800ccd78 f   sf_runtime:sf_runtime.dll
 0001:000cbd7e       sf_mex_getcell             00000001800ccd7e f   sf_runtime:sf_runtime.dll
 0001:000cbd84       sf_mex_import              00000001800ccd84 f   sf_runtime:sf_runtime.dll
 0001:000cbd8a       sf_mex_check_fi            00000001800ccd8a f   sf_runtime:sf_runtime.dll
 0001:000cbd90       sf_set_rtw_dwork_info      00000001800ccd90 f   sf_runtime:sf_runtime.dll
 0001:000cbd96       sf_mark_chart_reusable_outputs 00000001800ccd96 f   sf_runtime:sf_runtime.dll
 0001:000cbd9c       sf_mark_chart_expressionable_inputs 00000001800ccd9c f   sf_runtime:sf_runtime.dll
 0001:000cbda2       sf_update_buildInfo        00000001800ccda2 f   sf_runtime:sf_runtime.dll
 0001:000cbda8       sf_rtw_info_uint_prop      00000001800ccda8 f   sf_runtime:sf_runtime.dll
 0001:000cbdae       sf_is_chart_inlinable      00000001800ccdae f   sf_runtime:sf_runtime.dll
 0001:000cbdb4       sim_mode_is_external       00000001800ccdb4 f   sf_runtime:sf_runtime.dll
 0001:000cbdba       sim_mode_is_rtw_gen        00000001800ccdba f   sf_runtime:sf_runtime.dll
 0001:000cbdc0       sf_debug_reset_current_state_configuration 00000001800ccdc0 f   sf_runtime:sf_runtime.dll
 0001:000cbdc6       sf_debug_set_instance_data_value_ptr 00000001800ccdc6 f   sf_runtime:sf_runtime.dll
 0001:000cbdcc       sf_debug_set_chart_data_compiled_props 00000001800ccdcc f   sf_runtime:sf_runtime.dll
 0001:000cbdd2       cv_eml_init_if             00000001800ccdd2 f   sf_runtime:sf_runtime.dll
 0001:000cbdd8       cv_eml_init_fcn            00000001800ccdd8 f   sf_runtime:sf_runtime.dll
 0001:000cbdde       cv_eml_init_script         00000001800ccdde f   sf_runtime:sf_runtime.dll
 0001:000cbde4       sf_debug_cv_init_trans     00000001800ccde4 f   sf_runtime:sf_runtime.dll
 0001:000cbdea       sf_debug_cv_init_state     00000001800ccdea f   sf_runtime:sf_runtime.dll
 0001:000cbdf0       sf_debug_cv_init_chart     00000001800ccdf0 f   sf_runtime:sf_runtime.dll
 0001:000cbdf6       sf_debug_set_chart_decomposition 00000001800ccdf6 f   sf_runtime:sf_runtime.dll
 0001:000cbdfc       sf_debug_set_chart_substate_count 00000001800ccdfc f   sf_runtime:sf_runtime.dll
 0001:000cbe02       sf_debug_set_chart_state_info 00000001800cce02 f   sf_runtime:sf_runtime.dll
 0001:000cbe08       sf_debug_set_chart_data_props 00000001800cce08 f   sf_runtime:sf_runtime.dll
 0001:000cbe0e       sf_debug_set_chart_event_thresholds 00000001800cce0e f   sf_runtime:sf_runtime.dll
 0001:000cbe14       sf_debug_set_chart_disable_implicit_casting 00000001800cce14 f   sf_runtime:sf_runtime.dll
 0001:000cbe1a       sf_debug_initialize_chart  00000001800cce1a f   sf_runtime:sf_runtime.dll
 0001:000cbe20       sf_debug_check_fi_license  00000001800cce20 f   sf_runtime:sf_runtime.dll
 0001:000cbe26       sf_mex_call_debug          00000001800cce26 f   sf_runtime:sf_runtime.dll
 0001:000cbe2c       sf_get_time                00000001800cce2c f   sf_runtime:sf_runtime.dll
 0001:000cbe32       sf_debug_check_for_state_inconsistency 00000001800cce32 f   sf_runtime:sf_runtime.dll
 0001:000cbe38       sf_debug_symbol_scope_pop  00000001800cce38 f   sf_runtime:sf_runtime.dll
 0001:000cbe3e       eml_debug_line_call        00000001800cce3e f   sf_runtime:sf_runtime.dll
 0001:000cbe44       cv_eml_eval                00000001800cce44 f   sf_runtime:sf_runtime.dll
 0001:000cbe4a       sf_debug_symbol_scope_add_eml_importable 00000001800cce4a f   sf_runtime:sf_runtime.dll
 0001:000cbe50       sf_debug_symbol_scope_add_eml 00000001800cce50 f   sf_runtime:sf_runtime.dll
 0001:000cbe56       sf_debug_symbol_scope_push_eml 00000001800cce56 f   sf_runtime:sf_runtime.dll
 0001:000cbe5c       sf_debug_data_range_wrapper 00000001800cce5c f   sf_runtime:sf_runtime.dll
 0001:000cbe62       sf_debug_call              00000001800cce62 f   sf_runtime:sf_runtime.dll
 0001:000cbe68       sf_debug_symbol_scope_push 00000001800cce68 f   sf_runtime:sf_runtime.dll
 0001:000cbe6e       sf_clear_rtw_identifier    00000001800cce6e f   sf_runtime:sf_runtime.dll
 0001:000cbe74       cv_eml_init_switch         00000001800cce74 f   sf_runtime:sf_runtime.dll
 0001:000cbe7a       sf_debug_eml_data_array_bounds_error_check 00000001800cce7a f   sf_runtime:sf_runtime.dll
 0001:000cbe80       sf_debug_integer_check     00000001800cce80 f   sf_runtime:sf_runtime.dll
 0001:000cbe86       cv_eml_init_saturation     00000001800cce86 f   sf_runtime:sf_runtime.dll
 0001:000cbe8c       cv_eval_saturation         00000001800cce8c f   sf_runtime:sf_runtime.dll
 0001:000cbe92       sf_debug_terminate         00000001800cce92 f   sf_runtime:sf_runtime.dll
 0001:000cbe98       sf_debug_create_debug_instance_struct 00000001800cce98 f   sf_runtime:sf_runtime.dll
 0001:000cbe9e       sf_debug_api               00000001800cce9e f   sf_runtime:sf_runtime.dll
 0001:000cbea4       callMdlMethodAndReportError 00000001800ccea4 f   sf_runtime:sf_runtime.dll
 0001:000cbeaa       call_sf_machine_global_method_dispatcher 00000001800cceaa f   sf_runtime:sf_runtime.dll
 0001:000cbeb0       sf_clear_error_manager_info 00000001800cceb0 f   sf_runtime:sf_runtime.dll
 0001:000cbeb6       sf_mex_error_direct_call   00000001800cceb6 f   sf_runtime:sf_runtime.dll
 0001:000cbebc       mxGetScalar                00000001800ccebc f   libmx:libmx.dll
 0001:000cbec2       mxGetPr                    00000001800ccec2 f   libmx:libmx.dll
 0001:000cbec8       mxCreateDoubleMatrix_730   00000001800ccec8 f   libmx:libmx.dll
 0001:000cbece       mxGetString_730            00000001800ccece f   libmx:libmx.dll
 0001:000cbed4       mxIsChar                   00000001800cced4 f   libmx:libmx.dll
 0001:000cbeda       mxDestroyArray             00000001800cceda f   libmx:libmx.dll
 0001:000cbee0       mxDuplicateArray           00000001800ccee0 f   libmx:libmx.dll
 0001:000cbee6       mxCreateDoubleScalar       00000001800ccee6 f   libmx:libmx.dll
 0001:000cbeec       mxSetField_730             00000001800cceec f   libmx:libmx.dll
 0001:000cbef2       mxCreateString             00000001800ccef2 f   libmx:libmx.dll
 0001:000cbef8       mxCreateStructMatrix_730   00000001800ccef8 f   libmx:libmx.dll
 0001:000cbefe       mxCreateCellMatrix_730     00000001800ccefe f   libmx:libmx.dll
 0001:000cbf04       mxIsEmpty                  00000001800ccf04 f   libmx:libmx.dll
 0001:000cbf0a       mxGetClassID               00000001800ccf0a f   libmx:libmx.dll
 0001:000cbf10       mxIsNumeric                00000001800ccf10 f   libmx:libmx.dll
 0001:000cbf16       mxIsComplex                00000001800ccf16 f   libmx:libmx.dll
 0001:000cbf1c       mxGetN                     00000001800ccf1c f   libmx:libmx.dll
 0001:000cbf22       mxGetM                     00000001800ccf22 f   libmx:libmx.dll
 0001:000cbf28       mxCalloc                   00000001800ccf28 f   libmx:libmx.dll
 0001:000cbf2e       mexMakeArrayPersistent     00000001800ccf2e f   libmex:libmex.dll
 0001:000cbf34       mexUnlock                  00000001800ccf34 f   libmex:libmex.dll
 0001:000cbf3a       mexIsLocked                00000001800ccf3a f   libmex:libmex.dll
 0001:000cbf40       mexWarnMsgTxt              00000001800ccf40 f   libmex:libmex.dll
 0001:000cbf46       mexCallMATLAB              00000001800ccf46 f   libmex:libmex.dll
 0001:000cbf4c       mexErrMsgTxt               00000001800ccf4c f   libmex:libmex.dll
 0001:000cbf52       mexLock                    00000001800ccf52 f   libmex:libmex.dll
 0001:000cbf58       utMalloc                   00000001800ccf58 f   libut:libut.dll
 0001:000cbf5e       utFree                     00000001800ccf5e f   libut:libut.dll
 0001:000cbf64       __GSHandlerCheckCommon     00000001800ccf64 f   MSVCRT:gshandler.obj
 0001:000cbfc8       __GSHandlerCheck           00000001800ccfc8 f   MSVCRT:gshandler.obj
 0001:000cbfe6       strcmp                     00000001800ccfe6 f   MSVCRT:MSVCR100.dll
 0001:000cc000       __security_check_cookie    00000001800cd000 f   MSVCRT:amdsecgs.obj
 0001:000cc020       strlen                     00000001800cd020 f   MSVCRT:MSVCR100.dll
 0001:000cc026       memset                     00000001800cd026 f   MSVCRT:MSVCR100.dll
 0001:000cc040       _alloca_probe              00000001800cd040     MSVCRT:chkstk.obj
 0001:000cc040       __chkstk                   00000001800cd040 f   MSVCRT:chkstk.obj
 0001:000cc08e       free                       00000001800cd08e f   MSVCRT:MSVCR100.dll
 0001:000cc094       sprintf                    00000001800cd094 f   MSVCRT:MSVCR100.dll
 0001:000cc09a       malloc                     00000001800cd09a f   MSVCRT:MSVCR100.dll
 0001:000cc0a0       strcat                     00000001800cd0a0 f   MSVCRT:MSVCR100.dll
 0001:000cc0a6       memcpy                     00000001800cd0a6 f   MSVCRT:MSVCR100.dll
 0001:000cc0ac       NtCurrentTeb               00000001800cd0ac f i MSVCRT:crtdll.obj
 0001:000cc118       _CRT_INIT                  00000001800cd118 f   MSVCRT:crtdll.obj
 0001:000cc4b0       _DllMainCRTStartup         00000001800cd4b0 f   MSVCRT:crtdll.obj
 0001:000cc4f0       __report_gsfailure         00000001800cd4f0 f   MSVCRT:gs_report.obj
 0001:000cc63c       __clean_type_info_names    00000001800cd63c f   MSVCRT:tncleanup.obj
 0001:000cc648       _onexit                    00000001800cd648 f   MSVCRT:atonexit.obj
 0001:000cc6f8       atexit                     00000001800cd6f8 f   MSVCRT:atonexit.obj
 0001:000cc710       _RTC_Initialize            00000001800cd710 f   MSVCRT:_initsect_.obj
 0001:000cc748       _RTC_Terminate             00000001800cd748 f   MSVCRT:_initsect_.obj
 0001:000cc780       _malloc_crt                00000001800cd780 f   MSVCRT:MSVCR100.dll
 0001:000cc790       _ValidateImageBase         00000001800cd790 f   MSVCRT:pesect.obj
 0001:000cc7c0       _FindPESection             00000001800cd7c0 f   MSVCRT:pesect.obj
 0001:000cc810       _IsNonwritableInCurrentImage 00000001800cd810 f   MSVCRT:pesect.obj
 0001:000cc852       _initterm                  00000001800cd852 f   MSVCRT:MSVCR100.dll
 0001:000cc858       _initterm_e                00000001800cd858 f   MSVCRT:MSVCR100.dll
 0001:000cc85e       _encoded_null              00000001800cd85e f   MSVCRT:MSVCR100.dll
 0001:000cc864       _amsg_exit                 00000001800cd864 f   MSVCRT:MSVCR100.dll
 0001:000cc86a       __C_specific_handler       00000001800cd86a f   MSVCRT:MSVCR100.dll
 0001:000cc870       __CppXcptFilter            00000001800cd870 f   MSVCRT:MSVCR100.dll
 0001:000cc878       DllMain                    00000001800cd878 f   MSVCRT:dllmain.obj
 0001:000cc89c       __security_init_cookie     00000001800cd89c f   MSVCRT:gs_support.obj
 0001:000cc950       __crt_debugger_hook        00000001800cd950 f   MSVCRT:MSVCR100.dll
 0001:000cc956       __clean_type_info_names_internal 00000001800cd956 f   MSVCRT:MSVCR100.dll
 0001:000cc95c       _unlock                    00000001800cd95c f   MSVCRT:MSVCR100.dll
 0001:000cc962       __dllonexit                00000001800cd962 f   MSVCRT:MSVCR100.dll
 0001:000cc968       _lock                      00000001800cd968 f   MSVCRT:MSVCR100.dll
 0001:000cc96e       EncodePointer              00000001800cd96e f   kernel32:KERNEL32.dll
 0001:000cc974       DecodePointer              00000001800cd974 f   kernel32:KERNEL32.dll
 0001:000cc97a       Sleep                      00000001800cd97a f   kernel32:KERNEL32.dll
 0001:000cc980       TerminateProcess           00000001800cd980 f   kernel32:KERNEL32.dll
 0001:000cc986       GetCurrentProcess          00000001800cd986 f   kernel32:KERNEL32.dll
 0001:000cc98c       UnhandledExceptionFilter   00000001800cd98c f   kernel32:KERNEL32.dll
 0001:000cc992       SetUnhandledExceptionFilter 00000001800cd992 f   kernel32:KERNEL32.dll
 0001:000cc998       IsDebuggerPresent          00000001800cd998 f   kernel32:KERNEL32.dll
 0001:000cc99e       RtlVirtualUnwind           00000001800cd99e f   kernel32:KERNEL32.dll
 0001:000cc9a4       RtlLookupFunctionEntry     00000001800cd9a4 f   kernel32:KERNEL32.dll
 0001:000cc9aa       RtlCaptureContext          00000001800cd9aa f   kernel32:KERNEL32.dll
 0001:000cc9b0       DisableThreadLibraryCalls  00000001800cd9b0 f   kernel32:KERNEL32.dll
 0001:000cc9b6       QueryPerformanceCounter    00000001800cd9b6 f   kernel32:KERNEL32.dll
 0001:000cc9bc       GetTickCount               00000001800cd9bc f   kernel32:KERNEL32.dll
 0001:000cc9c2       GetCurrentThreadId         00000001800cd9c2 f   kernel32:KERNEL32.dll
 0001:000cc9c8       GetCurrentProcessId        00000001800cd9c8 f   kernel32:KERNEL32.dll
 0001:000cc9ce       GetSystemTimeAsFileTime    00000001800cd9ce f   kernel32:KERNEL32.dll
 0002:00000000       __imp_GetCurrentProcessId  00000001800ce000     kernel32:KERNEL32.dll
 0002:00000008       __imp_GetCurrentThreadId   00000001800ce008     kernel32:KERNEL32.dll
 0002:00000010       __imp_GetTickCount         00000001800ce010     kernel32:KERNEL32.dll
 0002:00000018       __imp_QueryPerformanceCounter 00000001800ce018     kernel32:KERNEL32.dll
 0002:00000020       __imp_DisableThreadLibraryCalls 00000001800ce020     kernel32:KERNEL32.dll
 0002:00000028       __imp_RtlCaptureContext    00000001800ce028     kernel32:KERNEL32.dll
 0002:00000030       __imp_RtlLookupFunctionEntry 00000001800ce030     kernel32:KERNEL32.dll
 0002:00000038       __imp_RtlVirtualUnwind     00000001800ce038     kernel32:KERNEL32.dll
 0002:00000040       __imp_IsDebuggerPresent    00000001800ce040     kernel32:KERNEL32.dll
 0002:00000048       __imp_SetUnhandledExceptionFilter 00000001800ce048     kernel32:KERNEL32.dll
 0002:00000050       __imp_UnhandledExceptionFilter 00000001800ce050     kernel32:KERNEL32.dll
 0002:00000058       __imp_GetCurrentProcess    00000001800ce058     kernel32:KERNEL32.dll
 0002:00000060       __imp_TerminateProcess     00000001800ce060     kernel32:KERNEL32.dll
 0002:00000068       __imp_Sleep                00000001800ce068     kernel32:KERNEL32.dll
 0002:00000070       __imp_DecodePointer        00000001800ce070     kernel32:KERNEL32.dll
 0002:00000078       __imp_EncodePointer        00000001800ce078     kernel32:KERNEL32.dll
 0002:00000080       __imp_GetSystemTimeAsFileTime 00000001800ce080     kernel32:KERNEL32.dll
 0002:00000088       \177KERNEL32_NULL_THUNK_DATA 00000001800ce088     kernel32:KERNEL32.dll
 0002:00000090       __imp__onexit              00000001800ce090     MSVCRT:MSVCR100.dll
 0002:00000098       __imp__lock                00000001800ce098     MSVCRT:MSVCR100.dll
 0002:000000a0       __imp___dllonexit          00000001800ce0a0     MSVCRT:MSVCR100.dll
 0002:000000a8       __imp__unlock              00000001800ce0a8     MSVCRT:MSVCR100.dll
 0002:000000b0       __imp___clean_type_info_names_internal 00000001800ce0b0     MSVCRT:MSVCR100.dll
 0002:000000b8       __imp___crt_debugger_hook  00000001800ce0b8     MSVCRT:MSVCR100.dll
 0002:000000c0       __imp___CppXcptFilter      00000001800ce0c0     MSVCRT:MSVCR100.dll
 0002:000000c8       __imp___C_specific_handler 00000001800ce0c8     MSVCRT:MSVCR100.dll
 0002:000000d0       __imp__amsg_exit           00000001800ce0d0     MSVCRT:MSVCR100.dll
 0002:000000d8       __imp__encoded_null        00000001800ce0d8     MSVCRT:MSVCR100.dll
 0002:000000e0       __imp__initterm_e          00000001800ce0e0     MSVCRT:MSVCR100.dll
 0002:000000e8       __imp__initterm            00000001800ce0e8     MSVCRT:MSVCR100.dll
 0002:000000f0       __imp__malloc_crt          00000001800ce0f0     MSVCRT:MSVCR100.dll
 0002:000000f8       __imp_memcpy               00000001800ce0f8     MSVCRT:MSVCR100.dll
 0002:00000100       __imp_strcat               00000001800ce100     MSVCRT:MSVCR100.dll
 0002:00000108       __imp_malloc               00000001800ce108     MSVCRT:MSVCR100.dll
 0002:00000110       __imp_sprintf              00000001800ce110     MSVCRT:MSVCR100.dll
 0002:00000118       __imp_free                 00000001800ce118     MSVCRT:MSVCR100.dll
 0002:00000120       __imp_memset               00000001800ce120     MSVCRT:MSVCR100.dll
 0002:00000128       __imp_strlen               00000001800ce128     MSVCRT:MSVCR100.dll
 0002:00000130       __imp_strcmp               00000001800ce130     MSVCRT:MSVCR100.dll
 0002:00000138       \177MSVCR100_NULL_THUNK_DATA 00000001800ce138     MSVCRT:MSVCR100.dll
 0002:00000140       __imp_mexLock              00000001800ce140     libmex:libmex.dll
 0002:00000148       __imp_mexErrMsgTxt         00000001800ce148     libmex:libmex.dll
 0002:00000150       __imp_mexCallMATLAB        00000001800ce150     libmex:libmex.dll
 0002:00000158       __imp_mexWarnMsgTxt        00000001800ce158     libmex:libmex.dll
 0002:00000160       __imp_mexIsLocked          00000001800ce160     libmex:libmex.dll
 0002:00000168       __imp_mexUnlock            00000001800ce168     libmex:libmex.dll
 0002:00000170       __imp_mexMakeArrayPersistent 00000001800ce170     libmex:libmex.dll
 0002:00000178       \177libmex_NULL_THUNK_DATA 00000001800ce178     libmex:libmex.dll
 0002:00000180       __imp_mxCalloc             00000001800ce180     libmx:libmx.dll
 0002:00000188       __imp_mxGetM               00000001800ce188     libmx:libmx.dll
 0002:00000190       __imp_mxGetN               00000001800ce190     libmx:libmx.dll
 0002:00000198       __imp_mxIsComplex          00000001800ce198     libmx:libmx.dll
 0002:000001a0       __imp_mxIsNumeric          00000001800ce1a0     libmx:libmx.dll
 0002:000001a8       __imp_mxGetClassID         00000001800ce1a8     libmx:libmx.dll
 0002:000001b0       __imp_mxIsEmpty            00000001800ce1b0     libmx:libmx.dll
 0002:000001b8       __imp_mxCreateCellMatrix_730 00000001800ce1b8     libmx:libmx.dll
 0002:000001c0       __imp_mxCreateStructMatrix_730 00000001800ce1c0     libmx:libmx.dll
 0002:000001c8       __imp_mxCreateString       00000001800ce1c8     libmx:libmx.dll
 0002:000001d0       __imp_mxCreateDoubleScalar 00000001800ce1d0     libmx:libmx.dll
 0002:000001d8       __imp_mxDuplicateArray     00000001800ce1d8     libmx:libmx.dll
 0002:000001e0       __imp_mxDestroyArray       00000001800ce1e0     libmx:libmx.dll
 0002:000001e8       __imp_mxIsChar             00000001800ce1e8     libmx:libmx.dll
 0002:000001f0       __imp_mxGetString_730      00000001800ce1f0     libmx:libmx.dll
 0002:000001f8       __imp_mxCreateDoubleMatrix_730 00000001800ce1f8     libmx:libmx.dll
 0002:00000200       __imp_mxGetPr              00000001800ce200     libmx:libmx.dll
 0002:00000208       __imp_mxGetScalar          00000001800ce208     libmx:libmx.dll
 0002:00000210       __imp_mxSetField_730       00000001800ce210     libmx:libmx.dll
 0002:00000218       \177libmx_NULL_THUNK_DATA  00000001800ce218     libmx:libmx.dll
 0002:00000220       __imp_utMalloc             00000001800ce220     libut:libut.dll
 0002:00000228       __imp_utFree               00000001800ce228     libut:libut.dll
 0002:00000230       \177libut_NULL_THUNK_DATA  00000001800ce230     libut:libut.dll
 0002:00000238       __imp_callMdlMethodAndReportError 00000001800ce238     sf_runtime:sf_runtime.dll
 0002:00000240       __imp_sf_debug_api         00000001800ce240     sf_runtime:sf_runtime.dll
 0002:00000248       __imp_sf_debug_create_debug_instance_struct 00000001800ce248     sf_runtime:sf_runtime.dll
 0002:00000250       __imp_sf_debug_terminate   00000001800ce250     sf_runtime:sf_runtime.dll
 0002:00000258       __imp_cv_eval_saturation   00000001800ce258     sf_runtime:sf_runtime.dll
 0002:00000260       __imp_cv_eml_init_saturation 00000001800ce260     sf_runtime:sf_runtime.dll
 0002:00000268       __imp_sf_debug_integer_check 00000001800ce268     sf_runtime:sf_runtime.dll
 0002:00000270       __imp_sf_debug_eml_data_array_bounds_error_check 00000001800ce270     sf_runtime:sf_runtime.dll
 0002:00000278       __imp_cv_eml_init_switch   00000001800ce278     sf_runtime:sf_runtime.dll
 0002:00000280       __imp_sf_mex_getcell       00000001800ce280     sf_runtime:sf_runtime.dll
 0002:00000288       __imp_sf_clear_rtw_identifier 00000001800ce288     sf_runtime:sf_runtime.dll
 0002:00000290       __imp_sf_debug_symbol_scope_push 00000001800ce290     sf_runtime:sf_runtime.dll
 0002:00000298       __imp_sf_debug_call        00000001800ce298     sf_runtime:sf_runtime.dll
 0002:000002a0       __imp_sf_debug_data_range_wrapper 00000001800ce2a0     sf_runtime:sf_runtime.dll
 0002:000002a8       __imp_sf_mex_error_direct_call 00000001800ce2a8     sf_runtime:sf_runtime.dll
 0002:000002b0       __imp_sf_debug_symbol_scope_add_eml 00000001800ce2b0     sf_runtime:sf_runtime.dll
 0002:000002b8       __imp_sf_debug_symbol_scope_add_eml_importable 00000001800ce2b8     sf_runtime:sf_runtime.dll
 0002:000002c0       __imp_cv_eml_eval          00000001800ce2c0     sf_runtime:sf_runtime.dll
 0002:000002c8       __imp_eml_debug_line_call  00000001800ce2c8     sf_runtime:sf_runtime.dll
 0002:000002d0       __imp_sf_debug_symbol_scope_pop 00000001800ce2d0     sf_runtime:sf_runtime.dll
 0002:000002d8       __imp_sf_debug_check_for_state_inconsistency 00000001800ce2d8     sf_runtime:sf_runtime.dll
 0002:000002e0       __imp_sf_get_time          00000001800ce2e0     sf_runtime:sf_runtime.dll
 0002:000002e8       __imp_sf_mex_call_debug    00000001800ce2e8     sf_runtime:sf_runtime.dll
 0002:000002f0       __imp_sf_debug_check_fi_license 00000001800ce2f0     sf_runtime:sf_runtime.dll
 0002:000002f8       __imp_sf_debug_initialize_chart 00000001800ce2f8     sf_runtime:sf_runtime.dll
 0002:00000300       __imp_sf_debug_set_chart_disable_implicit_casting 00000001800ce300     sf_runtime:sf_runtime.dll
 0002:00000308       __imp_sf_debug_set_chart_event_thresholds 00000001800ce308     sf_runtime:sf_runtime.dll
 0002:00000310       __imp_sf_debug_set_chart_data_props 00000001800ce310     sf_runtime:sf_runtime.dll
 0002:00000318       __imp_sf_debug_set_chart_state_info 00000001800ce318     sf_runtime:sf_runtime.dll
 0002:00000320       __imp_sf_clear_error_manager_info 00000001800ce320     sf_runtime:sf_runtime.dll
 0002:00000328       __imp_sf_debug_symbol_scope_push_eml 00000001800ce328     sf_runtime:sf_runtime.dll
 0002:00000330       __imp_call_sf_machine_global_method_dispatcher 00000001800ce330     sf_runtime:sf_runtime.dll
 0002:00000338       __imp_sf_debug_set_chart_substate_count 00000001800ce338     sf_runtime:sf_runtime.dll
 0002:00000340       __imp_sf_debug_set_chart_decomposition 00000001800ce340     sf_runtime:sf_runtime.dll
 0002:00000348       __imp_sf_debug_cv_init_chart 00000001800ce348     sf_runtime:sf_runtime.dll
 0002:00000350       __imp_sf_debug_cv_init_state 00000001800ce350     sf_runtime:sf_runtime.dll
 0002:00000358       __imp_sf_debug_cv_init_trans 00000001800ce358     sf_runtime:sf_runtime.dll
 0002:00000360       __imp_cv_eml_init_script   00000001800ce360     sf_runtime:sf_runtime.dll
 0002:00000368       __imp_cv_eml_init_fcn      00000001800ce368     sf_runtime:sf_runtime.dll
 0002:00000370       __imp_cv_eml_init_if       00000001800ce370     sf_runtime:sf_runtime.dll
 0002:00000378       __imp_sf_debug_set_chart_data_compiled_props 00000001800ce378     sf_runtime:sf_runtime.dll
 0002:00000380       __imp_sf_debug_set_instance_data_value_ptr 00000001800ce380     sf_runtime:sf_runtime.dll
 0002:00000388       __imp_sf_debug_reset_current_state_configuration 00000001800ce388     sf_runtime:sf_runtime.dll
 0002:00000390       __imp_sim_mode_is_rtw_gen  00000001800ce390     sf_runtime:sf_runtime.dll
 0002:00000398       __imp_sim_mode_is_external 00000001800ce398     sf_runtime:sf_runtime.dll
 0002:000003a0       __imp_sf_is_chart_inlinable 00000001800ce3a0     sf_runtime:sf_runtime.dll
 0002:000003a8       __imp_sf_rtw_info_uint_prop 00000001800ce3a8     sf_runtime:sf_runtime.dll
 0002:000003b0       __imp_sf_update_buildInfo  00000001800ce3b0     sf_runtime:sf_runtime.dll
 0002:000003b8       __imp_sf_mark_chart_expressionable_inputs 00000001800ce3b8     sf_runtime:sf_runtime.dll
 0002:000003c0       __imp_sf_mark_chart_reusable_outputs 00000001800ce3c0     sf_runtime:sf_runtime.dll
 0002:000003c8       __imp_sf_set_rtw_dwork_info 00000001800ce3c8     sf_runtime:sf_runtime.dll
 0002:000003d0       __imp_sf_mex_check_fi      00000001800ce3d0     sf_runtime:sf_runtime.dll
 0002:000003d8       __imp_sf_mex_import        00000001800ce3d8     sf_runtime:sf_runtime.dll
 0002:000003e0       __imp_sf_mex_decode_encoded_mx_struct_array 00000001800ce3e0     sf_runtime:sf_runtime.dll
 0002:000003e8       __imp_sf_mex_dup           00000001800ce3e8     sf_runtime:sf_runtime.dll
 0002:000003f0       __imp_sf_mex_call          00000001800ce3f0     sf_runtime:sf_runtime.dll
 0002:000003f8       __imp_sf_mex_setcell       00000001800ce3f8     sf_runtime:sf_runtime.dll
 0002:00000400       __imp_sf_mex_call_matlab   00000001800ce400     sf_runtime:sf_runtime.dll
 0002:00000408       __imp_sf_mex_error_message 00000001800ce408     sf_runtime:sf_runtime.dll
 0002:00000410       __imp_sf_mex_create        00000001800ce410     sf_runtime:sf_runtime.dll
 0002:00000418       __imp_sf_mex_addfield      00000001800ce418     sf_runtime:sf_runtime.dll
 0002:00000420       __imp_sf_mex_createcellmatrix 00000001800ce420     sf_runtime:sf_runtime.dll
 0002:00000428       __imp_sf_mex_duplicatearraysafe 00000001800ce428     sf_runtime:sf_runtime.dll
 0002:00000430       __imp_sf_mex_destroy       00000001800ce430     sf_runtime:sf_runtime.dll
 0002:00000438       __imp_sf_mex_createstruct  00000001800ce438     sf_runtime:sf_runtime.dll
 0002:00000440       __imp_sf_mex_assign        00000001800ce440     sf_runtime:sf_runtime.dll
 0002:00000448       __imp_sf_mex_emlrtNameCapturePostProcessR2012a 00000001800ce448     sf_runtime:sf_runtime.dll
 0002:00000450       __imp_sf_load_rtw_optimization_info 00000001800ce450     sf_runtime:sf_runtime.dll
 0002:00000458       __imp_sf_debug_initialize_machine 00000001800ce458     sf_runtime:sf_runtime.dll
 0002:00000460       __imp_sf_debug_set_machine_event_thresholds 00000001800ce460     sf_runtime:sf_runtime.dll
 0002:00000468       __imp_sf_debug_set_machine_data_thresholds 00000001800ce468     sf_runtime:sf_runtime.dll
 0002:00000470       \177sf_runtime_NULL_THUNK_DATA 00000001800ce470     sf_runtime:sf_runtime.dll
 0002:00000478       __xc_a                     00000001800ce478     MSVCRT:cinitexe.obj
 0002:00000480       __xc_z                     00000001800ce480     MSVCRT:cinitexe.obj
 0002:00000488       __xi_a                     00000001800ce488     MSVCRT:cinitexe.obj
 0002:00000498       __xi_z                     00000001800ce498     MSVCRT:cinitexe.obj
 0002:000004a0       __real@41ea86e93ba00000    00000001800ce4a0     gm_hdlcodercpu_eml_sfun.obj
 0002:000004a8       __real@41e5503073000000    00000001800ce4a8     gm_hdlcodercpu_eml_sfun.obj
 0002:000004b0       __real@41ef14ab70e00000    00000001800ce4b0     gm_hdlcodercpu_eml_sfun.obj
 0002:000004b8       __real@41c6708ebe800000    00000001800ce4b8     gm_hdlcodercpu_eml_sfun.obj
 0002:000004c0       __real@41dc1e5162000000    00000001800ce4c0     gm_hdlcodercpu_eml_sfun.obj
 0002:000004c8       __real@41ce5496d5000000    00000001800ce4c8     gm_hdlcodercpu_eml_sfun.obj
 0002:000004d0       __real@41d487ad9c400000    00000001800ce4d0     gm_hdlcodercpu_eml_sfun.obj
 0002:000004d8       __real@41ceb6789e000000    00000001800ce4d8     gm_hdlcodercpu_eml_sfun.obj
 0002:000004e0       __real@41ceec20ec000000    00000001800ce4e0     gm_hdlcodercpu_eml_sfun.obj
 0002:000004e8       __real@41e18da26f000000    00000001800ce4e8     gm_hdlcodercpu_eml_sfun.obj
 0002:000004f0       __real@41cf3328f1000000    00000001800ce4f0     gm_hdlcodercpu_eml_sfun.obj
 0002:000004f8       __real@41beda5178000000    00000001800ce4f8     gm_hdlcodercpu_eml_sfun.obj
 0002:00000500       __real@41e9d67356200000    00000001800ce500     gm_hdlcodercpu_eml_sfun.obj
 0002:00000508       __real@41e106f590e00000    00000001800ce508     gm_hdlcodercpu_eml_sfun.obj
 0002:00000510       __real@41ee490587e00000    00000001800ce510     gm_hdlcodercpu_eml_sfun.obj
 0002:00000518       __real@41e4b129bac00000    00000001800ce518     gm_hdlcodercpu_eml_sfun.obj
 0002:00000520       __real@41e5115333400000    00000001800ce520     c1_gm_hdlcodercpu_eml.obj
 0002:00000528       __real@41b6838509000000    00000001800ce528     c1_gm_hdlcodercpu_eml.obj
 0002:00000530       __real@418ba2a9d0000000    00000001800ce530     c1_gm_hdlcodercpu_eml.obj
 0002:00000538       __real@41e3dbf62d400000    00000001800ce538     c1_gm_hdlcodercpu_eml.obj
 0002:00000540       __real@4020000000000000    00000001800ce540     c1_gm_hdlcodercpu_eml.obj
 0002:00000548       __real@4026000000000000    00000001800ce548     c1_gm_hdlcodercpu_eml.obj
 0002:00000550       __real@3ff0000000000000    00000001800ce550     c1_gm_hdlcodercpu_eml.obj
 0002:00000558       __real@4040000000000000    00000001800ce558     c1_gm_hdlcodercpu_eml.obj
 0002:00000560       __real@40efffe000000000    00000001800ce560     c1_gm_hdlcodercpu_eml.obj
 0002:00000568       __real@403e000000000000    00000001800ce568     c1_gm_hdlcodercpu_eml.obj
 0002:00000570       __real@c03e000000000000    00000001800ce570     c1_gm_hdlcodercpu_eml.obj
 0002:00000578       __real@3e10000000000000    00000001800ce578     c1_gm_hdlcodercpu_eml.obj
 0002:00000580       __real@4000000000000000    00000001800ce580     c1_gm_hdlcodercpu_eml.obj
 0002:00000588       __real@41dff9656d000000    00000001800ce588     c2_gm_hdlcodercpu_eml.obj
 0002:00000590       __real@41bf8044fb000000    00000001800ce590     c2_gm_hdlcodercpu_eml.obj
 0002:00000598       __real@41d27bfa71000000    00000001800ce598     c2_gm_hdlcodercpu_eml.obj
 0002:000005a0       __real@41ed7d122a400000    00000001800ce5a0     c2_gm_hdlcodercpu_eml.obj
 0002:000005a8       __real@4008000000000000    00000001800ce5a8     c2_gm_hdlcodercpu_eml.obj
 0002:000005b0       __real@4028000000000000    00000001800ce5b0     c2_gm_hdlcodercpu_eml.obj
 0002:000005b8       __real@4010000000000000    00000001800ce5b8     c2_gm_hdlcodercpu_eml.obj
 0002:000005c0       __real@401c000000000000    00000001800ce5c0     c2_gm_hdlcodercpu_eml.obj
 0002:000005c8       __real@0000000000000000    00000001800ce5c8     c2_gm_hdlcodercpu_eml.obj
 0002:000005d0       __real@402a000000000000    00000001800ce5d0     c2_gm_hdlcodercpu_eml.obj
 0002:000005d8       __real@41ef728a90c00000    00000001800ce5d8     c3_gm_hdlcodercpu_eml.obj
 0002:000005e0       __real@41e172ca80e00000    00000001800ce5e0     c3_gm_hdlcodercpu_eml.obj
 0002:000005e8       __real@41e0914e16e00000    00000001800ce5e8     c3_gm_hdlcodercpu_eml.obj
 0002:000005f0       __real@41e13be6cf200000    00000001800ce5f0     c3_gm_hdlcodercpu_eml.obj
 0002:000005f8       __real@41eddcbc3c400000    00000001800ce5f8     c4_gm_hdlcodercpu_eml.obj
 0002:00000600       __real@41e0b5fa01000000    00000001800ce600     c4_gm_hdlcodercpu_eml.obj
 0002:00000608       __real@41d86ed8af000000    00000001800ce608     c4_gm_hdlcodercpu_eml.obj
 0002:00000610       __real@41b92f0e62000000    00000001800ce610     c4_gm_hdlcodercpu_eml.obj
 0002:00000618       __real@4022000000000000    00000001800ce618     c4_gm_hdlcodercpu_eml.obj
 0002:00000620       __real@41c47adbb3000000    00000001800ce620     c5_gm_hdlcodercpu_eml.obj
 0002:00000628       __real@41e9b35125c00000    00000001800ce628     c5_gm_hdlcodercpu_eml.obj
 0002:00000630       __real@41994db7cc000000    00000001800ce630     c5_gm_hdlcodercpu_eml.obj
 0002:00000638       __real@41e4ebacde400000    00000001800ce638     c5_gm_hdlcodercpu_eml.obj
 0002:00000640       __real@41b46952c1000000    00000001800ce640     c6_gm_hdlcodercpu_eml.obj
 0002:00000648       __real@41ed4f7167400000    00000001800ce648     c6_gm_hdlcodercpu_eml.obj
 0002:00000650       __real@41d487ea0b800000    00000001800ce650     c6_gm_hdlcodercpu_eml.obj
 0002:00000658       __real@41e55b353a600000    00000001800ce658     c6_gm_hdlcodercpu_eml.obj
 0002:00000660       __real@41b53387a3000000    00000001800ce660     c7_gm_hdlcodercpu_eml.obj
 0002:00000668       __real@41e55865e4c00000    00000001800ce668     c7_gm_hdlcodercpu_eml.obj
 0002:00000670       __real@41ed0bf1e3200000    00000001800ce670     c7_gm_hdlcodercpu_eml.obj
 0002:00000678       __real@41c39fa2da000000    00000001800ce678     c7_gm_hdlcodercpu_eml.obj
 0002:00000680       __real@41dd1926a5000000    00000001800ce680     c8_gm_hdlcodercpu_eml.obj
 0002:00000688       __real@41e95db646200000    00000001800ce688     c8_gm_hdlcodercpu_eml.obj
 0002:00000690       __real@41c85eae5d000000    00000001800ce690     c8_gm_hdlcodercpu_eml.obj
 0002:00000698       __real@41ef71f7d6000000    00000001800ce698     c8_gm_hdlcodercpu_eml.obj
 0002:000006a0       __real@41dbddee92800000    00000001800ce6a0     c9_gm_hdlcodercpu_eml.obj
 0002:000006a8       __real@41d153a729400000    00000001800ce6a8     c9_gm_hdlcodercpu_eml.obj
 0002:000006b0       __real@41e73259c6400000    00000001800ce6b0     c9_gm_hdlcodercpu_eml.obj
 0002:000006b8       __real@41ec964fea200000    00000001800ce6b8     c9_gm_hdlcodercpu_eml.obj
 0002:000006c0       DYNAMIC_DIMENSION_DEF      00000001800ce6c0     gm_hdlcodercpu_eml_sfun_registry.obj
 0002:000006e0       _ssBadLevel2InputAccessMsg 00000001800ce6e0     gm_hdlcodercpu_eml_sfun_registry.obj
 0002:00000870       _ssBadLevel2DirectFeedMsg  00000001800ce870     gm_hdlcodercpu_eml_sfun_registry.obj
 0002:000009b0       _ssBadLevel2DirectFeedSolutionMsg 00000001800ce9b0     gm_hdlcodercpu_eml_sfun_registry.obj
 0002:00000a20       _ssBadLevel2ZeroDirectFeedMsg 00000001800cea20     gm_hdlcodercpu_eml_sfun_registry.obj
 0002:00000b60       _ssBadLevel2ZeroDirectFeedMsg2 00000001800ceb60     gm_hdlcodercpu_eml_sfun_registry.obj
 0002:00000c48       __real@bff0000000000000    00000001800cec48     gm_hdlcodercpu_eml_sfun_registry.obj
 0002:00000c50       __real@41602cbca0000000    00000001800cec50     gm_hdlcodercpu_eml_sfun_registry.obj
 0002:00000c58       _pRawDllMain               00000001800cec58     MSVCRT:crtdll.obj
 0002:00000c58       _pDefaultRawDllMain        00000001800cec58     MSVCRT:crtdll.obj
 0002:00000c70       ?ProcessDetach@NativeDll@<CrtImplementationDetails>@@0IB 00000001800cec70     MSVCRT:tncleanup.obj
 0002:00000c74       ?ProcessAttach@NativeDll@<CrtImplementationDetails>@@0IB 00000001800cec74     MSVCRT:tncleanup.obj
 0002:00000c78       ?ThreadAttach@NativeDll@<CrtImplementationDetails>@@0IB 00000001800cec78     MSVCRT:tncleanup.obj
 0002:00000c7c       ?ThreadDetach@NativeDll@<CrtImplementationDetails>@@0IB 00000001800cec7c     MSVCRT:tncleanup.obj
 0002:00000c80       ?ProcessVerifier@NativeDll@<CrtImplementationDetails>@@0IB 00000001800cec80     MSVCRT:tncleanup.obj
 0002:00000c88       __rtc_iaa                  00000001800cec88     MSVCRT:_initsect_.obj
 0002:00000c90       __rtc_izz                  00000001800cec90     MSVCRT:_initsect_.obj
 0002:00000c98       __rtc_taa                  00000001800cec98     MSVCRT:_initsect_.obj
 0002:00000ca0       __rtc_tzz                  00000001800ceca0     MSVCRT:_initsect_.obj
 0002:0000239c       __IMPORT_DESCRIPTOR_sf_runtime 00000001800d039c     sf_runtime:sf_runtime.dll
 0002:000023b0       __IMPORT_DESCRIPTOR_libmx  00000001800d03b0     libmx:libmx.dll
 0002:000023c4       __IMPORT_DESCRIPTOR_libmex 00000001800d03c4     libmex:libmex.dll
 0002:000023d8       __IMPORT_DESCRIPTOR_libut  00000001800d03d8     libut:libut.dll
 0002:000023ec       __IMPORT_DESCRIPTOR_MSVCR100 00000001800d03ec     MSVCRT:MSVCR100.dll
 0002:00002400       __IMPORT_DESCRIPTOR_KERNEL32 00000001800d0400     kernel32:KERNEL32.dll
 0002:00002414       __NULL_IMPORT_DESCRIPTOR   00000001800d0414     sf_runtime:sf_runtime.dll
 0003:000536d0       DYNAMIC_DIMENSION          00000001801256d0     gm_hdlcodercpu_eml_sfun_registry.obj
 0003:000542d8       __security_cookie          00000001801262d8     MSVCRT:gs_cookie.obj
 0003:000542e0       __security_cookie_complement 00000001801262e0     MSVCRT:gs_cookie.obj
 0003:000542e8       _fltused                   00000001801262e8     MSVCRT:dllsupp.obj
 0003:000542f0       __native_dllmain_reason    00000001801262f0     MSVCRT:natstart.obj
 0003:000542f4       __native_vcclrit_reason    00000001801262f4     MSVCRT:natstart.obj
 0003:000545f8       sfGlobalDebugInstanceStruct 00000001801265f8     gm_hdlcodercpu_eml_sfun_registry.obj
 0003:00054b80       ?__type_info_root_node@@3U__type_info_node@@A 0000000180126b80     MSVCRT:tncleanup.obj
 0003:00054b90       _gm_hdlcodercpu_emlMachineNumber_ 0000000180126b90     <common>
 0003:00054b94       __native_startup_state     0000000180126b94     <common>
 0003:00054b98       __native_startup_lock      0000000180126b98     <common>
 0003:00054ba0       __onexitend                0000000180126ba0     <common>
 0003:00054ba8       __onexitbegin              0000000180126ba8     <common>
 0003:00054bb0       __dyn_tls_init_callback    0000000180126bb0     <common>

 entry point at        0001:000cc4b0

 Static symbols

 0001:000014d0       c1_info_helper             00000001800024d0 f   c1_gm_hdlcodercpu_eml.obj
 0001:00007dd0       c1_emlrt_marshallOut       0000000180008dd0 f   c1_gm_hdlcodercpu_eml.obj
 0001:00007e60       c1_b_emlrt_marshallOut     0000000180008e60 f   c1_gm_hdlcodercpu_eml.obj
 0001:000088c0       get_sim_state_c1_gm_hdlcodercpu_eml 00000001800098c0 f   c1_gm_hdlcodercpu_eml.obj
 0001:00008bc0       sf_get_sim_state_info_c1_gm_hdlcodercpu_eml 0000000180009bc0 f   c1_gm_hdlcodercpu_eml.obj
 0001:00008d90       set_sim_state_c1_gm_hdlcodercpu_eml 0000000180009d90 f   c1_gm_hdlcodercpu_eml.obj
 0001:00008e60       c1_update_debugger_state_c1_gm_hdlcodercpu_eml 0000000180009e60 f   c1_gm_hdlcodercpu_eml.obj
 0001:00008e70       c1_d_emlrt_marshallIn      0000000180009e70 f   c1_gm_hdlcodercpu_eml.obj
 0001:00008ed0       c1_e_emlrt_marshallIn      0000000180009ed0 f   c1_gm_hdlcodercpu_eml.obj
 0001:00009020       c1_f_emlrt_marshallIn      000000018000a020 f   c1_gm_hdlcodercpu_eml.obj
 0001:00009080       c1_g_emlrt_marshallIn      000000018000a080 f   c1_gm_hdlcodercpu_eml.obj
 0001:00009180       mdlProcessParameters_c1_gm_hdlcodercpu_eml 000000018000a180 f   c1_gm_hdlcodercpu_eml.obj
 0001:00009260       initialize_params_c1_gm_hdlcodercpu_eml 000000018000a260 f   c1_gm_hdlcodercpu_eml.obj
 0001:00009270       mdlSetWorkWidths_c1_gm_hdlcodercpu_eml 000000018000a270 f   c1_gm_hdlcodercpu_eml.obj
 0001:00009770       sf_get_instance_specialization 000000018000a770 f   c1_gm_hdlcodercpu_eml.obj
 0001:00009780       mdlStart_c1_gm_hdlcodercpu_eml 000000018000a780 f   c1_gm_hdlcodercpu_eml.obj
 0001:000099b0       init_dsm_address_info      000000018000a9b0 f   c1_gm_hdlcodercpu_eml.obj
 0001:000099c0       chart_debug_initialization 000000018000a9c0 f   c1_gm_hdlcodercpu_eml.obj
 0001:0000a2d0       init_script_number_translation 000000018000b2d0 f   c1_gm_hdlcodercpu_eml.obj
 0001:0000a2f0       c1_b_sf_marshallOut        000000018000b2f0 f   c1_gm_hdlcodercpu_eml.obj
 0001:0000a3a0       c1_g_sf_marshallOut        000000018000b3a0 f   c1_gm_hdlcodercpu_eml.obj
 0001:0000a600       c1_d_sf_marshallIn         000000018000b600 f   c1_gm_hdlcodercpu_eml.obj
 0001:0000a6b0       sf_opaque_initialize_c1_gm_hdlcodercpu_eml 000000018000b6b0 f   c1_gm_hdlcodercpu_eml.obj
 0001:0000a6f0       initialize_c1_gm_hdlcodercpu_eml 000000018000b6f0 f   c1_gm_hdlcodercpu_eml.obj
 0001:0000b120       sf_opaque_enable_c1_gm_hdlcodercpu_eml 000000018000c120 f   c1_gm_hdlcodercpu_eml.obj
 0001:0000b140       enable_c1_gm_hdlcodercpu_eml 000000018000c140 f   c1_gm_hdlcodercpu_eml.obj
 0001:0000b170       sf_opaque_disable_c1_gm_hdlcodercpu_eml 000000018000c170 f   c1_gm_hdlcodercpu_eml.obj
 0001:0000b190       disable_c1_gm_hdlcodercpu_eml 000000018000c190 f   c1_gm_hdlcodercpu_eml.obj
 0001:0000b1c0       sf_opaque_gateway_c1_gm_hdlcodercpu_eml 000000018000c1c0 f   c1_gm_hdlcodercpu_eml.obj
 0001:0000b1e0       sf_gateway_c1_gm_hdlcodercpu_eml 000000018000c1e0 f   c1_gm_hdlcodercpu_eml.obj
 0001:0000bba0       c1_sf_marshallOut          000000018000cba0 f   c1_gm_hdlcodercpu_eml.obj
 0001:0000be00       c1_sf_marshallIn           000000018000ce00 f   c1_gm_hdlcodercpu_eml.obj
 0001:0000beb0       c1_emlrt_marshallIn        000000018000ceb0 f   c1_gm_hdlcodercpu_eml.obj
 0001:0000c000       c1_c_sf_marshallOut        000000018000d000 f   c1_gm_hdlcodercpu_eml.obj
 0001:0000c260       c1_d_sf_marshallOut        000000018000d260 f   c1_gm_hdlcodercpu_eml.obj
 0001:0000c310       c1_b_sf_marshallIn         000000018000d310 f   c1_gm_hdlcodercpu_eml.obj
 0001:0000c3b0       c1_b_emlrt_marshallIn      000000018000d3b0 f   c1_gm_hdlcodercpu_eml.obj
 0001:0000c440       c1_e_sf_marshallOut        000000018000d440 f   c1_gm_hdlcodercpu_eml.obj
 0001:0000c4e0       c1_eml_fi_checkforconst    000000018000d4e0 f   c1_gm_hdlcodercpu_eml.obj
 0001:0000c4f0       sf_opaque_get_sim_state_c1_gm_hdlcodercpu_eml 000000018000d4f0 f   c1_gm_hdlcodercpu_eml.obj
 0001:0000c510       sf_opaque_set_sim_state_c1_gm_hdlcodercpu_eml 000000018000d510 f   c1_gm_hdlcodercpu_eml.obj
 0001:0000c540       sf_opaque_terminate_c1_gm_hdlcodercpu_eml 000000018000d540 f   c1_gm_hdlcodercpu_eml.obj
 0001:0000c5e0       finalize_c1_gm_hdlcodercpu_eml 000000018000d5e0 f   c1_gm_hdlcodercpu_eml.obj
 0001:0000c620       sf_opaque_init_subchart_simstructs 000000018000d620 f   c1_gm_hdlcodercpu_eml.obj
 0001:0000c640       initSimStructsc1_gm_hdlcodercpu_eml 000000018000d640 f   c1_gm_hdlcodercpu_eml.obj
 0001:0000c650       mdlRTW_c1_gm_hdlcodercpu_eml 000000018000d650 f   c1_gm_hdlcodercpu_eml.obj
 0001:0000c710       c2_info_helper             000000018000d710 f   c2_gm_hdlcodercpu_eml.obj
 0001:00016380       c2_emlrt_marshallOut       0000000180017380 f   c2_gm_hdlcodercpu_eml.obj
 0001:00016410       c2_b_emlrt_marshallOut     0000000180017410 f   c2_gm_hdlcodercpu_eml.obj
 0001:00016480       c2_b_info_helper           0000000180017480 f   c2_gm_hdlcodercpu_eml.obj
 0001:000200f0       c2_c_info_helper           00000001800210f0 f   c2_gm_hdlcodercpu_eml.obj
 0001:00025970       get_sim_state_c2_gm_hdlcodercpu_eml 0000000180026970 f   c2_gm_hdlcodercpu_eml.obj
 0001:00027850       sf_get_sim_state_info_c2_gm_hdlcodercpu_eml 0000000180028850 f   c2_gm_hdlcodercpu_eml.obj
 0001:00027a30       set_sim_state_c2_gm_hdlcodercpu_eml 0000000180028a30 f   c2_gm_hdlcodercpu_eml.obj
 0001:00028080       c2_update_debugger_state_c2_gm_hdlcodercpu_eml 0000000180029080 f   c2_gm_hdlcodercpu_eml.obj
 0001:00028090       c2_emlrt_marshallIn        0000000180029090 f   c2_gm_hdlcodercpu_eml.obj
 0001:000280f0       c2_b_emlrt_marshallIn      00000001800290f0 f   c2_gm_hdlcodercpu_eml.obj
 0001:000281b0       c2_c_emlrt_marshallIn      00000001800291b0 f   c2_gm_hdlcodercpu_eml.obj
 0001:00028210       c2_d_emlrt_marshallIn      0000000180029210 f   c2_gm_hdlcodercpu_eml.obj
 0001:00028390       c2_e_emlrt_marshallIn      0000000180029390 f   c2_gm_hdlcodercpu_eml.obj
 0001:000283f0       c2_f_emlrt_marshallIn      00000001800293f0 f   c2_gm_hdlcodercpu_eml.obj
 0001:00028570       c2_g_emlrt_marshallIn      0000000180029570 f   c2_gm_hdlcodercpu_eml.obj
 0001:000285d0       c2_h_emlrt_marshallIn      00000001800295d0 f   c2_gm_hdlcodercpu_eml.obj
 0001:00028750       c2_i_emlrt_marshallIn      0000000180029750 f   c2_gm_hdlcodercpu_eml.obj
 0001:000287b0       c2_j_emlrt_marshallIn      00000001800297b0 f   c2_gm_hdlcodercpu_eml.obj
 0001:00028870       c2_k_emlrt_marshallIn      0000000180029870 f   c2_gm_hdlcodercpu_eml.obj
 0001:000288d0       c2_l_emlrt_marshallIn      00000001800298d0 f   c2_gm_hdlcodercpu_eml.obj
 0001:00028990       c2_m_emlrt_marshallIn      0000000180029990 f   c2_gm_hdlcodercpu_eml.obj
 0001:000289f0       c2_n_emlrt_marshallIn      00000001800299f0 f   c2_gm_hdlcodercpu_eml.obj
 0001:00028a80       c2_o_emlrt_marshallIn      0000000180029a80 f   c2_gm_hdlcodercpu_eml.obj
 0001:00028ae0       c2_p_emlrt_marshallIn      0000000180029ae0 f   c2_gm_hdlcodercpu_eml.obj
 0001:00028c30       c2_q_emlrt_marshallIn      0000000180029c30 f   c2_gm_hdlcodercpu_eml.obj
 0001:00028c90       c2_r_emlrt_marshallIn      0000000180029c90 f   c2_gm_hdlcodercpu_eml.obj
 0001:00028de0       c2_s_emlrt_marshallIn      0000000180029de0 f   c2_gm_hdlcodercpu_eml.obj
 0001:00028e40       c2_t_emlrt_marshallIn      0000000180029e40 f   c2_gm_hdlcodercpu_eml.obj
 0001:00028f90       c2_u_emlrt_marshallIn      0000000180029f90 f   c2_gm_hdlcodercpu_eml.obj
 0001:00028ff0       c2_v_emlrt_marshallIn      0000000180029ff0 f   c2_gm_hdlcodercpu_eml.obj
 0001:00029140       c2_w_emlrt_marshallIn      000000018002a140 f   c2_gm_hdlcodercpu_eml.obj
 0001:000291a0       c2_x_emlrt_marshallIn      000000018002a1a0 f   c2_gm_hdlcodercpu_eml.obj
 0001:00029230       c2_eb_emlrt_marshallIn     000000018002a230 f   c2_gm_hdlcodercpu_eml.obj
 0001:00029290       c2_fb_emlrt_marshallIn     000000018002a290 f   c2_gm_hdlcodercpu_eml.obj
 0001:00029450       mdlProcessParameters_c2_gm_hdlcodercpu_eml 000000018002a450 f   c2_gm_hdlcodercpu_eml.obj
 0001:00029530       initialize_params_c2_gm_hdlcodercpu_eml 000000018002a530 f   c2_gm_hdlcodercpu_eml.obj
 0001:00029540       mdlSetWorkWidths_c2_gm_hdlcodercpu_eml 000000018002a540 f   c2_gm_hdlcodercpu_eml.obj
 0001:00029aa0       sf_get_instance_specialization 000000018002aaa0 f   c2_gm_hdlcodercpu_eml.obj
 0001:00029ab0       mdlStart_c2_gm_hdlcodercpu_eml 000000018002aab0 f   c2_gm_hdlcodercpu_eml.obj
 0001:00029ce0       init_dsm_address_info      000000018002ace0 f   c2_gm_hdlcodercpu_eml.obj
 0001:00029cf0       chart_debug_initialization 000000018002acf0 f   c2_gm_hdlcodercpu_eml.obj
 0001:0002c360       init_script_number_translation 000000018002d360 f   c2_gm_hdlcodercpu_eml.obj
 0001:0002c380       c2_g_sf_marshallOut        000000018002d380 f   c2_gm_hdlcodercpu_eml.obj
 0001:0002c430       c2_g_sf_marshallIn         000000018002d430 f   c2_gm_hdlcodercpu_eml.obj
 0001:0002c4d0       c2_h_sf_marshallOut        000000018002d4d0 f   c2_gm_hdlcodercpu_eml.obj
 0001:0002c730       c2_h_sf_marshallIn         000000018002d730 f   c2_gm_hdlcodercpu_eml.obj
 0001:0002c7e0       c2_i_sf_marshallOut        000000018002d7e0 f   c2_gm_hdlcodercpu_eml.obj
 0001:0002ca40       c2_i_sf_marshallIn         000000018002da40 f   c2_gm_hdlcodercpu_eml.obj
 0001:0002caf0       c2_j_sf_marshallOut        000000018002daf0 f   c2_gm_hdlcodercpu_eml.obj
 0001:0002cd50       c2_j_sf_marshallIn         000000018002dd50 f   c2_gm_hdlcodercpu_eml.obj
 0001:0002ce00       c2_k_sf_marshallOut        000000018002de00 f   c2_gm_hdlcodercpu_eml.obj
 0001:0002d060       c2_k_sf_marshallIn         000000018002e060 f   c2_gm_hdlcodercpu_eml.obj
 0001:0002d110       c2_l_sf_marshallOut        000000018002e110 f   c2_gm_hdlcodercpu_eml.obj
 0001:0002d1c0       c2_l_sf_marshallIn         000000018002e1c0 f   c2_gm_hdlcodercpu_eml.obj
 0001:0002d260       c2_s_sf_marshallOut        000000018002e260 f   c2_gm_hdlcodercpu_eml.obj
 0001:0002d4d0       c2_v_sf_marshallOut        000000018002e4d0 f   c2_gm_hdlcodercpu_eml.obj
 0001:0002d730       c2_r_sf_marshallIn         000000018002e730 f   c2_gm_hdlcodercpu_eml.obj
 0001:0002d7e0       sf_opaque_initialize_c2_gm_hdlcodercpu_eml 000000018002e7e0 f   c2_gm_hdlcodercpu_eml.obj
 0001:0002d820       initialize_c2_gm_hdlcodercpu_eml 000000018002e820 f   c2_gm_hdlcodercpu_eml.obj
 0001:0002e810       sf_opaque_enable_c2_gm_hdlcodercpu_eml 000000018002f810 f   c2_gm_hdlcodercpu_eml.obj
 0001:0002e830       enable_c2_gm_hdlcodercpu_eml 000000018002f830 f   c2_gm_hdlcodercpu_eml.obj
 0001:0002e860       sf_opaque_disable_c2_gm_hdlcodercpu_eml 000000018002f860 f   c2_gm_hdlcodercpu_eml.obj
 0001:0002e880       disable_c2_gm_hdlcodercpu_eml 000000018002f880 f   c2_gm_hdlcodercpu_eml.obj
 0001:0002e8b0       sf_opaque_gateway_c2_gm_hdlcodercpu_eml 000000018002f8b0 f   c2_gm_hdlcodercpu_eml.obj
 0001:0002e8d0       sf_gateway_c2_gm_hdlcodercpu_eml 000000018002f8d0 f   c2_gm_hdlcodercpu_eml.obj
 0001:0002f170       c2_chartstep_c2_gm_hdlcodercpu_eml 0000000180030170 f   c2_gm_hdlcodercpu_eml.obj
 0001:0003b710       c2_sf_marshallOut          000000018003c710 f   c2_gm_hdlcodercpu_eml.obj
 0001:0003b830       c2_sf_marshallIn           000000018003c830 f   c2_gm_hdlcodercpu_eml.obj
 0001:0003b8d0       c2_b_sf_marshallOut        000000018003c8d0 f   c2_gm_hdlcodercpu_eml.obj
 0001:0003bba0       c2_b_sf_marshallIn         000000018003cba0 f   c2_gm_hdlcodercpu_eml.obj
 0001:0003bc50       c2_c_sf_marshallOut        000000018003cc50 f   c2_gm_hdlcodercpu_eml.obj
 0001:0003bf20       c2_c_sf_marshallIn         000000018003cf20 f   c2_gm_hdlcodercpu_eml.obj
 0001:0003bfd0       c2_d_sf_marshallOut        000000018003cfd0 f   c2_gm_hdlcodercpu_eml.obj
 0001:0003c2a0       c2_d_sf_marshallIn         000000018003d2a0 f   c2_gm_hdlcodercpu_eml.obj
 0001:0003c350       c2_e_sf_marshallOut        000000018003d350 f   c2_gm_hdlcodercpu_eml.obj
 0001:0003c470       c2_e_sf_marshallIn         000000018003d470 f   c2_gm_hdlcodercpu_eml.obj
 0001:0003c510       c2_f_sf_marshallOut        000000018003d510 f   c2_gm_hdlcodercpu_eml.obj
 0001:0003c630       c2_f_sf_marshallIn         000000018003d630 f   c2_gm_hdlcodercpu_eml.obj
 0001:0003c6d0       c2_m_sf_marshallOut        000000018003d6d0 f   c2_gm_hdlcodercpu_eml.obj
 0001:0003c930       c2_m_sf_marshallIn         000000018003d930 f   c2_gm_hdlcodercpu_eml.obj
 0001:0003c9e0       c2_y_emlrt_marshallIn      000000018003d9e0 f   c2_gm_hdlcodercpu_eml.obj
 0001:0003cb30       c2_n_sf_marshallOut        000000018003db30 f   c2_gm_hdlcodercpu_eml.obj
 0001:0003cda0       c2_o_sf_marshallOut        000000018003dda0 f   c2_gm_hdlcodercpu_eml.obj
 0001:0003d000       c2_p_sf_marshallOut        000000018003e000 f   c2_gm_hdlcodercpu_eml.obj
 0001:0003d0b0       c2_n_sf_marshallIn         000000018003e0b0 f   c2_gm_hdlcodercpu_eml.obj
 0001:0003d150       c2_ab_emlrt_marshallIn     000000018003e150 f   c2_gm_hdlcodercpu_eml.obj
 0001:0003d1e0       c2_q_sf_marshallOut        000000018003e1e0 f   c2_gm_hdlcodercpu_eml.obj
 0001:0003d440       c2_o_sf_marshallIn         000000018003e440 f   c2_gm_hdlcodercpu_eml.obj
 0001:0003d4f0       c2_bb_emlrt_marshallIn     000000018003e4f0 f   c2_gm_hdlcodercpu_eml.obj
 0001:0003d640       c2_r_sf_marshallOut        000000018003e640 f   c2_gm_hdlcodercpu_eml.obj
 0001:0003d8a0       c2_p_sf_marshallIn         000000018003e8a0 f   c2_gm_hdlcodercpu_eml.obj
 0001:0003d950       c2_cb_emlrt_marshallIn     000000018003e950 f   c2_gm_hdlcodercpu_eml.obj
 0001:0003daa0       c2_t_sf_marshallOut        000000018003eaa0 f   c2_gm_hdlcodercpu_eml.obj
 0001:0003db40       c2_eml_fi_checkforconst    000000018003eb40 f   c2_gm_hdlcodercpu_eml.obj
 0001:0003db50       c2_b_eml_fi_checkforconst  000000018003eb50 f   c2_gm_hdlcodercpu_eml.obj
 0001:0003db60       c2_c_eml_fi_checkforconst  000000018003eb60 f   c2_gm_hdlcodercpu_eml.obj
 0001:0003db70       c2_d_eml_fi_checkforconst  000000018003eb70 f   c2_gm_hdlcodercpu_eml.obj
 0001:0003db80       c2_e_eml_fi_checkforconst  000000018003eb80 f   c2_gm_hdlcodercpu_eml.obj
 0001:0003db90       c2_logical                 000000018003eb90 f   c2_gm_hdlcodercpu_eml.obj
 0001:0003dc00       c2_uint8                   000000018003ec00 f   c2_gm_hdlcodercpu_eml.obj
 0001:0003dc80       c2_b_uint8                 000000018003ec80 f   c2_gm_hdlcodercpu_eml.obj
 0001:0003dce0       c2_c_uint8                 000000018003ece0 f   c2_gm_hdlcodercpu_eml.obj
 0001:0003dd40       c2_b_logical               000000018003ed40 f   c2_gm_hdlcodercpu_eml.obj
 0001:0003ddb0       c2_minus                   000000018003edb0 f   c2_gm_hdlcodercpu_eml.obj
 0001:0003ddf0       c2_eml_scalar_eg           000000018003edf0 f   c2_gm_hdlcodercpu_eml.obj
 0001:0003de00       c2_bitsrl                  000000018003ee00 f   c2_gm_hdlcodercpu_eml.obj
 0001:0003de60       c2_eml_switch_helper       000000018003ee60 f   c2_gm_hdlcodercpu_eml.obj
 0001:0003de70       c2_eml_feval               000000018003ee70 f   c2_gm_hdlcodercpu_eml.obj
 0001:0003df50       c2_f_eml_fi_checkforconst  000000018003ef50 f   c2_gm_hdlcodercpu_eml.obj
 0001:0003df60       c2_b_bitsrl                000000018003ef60 f   c2_gm_hdlcodercpu_eml.obj
 0001:0003dfc0       c2_bitand                  000000018003efc0 f   c2_gm_hdlcodercpu_eml.obj
 0001:0003e000       sf_opaque_get_sim_state_c2_gm_hdlcodercpu_eml 000000018003f000 f   c2_gm_hdlcodercpu_eml.obj
 0001:0003e020       sf_opaque_set_sim_state_c2_gm_hdlcodercpu_eml 000000018003f020 f   c2_gm_hdlcodercpu_eml.obj
 0001:0003e050       sf_opaque_terminate_c2_gm_hdlcodercpu_eml 000000018003f050 f   c2_gm_hdlcodercpu_eml.obj
 0001:0003e0f0       finalize_c2_gm_hdlcodercpu_eml 000000018003f0f0 f   c2_gm_hdlcodercpu_eml.obj
 0001:0003e170       sf_opaque_init_subchart_simstructs 000000018003f170 f   c2_gm_hdlcodercpu_eml.obj
 0001:0003e190       initSimStructsc2_gm_hdlcodercpu_eml 000000018003f190 f   c2_gm_hdlcodercpu_eml.obj
 0001:0003e1a0       mdlRTW_c2_gm_hdlcodercpu_eml 000000018003f1a0 f   c2_gm_hdlcodercpu_eml.obj
 0001:0003e250       c3_info_helper             000000018003f250 f   c3_gm_hdlcodercpu_eml.obj
 0001:00043a20       c3_emlrt_marshallOut       0000000180044a20 f   c3_gm_hdlcodercpu_eml.obj
 0001:00043ab0       c3_b_emlrt_marshallOut     0000000180044ab0 f   c3_gm_hdlcodercpu_eml.obj
 0001:000448f0       get_sim_state_c3_gm_hdlcodercpu_eml 00000001800458f0 f   c3_gm_hdlcodercpu_eml.obj
 0001:00044e10       sf_get_sim_state_info_c3_gm_hdlcodercpu_eml 0000000180045e10 f   c3_gm_hdlcodercpu_eml.obj
 0001:00044fe0       set_sim_state_c3_gm_hdlcodercpu_eml 0000000180045fe0 f   c3_gm_hdlcodercpu_eml.obj
 0001:000450f0       c3_update_debugger_state_c3_gm_hdlcodercpu_eml 00000001800460f0 f   c3_gm_hdlcodercpu_eml.obj
 0001:00045100       c3_emlrt_marshallIn        0000000180046100 f   c3_gm_hdlcodercpu_eml.obj
 0001:00045160       c3_b_emlrt_marshallIn      0000000180046160 f   c3_gm_hdlcodercpu_eml.obj
 0001:000452e0       c3_c_emlrt_marshallIn      00000001800462e0 f   c3_gm_hdlcodercpu_eml.obj
 0001:00045340       c3_d_emlrt_marshallIn      0000000180046340 f   c3_gm_hdlcodercpu_eml.obj
 0001:00045490       c3_g_emlrt_marshallIn      0000000180046490 f   c3_gm_hdlcodercpu_eml.obj
 0001:000454f0       c3_h_emlrt_marshallIn      00000001800464f0 f   c3_gm_hdlcodercpu_eml.obj
 0001:000455f0       mdlProcessParameters_c3_gm_hdlcodercpu_eml 00000001800465f0 f   c3_gm_hdlcodercpu_eml.obj
 0001:000456d0       initialize_params_c3_gm_hdlcodercpu_eml 00000001800466d0 f   c3_gm_hdlcodercpu_eml.obj
 0001:000456e0       mdlSetWorkWidths_c3_gm_hdlcodercpu_eml 00000001800466e0 f   c3_gm_hdlcodercpu_eml.obj
 0001:00045c10       sf_get_instance_specialization 0000000180046c10 f   c3_gm_hdlcodercpu_eml.obj
 0001:00045c20       mdlStart_c3_gm_hdlcodercpu_eml 0000000180046c20 f   c3_gm_hdlcodercpu_eml.obj
 0001:00045e50       init_dsm_address_info      0000000180046e50 f   c3_gm_hdlcodercpu_eml.obj
 0001:00045e60       chart_debug_initialization 0000000180046e60 f   c3_gm_hdlcodercpu_eml.obj
 0001:00046940       init_script_number_translation 0000000180047940 f   c3_gm_hdlcodercpu_eml.obj
 0001:00046960       c3_b_sf_marshallOut        0000000180047960 f   c3_gm_hdlcodercpu_eml.obj
 0001:00046bc0       c3_b_sf_marshallIn         0000000180047bc0 f   c3_gm_hdlcodercpu_eml.obj
 0001:00046c70       c3_h_sf_marshallOut        0000000180047c70 f   c3_gm_hdlcodercpu_eml.obj
 0001:00046ed0       sf_opaque_initialize_c3_gm_hdlcodercpu_eml 0000000180047ed0 f   c3_gm_hdlcodercpu_eml.obj
 0001:00046f10       initialize_c3_gm_hdlcodercpu_eml 0000000180047f10 f   c3_gm_hdlcodercpu_eml.obj
 0001:00047660       sf_opaque_enable_c3_gm_hdlcodercpu_eml 0000000180048660 f   c3_gm_hdlcodercpu_eml.obj
 0001:00047680       enable_c3_gm_hdlcodercpu_eml 0000000180048680 f   c3_gm_hdlcodercpu_eml.obj
 0001:000476b0       sf_opaque_disable_c3_gm_hdlcodercpu_eml 00000001800486b0 f   c3_gm_hdlcodercpu_eml.obj
 0001:000476d0       disable_c3_gm_hdlcodercpu_eml 00000001800486d0 f   c3_gm_hdlcodercpu_eml.obj
 0001:00047700       sf_opaque_gateway_c3_gm_hdlcodercpu_eml 0000000180048700 f   c3_gm_hdlcodercpu_eml.obj
 0001:00047720       sf_gateway_c3_gm_hdlcodercpu_eml 0000000180048720 f   c3_gm_hdlcodercpu_eml.obj
 0001:00047a00       c3_chartstep_c3_gm_hdlcodercpu_eml 0000000180048a00 f   c3_gm_hdlcodercpu_eml.obj
 0001:00048890       c3_sf_marshallOut          0000000180049890 f   c3_gm_hdlcodercpu_eml.obj
 0001:00048b60       c3_sf_marshallIn           0000000180049b60 f   c3_gm_hdlcodercpu_eml.obj
 0001:00048c10       c3_c_sf_marshallOut        0000000180049c10 f   c3_gm_hdlcodercpu_eml.obj
 0001:00048e70       c3_d_sf_marshallOut        0000000180049e70 f   c3_gm_hdlcodercpu_eml.obj
 0001:000490d0       c3_e_sf_marshallOut        000000018004a0d0 f   c3_gm_hdlcodercpu_eml.obj
 0001:00049180       c3_c_sf_marshallIn         000000018004a180 f   c3_gm_hdlcodercpu_eml.obj
 0001:00049220       c3_e_emlrt_marshallIn      000000018004a220 f   c3_gm_hdlcodercpu_eml.obj
 0001:000492b0       c3_f_sf_marshallOut        000000018004a2b0 f   c3_gm_hdlcodercpu_eml.obj
 0001:00049350       c3_eml_fi_checkforconst    000000018004a350 f   c3_gm_hdlcodercpu_eml.obj
 0001:00049360       sf_opaque_get_sim_state_c3_gm_hdlcodercpu_eml 000000018004a360 f   c3_gm_hdlcodercpu_eml.obj
 0001:00049380       sf_opaque_set_sim_state_c3_gm_hdlcodercpu_eml 000000018004a380 f   c3_gm_hdlcodercpu_eml.obj
 0001:000493b0       sf_opaque_terminate_c3_gm_hdlcodercpu_eml 000000018004a3b0 f   c3_gm_hdlcodercpu_eml.obj
 0001:00049450       finalize_c3_gm_hdlcodercpu_eml 000000018004a450 f   c3_gm_hdlcodercpu_eml.obj
 0001:00049490       sf_opaque_init_subchart_simstructs 000000018004a490 f   c3_gm_hdlcodercpu_eml.obj
 0001:000494b0       initSimStructsc3_gm_hdlcodercpu_eml 000000018004a4b0 f   c3_gm_hdlcodercpu_eml.obj
 0001:000494c0       mdlRTW_c3_gm_hdlcodercpu_eml 000000018004a4c0 f   c3_gm_hdlcodercpu_eml.obj
 0001:00049580       c4_info_helper             000000018004a580 f   c4_gm_hdlcodercpu_eml.obj
 0001:000531f0       c4_emlrt_marshallOut       00000001800541f0 f   c4_gm_hdlcodercpu_eml.obj
 0001:00053280       c4_b_emlrt_marshallOut     0000000180054280 f   c4_gm_hdlcodercpu_eml.obj
 0001:000532f0       c4_b_info_helper           00000001800542f0 f   c4_gm_hdlcodercpu_eml.obj
 0001:0005cf60       c4_c_info_helper           000000018005df60 f   c4_gm_hdlcodercpu_eml.obj
 0001:000648d0       get_sim_state_c4_gm_hdlcodercpu_eml 00000001800658d0 f   c4_gm_hdlcodercpu_eml.obj
 0001:00064da0       sf_get_sim_state_info_c4_gm_hdlcodercpu_eml 0000000180065da0 f   c4_gm_hdlcodercpu_eml.obj
 0001:00064f70       set_sim_state_c4_gm_hdlcodercpu_eml 0000000180065f70 f   c4_gm_hdlcodercpu_eml.obj
 0001:00065090       c4_update_debugger_state_c4_gm_hdlcodercpu_eml 0000000180066090 f   c4_gm_hdlcodercpu_eml.obj
 0001:000650a0       c4_b_emlrt_marshallIn      00000001800660a0 f   c4_gm_hdlcodercpu_eml.obj
 0001:00065100       c4_c_emlrt_marshallIn      0000000180066100 f   c4_gm_hdlcodercpu_eml.obj
 0001:00065250       c4_f_emlrt_marshallIn      0000000180066250 f   c4_gm_hdlcodercpu_eml.obj
 0001:000652b0       c4_g_emlrt_marshallIn      00000001800662b0 f   c4_gm_hdlcodercpu_eml.obj
 0001:00065340       c4_l_emlrt_marshallIn      0000000180066340 f   c4_gm_hdlcodercpu_eml.obj
 0001:000653a0       c4_m_emlrt_marshallIn      00000001800663a0 f   c4_gm_hdlcodercpu_eml.obj
 0001:00065560       mdlProcessParameters_c4_gm_hdlcodercpu_eml 0000000180066560 f   c4_gm_hdlcodercpu_eml.obj
 0001:00065640       initialize_params_c4_gm_hdlcodercpu_eml 0000000180066640 f   c4_gm_hdlcodercpu_eml.obj
 0001:00065650       mdlSetWorkWidths_c4_gm_hdlcodercpu_eml 0000000180066650 f   c4_gm_hdlcodercpu_eml.obj
 0001:00065bb0       sf_get_instance_specialization 0000000180066bb0 f   c4_gm_hdlcodercpu_eml.obj
[...]
 0001:00094bd0       set_sim_state_c7_gm_hdlcodercpu_eml 0000000180095bd0 f   c7_gm_hdlcodercpu_eml.obj
 0001:00094ce0       c7_update_debugger_state_c7_gm_hdlcodercpu_eml 0000000180095ce0 f   c7_gm_hdlcodercpu_eml.obj
 0001:00094cf0       c7_emlrt_marshallIn        0000000180095cf0 f   c7_gm_hdlcodercpu_eml.obj
 0001:00094d50       c7_b_emlrt_marshallIn      0000000180095d50 f   c7_gm_hdlcodercpu_eml.obj
 0001:00094ed0       c7_c_emlrt_marshallIn      0000000180095ed0 f   c7_gm_hdlcodercpu_eml.obj
 0001:00094f30       c7_d_emlrt_marshallIn      0000000180095f30 f   c7_gm_hdlcodercpu_eml.obj
 0001:00095080       c7_g_emlrt_marshallIn      0000000180096080 f   c7_gm_hdlcodercpu_eml.obj
 0001:000950e0       c7_h_emlrt_marshallIn      00000001800960e0 f   c7_gm_hdlcodercpu_eml.obj
 0001:000951e0       mdlProcessParameters_c7_gm_hdlcodercpu_eml 00000001800961e0 f   c7_gm_hdlcodercpu_eml.obj
 0001:000952c0       initialize_params_c7_gm_hdlcodercpu_eml 00000001800962c0 f   c7_gm_hdlcodercpu_eml.obj
 0001:000952d0       mdlSetWorkWidths_c7_gm_hdlcodercpu_eml 00000001800962d0 f   c7_gm_hdlcodercpu_eml.obj
 0001:000957d0       sf_get_instance_specialization 00000001800967d0 f   c7_gm_hdlcodercpu_eml.obj
 0001:000957e0       mdlStart_c7_gm_hdlcodercpu_eml 00000001800967e0 f   c7_gm_hdlcodercpu_eml.obj
 0001:00095a10       init_dsm_address_info      0000000180096a10 f   c7_gm_hdlcodercpu_eml.obj
 0001:00095a20       chart_debug_initialization 0000000180096a20 f   c7_gm_hdlcodercpu_eml.obj
 0001:000963b0       init_script_number_translation 00000001800973b0 f   c7_gm_hdlcodercpu_eml.obj
 0001:000963d0       c7_b_sf_marshallOut        00000001800973d0 f   c7_gm_hdlcodercpu_eml.obj
 0001:00096630       c7_b_sf_marshallIn         0000000180097630 f   c7_gm_hdlcodercpu_eml.obj
 0001:000966e0       c7_h_sf_marshallOut        00000001800976e0 f   c7_gm_hdlcodercpu_eml.obj
 0001:00096940       sf_opaque_initialize_c7_gm_hdlcodercpu_eml 0000000180097940 f   c7_gm_hdlcodercpu_eml.obj
 0001:00096980       initialize_c7_gm_hdlcodercpu_eml 0000000180097980 f   c7_gm_hdlcodercpu_eml.obj
 0001:00097130       sf_opaque_enable_c7_gm_hdlcodercpu_eml 0000000180098130 f   c7_gm_hdlcodercpu_eml.obj
 0001:00097150       enable_c7_gm_hdlcodercpu_eml 0000000180098150 f   c7_gm_hdlcodercpu_eml.obj
 0001:00097180       sf_opaque_disable_c7_gm_hdlcodercpu_eml 0000000180098180 f   c7_gm_hdlcodercpu_eml.obj
 0001:000971a0       disable_c7_gm_hdlcodercpu_eml 00000001800981a0 f   c7_gm_hdlcodercpu_eml.obj
 0001:000971d0       sf_opaque_gateway_c7_gm_hdlcodercpu_eml 00000001800981d0 f   c7_gm_hdlcodercpu_eml.obj
 0001:000971f0       sf_gateway_c7_gm_hdlcodercpu_eml 00000001800981f0 f   c7_gm_hdlcodercpu_eml.obj
 0001:00097460       c7_chartstep_c7_gm_hdlcodercpu_eml 0000000180098460 f   c7_gm_hdlcodercpu_eml.obj
 0001:000982a0       c7_sf_marshallOut          00000001800992a0 f   c7_gm_hdlcodercpu_eml.obj
 0001:00098570       c7_sf_marshallIn           0000000180099570 f   c7_gm_hdlcodercpu_eml.obj
 0001:00098620       c7_c_sf_marshallOut        0000000180099620 f   c7_gm_hdlcodercpu_eml.obj
 0001:00098880       c7_d_sf_marshallOut        0000000180099880 f   c7_gm_hdlcodercpu_eml.obj
 0001:00098ae0       c7_e_sf_marshallOut        0000000180099ae0 f   c7_gm_hdlcodercpu_eml.obj
 0001:00098b90       c7_c_sf_marshallIn         0000000180099b90 f   c7_gm_hdlcodercpu_eml.obj
 0001:00098c30       c7_e_emlrt_marshallIn      0000000180099c30 f   c7_gm_hdlcodercpu_eml.obj
 0001:00098cc0       c7_f_sf_marshallOut        0000000180099cc0 f   c7_gm_hdlcodercpu_eml.obj
 0001:00098d60       c7_eml_fi_checkforconst    0000000180099d60 f   c7_gm_hdlcodercpu_eml.obj
 0001:00098d70       c7_uint8                   0000000180099d70 f   c7_gm_hdlcodercpu_eml.obj
 0001:00098dd0       c7_eml_scalar_eg           0000000180099dd0 f   c7_gm_hdlcodercpu_eml.obj
 0001:00098de0       sf_opaque_get_sim_state_c7_gm_hdlcodercpu_eml 0000000180099de0 f   c7_gm_hdlcodercpu_eml.obj
 0001:00098e00       sf_opaque_set_sim_state_c7_gm_hdlcodercpu_eml 0000000180099e00 f   c7_gm_hdlcodercpu_eml.obj
 0001:00098e30       sf_opaque_terminate_c7_gm_hdlcodercpu_eml 0000000180099e30 f   c7_gm_hdlcodercpu_eml.obj
 0001:00098ed0       finalize_c7_gm_hdlcodercpu_eml 0000000180099ed0 f   c7_gm_hdlcodercpu_eml.obj
 0001:00098f10       sf_opaque_init_subchart_simstructs 0000000180099f10 f   c7_gm_hdlcodercpu_eml.obj
 0001:00098f30       initSimStructsc7_gm_hdlcodercpu_eml 0000000180099f30 f   c7_gm_hdlcodercpu_eml.obj
 0001:00098f40       mdlRTW_c7_gm_hdlcodercpu_eml 0000000180099f40 f   c7_gm_hdlcodercpu_eml.obj
 0001:00099000       c8_info_helper             000000018009a000 f   c8_gm_hdlcodercpu_eml.obj
 0001:000a2c70       c8_emlrt_marshallOut       00000001800a3c70 f   c8_gm_hdlcodercpu_eml.obj
 0001:000a2d00       c8_b_emlrt_marshallOut     00000001800a3d00 f   c8_gm_hdlcodercpu_eml.obj
 0001:000a2d70       c8_b_info_helper           00000001800a3d70 f   c8_gm_hdlcodercpu_eml.obj
 0001:000ac9e0       c8_c_info_helper           00000001800ad9e0 f   c8_gm_hdlcodercpu_eml.obj
 0001:000ae8a0       get_sim_state_c8_gm_hdlcodercpu_eml 00000001800af8a0 f   c8_gm_hdlcodercpu_eml.obj
 0001:000aed70       sf_get_sim_state_info_c8_gm_hdlcodercpu_eml 00000001800afd70 f   c8_gm_hdlcodercpu_eml.obj
 0001:000aef40       set_sim_state_c8_gm_hdlcodercpu_eml 00000001800aff40 f   c8_gm_hdlcodercpu_eml.obj
 0001:000af060       c8_update_debugger_state_c8_gm_hdlcodercpu_eml 00000001800b0060 f   c8_gm_hdlcodercpu_eml.obj
 0001:000af070       c8_e_emlrt_marshallIn      00000001800b0070 f   c8_gm_hdlcodercpu_eml.obj
 0001:000af0d0       c8_f_emlrt_marshallIn      00000001800b00d0 f   c8_gm_hdlcodercpu_eml.obj
 0001:000af160       c8_i_emlrt_marshallIn      00000001800b0160 f   c8_gm_hdlcodercpu_eml.obj
 0001:000af1c0       c8_j_emlrt_marshallIn      00000001800b01c0 f   c8_gm_hdlcodercpu_eml.obj
 0001:000af310       c8_k_emlrt_marshallIn      00000001800b0310 f   c8_gm_hdlcodercpu_eml.obj
 0001:000af370       c8_l_emlrt_marshallIn      00000001800b0370 f   c8_gm_hdlcodercpu_eml.obj
 0001:000af530       mdlProcessParameters_c8_gm_hdlcodercpu_eml 00000001800b0530 f   c8_gm_hdlcodercpu_eml.obj
 0001:000af610       initialize_params_c8_gm_hdlcodercpu_eml 00000001800b0610 f   c8_gm_hdlcodercpu_eml.obj
 0001:000af620       mdlSetWorkWidths_c8_gm_hdlcodercpu_eml 00000001800b0620 f   c8_gm_hdlcodercpu_eml.obj
 0001:000afb50       sf_get_instance_specialization 00000001800b0b50 f   c8_gm_hdlcodercpu_eml.obj
 0001:000afb60       mdlStart_c8_gm_hdlcodercpu_eml 00000001800b0b60 f   c8_gm_hdlcodercpu_eml.obj
 0001:000afd90       init_dsm_address_info      00000001800b0d90 f   c8_gm_hdlcodercpu_eml.obj
 0001:000afda0       chart_debug_initialization 00000001800b0da0 f   c8_gm_hdlcodercpu_eml.obj
 0001:000b0980       init_script_number_translation 00000001800b1980 f   c8_gm_hdlcodercpu_eml.obj
 0001:000b09a0       c8_j_sf_marshallOut        00000001800b19a0 f   c8_gm_hdlcodercpu_eml.obj
 0001:000b0c00       c8_h_sf_marshallIn         00000001800b1c00 f   c8_gm_hdlcodercpu_eml.obj
 0001:000b0cb0       c8_k_sf_marshallOut        00000001800b1cb0 f   c8_gm_hdlcodercpu_eml.obj
 0001:000b0f10       c8_l_sf_marshallOut        00000001800b1f10 f   c8_gm_hdlcodercpu_eml.obj
 0001:000b1170       c8_i_sf_marshallIn         00000001800b2170 f   c8_gm_hdlcodercpu_eml.obj
 0001:000b1220       sf_opaque_initialize_c8_gm_hdlcodercpu_eml 00000001800b2220 f   c8_gm_hdlcodercpu_eml.obj
 0001:000b1260       initialize_c8_gm_hdlcodercpu_eml 00000001800b2260 f   c8_gm_hdlcodercpu_eml.obj
 0001:000b1c80       sf_opaque_enable_c8_gm_hdlcodercpu_eml 00000001800b2c80 f   c8_gm_hdlcodercpu_eml.obj
 0001:000b1ca0       enable_c8_gm_hdlcodercpu_eml 00000001800b2ca0 f   c8_gm_hdlcodercpu_eml.obj
 0001:000b1cd0       sf_opaque_disable_c8_gm_hdlcodercpu_eml 00000001800b2cd0 f   c8_gm_hdlcodercpu_eml.obj
 0001:000b1cf0       disable_c8_gm_hdlcodercpu_eml 00000001800b2cf0 f   c8_gm_hdlcodercpu_eml.obj
 0001:000b1d20       sf_opaque_gateway_c8_gm_hdlcodercpu_eml 00000001800b2d20 f   c8_gm_hdlcodercpu_eml.obj
 0001:000b1d40       sf_gateway_c8_gm_hdlcodercpu_eml 00000001800b2d40 f   c8_gm_hdlcodercpu_eml.obj
 0001:000b2090       c8_chartstep_c8_gm_hdlcodercpu_eml 00000001800b3090 f   c8_gm_hdlcodercpu_eml.obj
 0001:000b3300       c8_sf_marshallOut          00000001800b4300 f   c8_gm_hdlcodercpu_eml.obj
 0001:000b3560       c8_sf_marshallIn           00000001800b4560 f   c8_gm_hdlcodercpu_eml.obj
 0001:000b3610       c8_emlrt_marshallIn        00000001800b4610 f   c8_gm_hdlcodercpu_eml.obj
 0001:000b3760       c8_b_sf_marshallOut        00000001800b4760 f   c8_gm_hdlcodercpu_eml.obj
 0001:000b39c0       c8_b_sf_marshallIn         00000001800b49c0 f   c8_gm_hdlcodercpu_eml.obj
 0001:000b3a70       c8_b_emlrt_marshallIn      00000001800b4a70 f   c8_gm_hdlcodercpu_eml.obj
 0001:000b3bc0       c8_c_sf_marshallOut        00000001800b4bc0 f   c8_gm_hdlcodercpu_eml.obj
 0001:000b3e20       c8_d_sf_marshallOut        00000001800b4e20 f   c8_gm_hdlcodercpu_eml.obj
 0001:000b3ed0       c8_c_sf_marshallIn         00000001800b4ed0 f   c8_gm_hdlcodercpu_eml.obj
 0001:000b3f70       c8_c_emlrt_marshallIn      00000001800b4f70 f   c8_gm_hdlcodercpu_eml.obj
 0001:000b4000       c8_e_sf_marshallOut        00000001800b5000 f   c8_gm_hdlcodercpu_eml.obj
 0001:000b4260       c8_d_sf_marshallIn         00000001800b5260 f   c8_gm_hdlcodercpu_eml.obj
 0001:000b4310       c8_d_emlrt_marshallIn      00000001800b5310 f   c8_gm_hdlcodercpu_eml.obj
 0001:000b4460       c8_f_sf_marshallOut        00000001800b5460 f   c8_gm_hdlcodercpu_eml.obj
 0001:000b4510       c8_e_sf_marshallIn         00000001800b5510 f   c8_gm_hdlcodercpu_eml.obj
 0001:000b45b0       c8_g_sf_marshallOut        00000001800b55b0 f   c8_gm_hdlcodercpu_eml.obj
 0001:000b4810       c8_f_sf_marshallIn         00000001800b5810 f   c8_gm_hdlcodercpu_eml.obj
 0001:000b48c0       c8_g_emlrt_marshallIn      00000001800b58c0 f   c8_gm_hdlcodercpu_eml.obj
 0001:000b4a10       c8_h_sf_marshallOut        00000001800b5a10 f   c8_gm_hdlcodercpu_eml.obj
 0001:000b4ab0       c8_uint8                   00000001800b5ab0 f   c8_gm_hdlcodercpu_eml.obj
 0001:000b4b10       c8_bitsra                  00000001800b5b10 f   c8_gm_hdlcodercpu_eml.obj
 0001:000b4b60       c8_bitsll                  00000001800b5b60 f   c8_gm_hdlcodercpu_eml.obj
 0001:000b4bb0       c8_bitxor                  00000001800b5bb0 f   c8_gm_hdlcodercpu_eml.obj
 0001:000b4bf0       c8_all                     00000001800b5bf0 f   c8_gm_hdlcodercpu_eml.obj
 0001:000b4c70       sf_opaque_get_sim_state_c8_gm_hdlcodercpu_eml 00000001800b5c70 f   c8_gm_hdlcodercpu_eml.obj
 0001:000b4c90       sf_opaque_set_sim_state_c8_gm_hdlcodercpu_eml 00000001800b5c90 f   c8_gm_hdlcodercpu_eml.obj
 0001:000b4cc0       sf_opaque_terminate_c8_gm_hdlcodercpu_eml 00000001800b5cc0 f   c8_gm_hdlcodercpu_eml.obj
 0001:000b4d60       finalize_c8_gm_hdlcodercpu_eml 00000001800b5d60 f   c8_gm_hdlcodercpu_eml.obj
 0001:000b4db0       sf_opaque_init_subchart_simstructs 00000001800b5db0 f   c8_gm_hdlcodercpu_eml.obj
 0001:000b4dd0       initSimStructsc8_gm_hdlcodercpu_eml 00000001800b5dd0 f   c8_gm_hdlcodercpu_eml.obj
 0001:000b4de0       mdlRTW_c8_gm_hdlcodercpu_eml 00000001800b5de0 f   c8_gm_hdlcodercpu_eml.obj
 0001:000b4ea0       c9_info_helper             00000001800b5ea0 f   c9_gm_hdlcodercpu_eml.obj
 0001:000beb10       c9_emlrt_marshallOut       00000001800bfb10 f   c9_gm_hdlcodercpu_eml.obj
 0001:000beba0       c9_b_emlrt_marshallOut     00000001800bfba0 f   c9_gm_hdlcodercpu_eml.obj
 0001:000bec10       c9_b_info_helper           00000001800bfc10 f   c9_gm_hdlcodercpu_eml.obj
 0001:000c1e20       get_sim_state_c9_gm_hdlcodercpu_eml 00000001800c2e20 f   c9_gm_hdlcodercpu_eml.obj
 0001:000c2120       sf_get_sim_state_info_c9_gm_hdlcodercpu_eml 00000001800c3120 f   c9_gm_hdlcodercpu_eml.obj
 0001:000c22f0       set_sim_state_c9_gm_hdlcodercpu_eml 00000001800c32f0 f   c9_gm_hdlcodercpu_eml.obj
 0001:000c23c0       c9_update_debugger_state_c9_gm_hdlcodercpu_eml 00000001800c33c0 f   c9_gm_hdlcodercpu_eml.obj
 0001:000c23d0       c9_emlrt_marshallIn        00000001800c33d0 f   c9_gm_hdlcodercpu_eml.obj
 0001:000c2430       c9_b_emlrt_marshallIn      00000001800c3430 f   c9_gm_hdlcodercpu_eml.obj
 0001:000c2580       c9_e_emlrt_marshallIn      00000001800c3580 f   c9_gm_hdlcodercpu_eml.obj
 0001:000c25e0       c9_f_emlrt_marshallIn      00000001800c35e0 f   c9_gm_hdlcodercpu_eml.obj
 0001:000c26e0       mdlProcessParameters_c9_gm_hdlcodercpu_eml 00000001800c36e0 f   c9_gm_hdlcodercpu_eml.obj
 0001:000c27c0       initialize_params_c9_gm_hdlcodercpu_eml 00000001800c37c0 f   c9_gm_hdlcodercpu_eml.obj
 0001:000c27d0       mdlSetWorkWidths_c9_gm_hdlcodercpu_eml 00000001800c37d0 f   c9_gm_hdlcodercpu_eml.obj
 0001:000c2cd0       sf_get_instance_specialization 00000001800c3cd0 f   c9_gm_hdlcodercpu_eml.obj
 0001:000c2ce0       mdlStart_c9_gm_hdlcodercpu_eml 00000001800c3ce0 f   c9_gm_hdlcodercpu_eml.obj
 0001:000c2f10       init_dsm_address_info      00000001800c3f10 f   c9_gm_hdlcodercpu_eml.obj
 0001:000c2f20       chart_debug_initialization 00000001800c3f20 f   c9_gm_hdlcodercpu_eml.obj
 0001:000c37c0       init_script_number_translation 00000001800c47c0 f   c9_gm_hdlcodercpu_eml.obj
 0001:000c37e0       c9_sf_marshallOut          00000001800c47e0 f   c9_gm_hdlcodercpu_eml.obj
 0001:000c3a40       c9_sf_marshallIn           00000001800c4a40 f   c9_gm_hdlcodercpu_eml.obj
 0001:000c3af0       c9_g_sf_marshallOut        00000001800c4af0 f   c9_gm_hdlcodercpu_eml.obj
 0001:000c3d50       sf_opaque_initialize_c9_gm_hdlcodercpu_eml 00000001800c4d50 f   c9_gm_hdlcodercpu_eml.obj
 0001:000c3d90       initialize_c9_gm_hdlcodercpu_eml 00000001800c4d90 f   c9_gm_hdlcodercpu_eml.obj
 0001:000c44d0       sf_opaque_enable_c9_gm_hdlcodercpu_eml 00000001800c54d0 f   c9_gm_hdlcodercpu_eml.obj
 0001:000c44f0       enable_c9_gm_hdlcodercpu_eml 00000001800c54f0 f   c9_gm_hdlcodercpu_eml.obj
 0001:000c4520       sf_opaque_disable_c9_gm_hdlcodercpu_eml 00000001800c5520 f   c9_gm_hdlcodercpu_eml.obj
 0001:000c4540       disable_c9_gm_hdlcodercpu_eml 00000001800c5540 f   c9_gm_hdlcodercpu_eml.obj
 0001:000c4570       sf_opaque_gateway_c9_gm_hdlcodercpu_eml 00000001800c5570 f   c9_gm_hdlcodercpu_eml.obj
 0001:000c4590       sf_gateway_c9_gm_hdlcodercpu_eml 00000001800c5590 f   c9_gm_hdlcodercpu_eml.obj
 0001:000c4800       c9_chartstep_c9_gm_hdlcodercpu_eml 00000001800c5800 f   c9_gm_hdlcodercpu_eml.obj
 0001:000c4f50       c9_b_sf_marshallOut        00000001800c5f50 f   c9_gm_hdlcodercpu_eml.obj
 0001:000c51b0       c9_c_sf_marshallOut        00000001800c61b0 f   c9_gm_hdlcodercpu_eml.obj
 0001:000c5410       c9_d_sf_marshallOut        00000001800c6410 f   c9_gm_hdlcodercpu_eml.obj
 0001:000c54c0       c9_b_sf_marshallIn         00000001800c64c0 f   c9_gm_hdlcodercpu_eml.obj
 0001:000c5560       c9_c_emlrt_marshallIn      00000001800c6560 f   c9_gm_hdlcodercpu_eml.obj
 0001:000c55f0       c9_e_sf_marshallOut        00000001800c65f0 f   c9_gm_hdlcodercpu_eml.obj
 0001:000c5690       sf_opaque_get_sim_state_c9_gm_hdlcodercpu_eml 00000001800c6690 f   c9_gm_hdlcodercpu_eml.obj
 0001:000c56b0       sf_opaque_set_sim_state_c9_gm_hdlcodercpu_eml 00000001800c66b0 f   c9_gm_hdlcodercpu_eml.obj
 0001:000c56e0       sf_opaque_terminate_c9_gm_hdlcodercpu_eml 00000001800c66e0 f   c9_gm_hdlcodercpu_eml.obj
 0001:000c5780       finalize_c9_gm_hdlcodercpu_eml 00000001800c6780 f   c9_gm_hdlcodercpu_eml.obj
 0001:000c57c0       sf_opaque_init_subchart_simstructs 00000001800c67c0 f   c9_gm_hdlcodercpu_eml.obj
 0001:000c57e0       initSimStructsc9_gm_hdlcodercpu_eml 00000001800c67e0 f   c9_gm_hdlcodercpu_eml.obj
 0001:000c57f0       mdlRTW_c9_gm_hdlcodercpu_eml 00000001800c67f0 f   c9_gm_hdlcodercpu_eml.obj
 0001:000c6160       getChartInfoFromSimStruct  00000001800c7160 f   gm_hdlcodercpu_eml_sfun_registry.obj
 0001:000c7800       _ssFatalError              00000001800c8800 f   gm_hdlcodercpu_eml_sfun_registry.obj
 0001:000ca8b0       ProcessMexSfunctionCmdLineCall 00000001800cb8b0 f   gm_hdlcodercpu_eml_sfun_registry.obj
 0001:000ca9e0       sf_debug_api_wrapper       00000001800cb9e0 f   gm_hdlcodercpu_eml_sfun_registry.obj
 0001:000caa30       mdlStart                   00000001800cba30 f   gm_hdlcodercpu_eml_sfun_registry.obj
 0001:000caa60       mdl_start_processing       00000001800cba60 f   gm_hdlcodercpu_eml_sfun_registry.obj
 0001:000caaf0       mdlTerminate               00000001800cbaf0 f   gm_hdlcodercpu_eml_sfun_registry.obj
 0001:000cab20       mdl_terminate_processing   00000001800cbb20 f   gm_hdlcodercpu_eml_sfun_registry.obj
 0001:000caba0       mdlInitializeSampleTimes   00000001800cbba0 f   gm_hdlcodercpu_eml_sfun_registry.obj
 0001:000cabd0       mdlZeroCrossings           00000001800cbbd0 f   gm_hdlcodercpu_eml_sfun_registry.obj
 0001:000cac00       mdl_zeroCrossings_processing 00000001800cbc00 f   gm_hdlcodercpu_eml_sfun_registry.obj
 0001:000cac40       mdlDerivatives             00000001800cbc40 f   gm_hdlcodercpu_eml_sfun_registry.obj
 0001:000cac70       mdl_derivatives_processing 00000001800cbc70 f   gm_hdlcodercpu_eml_sfun_registry.obj
 0001:000cacc0       mdlInitializeConditions    00000001800cbcc0 f   gm_hdlcodercpu_eml_sfun_registry.obj
 0001:000cacf0       mdl_initialize_conditions_processing 00000001800cbcf0 f   gm_hdlcodercpu_eml_sfun_registry.obj
 0001:000cad40       mdlEnable                  00000001800cbd40 f   gm_hdlcodercpu_eml_sfun_registry.obj
 0001:000cad70       mdl_enable_processing      00000001800cbd70 f   gm_hdlcodercpu_eml_sfun_registry.obj
 0001:000cadb0       mdlDisable                 00000001800cbdb0 f   gm_hdlcodercpu_eml_sfun_registry.obj
 0001:000cade0       mdl_disable_processing     00000001800cbde0 f   gm_hdlcodercpu_eml_sfun_registry.obj
 0001:000cae20       mdlOutputs                 00000001800cbe20 f   gm_hdlcodercpu_eml_sfun_registry.obj
 0001:000cae50       mdl_outputs_processing     00000001800cbe50 f   gm_hdlcodercpu_eml_sfun_registry.obj
 0001:000caf30       mdl_outputs_continuous_legacy 00000001800cbf30 f   gm_hdlcodercpu_eml_sfun_registry.obj
 0001:000cb020       mdlGetTimeOfNextVarHit     00000001800cc020 f   gm_hdlcodercpu_eml_sfun_registry.obj
 0001:000cb070       _ProcessMexSfunctionCmdLineCall 00000001800cc070 f   gm_hdlcodercpu_eml_sfun_registry.obj
 0001:000cb7c0       mdlSetWorkWidths           00000001800cc7c0 f   gm_hdlcodercpu_eml_sfun_registry.obj
 0001:000cb7f0       mdlProcessParameters       00000001800cc7f0 f   gm_hdlcodercpu_eml_sfun_registry.obj
 0001:000cb820       mdlInitializeSizes         00000001800cc820 f   gm_hdlcodercpu_eml_sfun_registry.obj
 0001:000cb850       mdlExtModeExec             00000001800cc850 f   gm_hdlcodercpu_eml_sfun_registry.obj
 0001:000cb880       mdl_ext_mode_exec_processing 00000001800cc880 f   gm_hdlcodercpu_eml_sfun_registry.obj
 0001:000cb8c0       mdlRTW                     00000001800cc8c0 f   gm_hdlcodercpu_eml_sfun_registry.obj
 0001:000cb900       _CreateSimStruct           00000001800cc900 f   gm_hdlcodercpu_eml_sfun_registry.obj
 0001:000cba90       _RegNumInputPortsCB        00000001800cca90 f   gm_hdlcodercpu_eml_sfun_registry.obj
 0001:000cbb10       _RegNumOutputPortsCB       00000001800ccb10 f   gm_hdlcodercpu_eml_sfun_registry.obj
 0001:000cc0b8       pre_c_init                 00000001800cd0b8 f   MSVCRT:crtdll.obj
 0001:000cc374       __DllMainCRTStartup        00000001800cd374 f   MSVCRT:crtdll.obj
 0001:000cc9e0       __DllMainCRTStartup$filt$0 00000001800cd9e0 f   MSVCRT:crtdll.obj
 0001:000cca10       __DllMainCRTStartup$fin$1  00000001800cda10 f   MSVCRT:crtdll.obj
 0001:000cca2a       _onexit$fin$0              00000001800cda2a f   MSVCRT:atonexit.obj
 0001:000cca50       _IsNonwritableInCurrentImage$filt$0 00000001800cda50 f   MSVCRT:pesect.obj
