------------------------------------------------------------
TimeQuest Timing Analyzer Summary
------------------------------------------------------------

Type  : Slow 1100mV 85C Model Setup 'clock'
Slack : -9.743
TNS   : -16675.246

Type  : Slow 1100mV 85C Model Hold 'clock'
Slack : 0.469
TNS   : 0.000

Type  : Slow 1100mV 85C Model Minimum Pulse Width 'clock'
Slack : -0.724
TNS   : -2473.559

Type  : Slow 1100mV 0C Model Setup 'clock'
Slack : -9.708
TNS   : -15907.596

Type  : Slow 1100mV 0C Model Hold 'clock'
Slack : 0.399
TNS   : 0.000

Type  : Slow 1100mV 0C Model Minimum Pulse Width 'clock'
Slack : -0.724
TNS   : -2450.357

Type  : Fast 1100mV 85C Model Setup 'clock'
Slack : -4.107
TNS   : -6249.813

Type  : Fast 1100mV 85C Model Hold 'clock'
Slack : 0.197
TNS   : 0.000

Type  : Fast 1100mV 85C Model Minimum Pulse Width 'clock'
Slack : -0.084
TNS   : -166.685

Type  : Fast 1100mV 0C Model Setup 'clock'
Slack : -3.570
TNS   : -5382.215

Type  : Fast 1100mV 0C Model Hold 'clock'
Slack : 0.189
TNS   : 0.000

Type  : Fast 1100mV 0C Model Minimum Pulse Width 'clock'
Slack : -0.084
TNS   : -170.398

------------------------------------------------------------
